Archive member included to satisfy reference by file (symbol)

D:/STM32CubeIDE_1.14.0/STM32CubeIDE/plugins/com.st.stm32cube.ide.mcu.externaltools.gnu-tools-for-stm32.11.3.rel1.win32_1.1.100.202309141235/tools/bin/../lib/gcc/arm-none-eabi/11.3.1/../../../../arm-none-eabi/lib/thumb/v7e-m+fp/hard\libc_nano.a(libc_a-exit.o)
                              D:/STM32CubeIDE_1.14.0/STM32CubeIDE/plugins/com.st.stm32cube.ide.mcu.externaltools.gnu-tools-for-stm32.11.3.rel1.win32_1.1.100.202309141235/tools/bin/../lib/gcc/arm-none-eabi/11.3.1/../../../../arm-none-eabi/lib/thumb/v7e-m+fp/hard/crt0.o (exit)
D:/STM32CubeIDE_1.14.0/STM32CubeIDE/plugins/com.st.stm32cube.ide.mcu.externaltools.gnu-tools-for-stm32.11.3.rel1.win32_1.1.100.202309141235/tools/bin/../lib/gcc/arm-none-eabi/11.3.1/../../../../arm-none-eabi/lib/thumb/v7e-m+fp/hard\libc_nano.a(libc_a-findfp.o)
                              D:/STM32CubeIDE_1.14.0/STM32CubeIDE/plugins/com.st.stm32cube.ide.mcu.externaltools.gnu-tools-for-stm32.11.3.rel1.win32_1.1.100.202309141235/tools/bin/../lib/gcc/arm-none-eabi/11.3.1/../../../../arm-none-eabi/lib/thumb/v7e-m+fp/hard\libc_nano.a(libc_a-exit.o) (__stdio_exit_handler)
D:/STM32CubeIDE_1.14.0/STM32CubeIDE/plugins/com.st.stm32cube.ide.mcu.externaltools.gnu-tools-for-stm32.11.3.rel1.win32_1.1.100.202309141235/tools/bin/../lib/gcc/arm-none-eabi/11.3.1/../../../../arm-none-eabi/lib/thumb/v7e-m+fp/hard\libc_nano.a(libc_a-fwalk.o)
                              D:/STM32CubeIDE_1.14.0/STM32CubeIDE/plugins/com.st.stm32cube.ide.mcu.externaltools.gnu-tools-for-stm32.11.3.rel1.win32_1.1.100.202309141235/tools/bin/../lib/gcc/arm-none-eabi/11.3.1/../../../../arm-none-eabi/lib/thumb/v7e-m+fp/hard\libc_nano.a(libc_a-findfp.o) (_fwalk_sglue)
D:/STM32CubeIDE_1.14.0/STM32CubeIDE/plugins/com.st.stm32cube.ide.mcu.externaltools.gnu-tools-for-stm32.11.3.rel1.win32_1.1.100.202309141235/tools/bin/../lib/gcc/arm-none-eabi/11.3.1/../../../../arm-none-eabi/lib/thumb/v7e-m+fp/hard\libc_nano.a(libc_a-stdio.o)
                              D:/STM32CubeIDE_1.14.0/STM32CubeIDE/plugins/com.st.stm32cube.ide.mcu.externaltools.gnu-tools-for-stm32.11.3.rel1.win32_1.1.100.202309141235/tools/bin/../lib/gcc/arm-none-eabi/11.3.1/../../../../arm-none-eabi/lib/thumb/v7e-m+fp/hard\libc_nano.a(libc_a-findfp.o) (__sread)
D:/STM32CubeIDE_1.14.0/STM32CubeIDE/plugins/com.st.stm32cube.ide.mcu.externaltools.gnu-tools-for-stm32.11.3.rel1.win32_1.1.100.202309141235/tools/bin/../lib/gcc/arm-none-eabi/11.3.1/../../../../arm-none-eabi/lib/thumb/v7e-m+fp/hard\libc_nano.a(libc_a-memset.o)
                              D:/STM32CubeIDE_1.14.0/STM32CubeIDE/plugins/com.st.stm32cube.ide.mcu.externaltools.gnu-tools-for-stm32.11.3.rel1.win32_1.1.100.202309141235/tools/bin/../lib/gcc/arm-none-eabi/11.3.1/../../../../arm-none-eabi/lib/thumb/v7e-m+fp/hard/crt0.o (memset)
D:/STM32CubeIDE_1.14.0/STM32CubeIDE/plugins/com.st.stm32cube.ide.mcu.externaltools.gnu-tools-for-stm32.11.3.rel1.win32_1.1.100.202309141235/tools/bin/../lib/gcc/arm-none-eabi/11.3.1/../../../../arm-none-eabi/lib/thumb/v7e-m+fp/hard\libc_nano.a(libc_a-closer.o)
                              D:/STM32CubeIDE_1.14.0/STM32CubeIDE/plugins/com.st.stm32cube.ide.mcu.externaltools.gnu-tools-for-stm32.11.3.rel1.win32_1.1.100.202309141235/tools/bin/../lib/gcc/arm-none-eabi/11.3.1/../../../../arm-none-eabi/lib/thumb/v7e-m+fp/hard\libc_nano.a(libc_a-stdio.o) (_close_r)
D:/STM32CubeIDE_1.14.0/STM32CubeIDE/plugins/com.st.stm32cube.ide.mcu.externaltools.gnu-tools-for-stm32.11.3.rel1.win32_1.1.100.202309141235/tools/bin/../lib/gcc/arm-none-eabi/11.3.1/../../../../arm-none-eabi/lib/thumb/v7e-m+fp/hard\libc_nano.a(libc_a-reent.o)
                              D:/STM32CubeIDE_1.14.0/STM32CubeIDE/plugins/com.st.stm32cube.ide.mcu.externaltools.gnu-tools-for-stm32.11.3.rel1.win32_1.1.100.202309141235/tools/bin/../lib/gcc/arm-none-eabi/11.3.1/../../../../arm-none-eabi/lib/thumb/v7e-m+fp/hard\libc_nano.a(libc_a-closer.o) (errno)
D:/STM32CubeIDE_1.14.0/STM32CubeIDE/plugins/com.st.stm32cube.ide.mcu.externaltools.gnu-tools-for-stm32.11.3.rel1.win32_1.1.100.202309141235/tools/bin/../lib/gcc/arm-none-eabi/11.3.1/../../../../arm-none-eabi/lib/thumb/v7e-m+fp/hard\libc_nano.a(libc_a-impure.o)
                              D:/STM32CubeIDE_1.14.0/STM32CubeIDE/plugins/com.st.stm32cube.ide.mcu.externaltools.gnu-tools-for-stm32.11.3.rel1.win32_1.1.100.202309141235/tools/bin/../lib/gcc/arm-none-eabi/11.3.1/../../../../arm-none-eabi/lib/thumb/v7e-m+fp/hard\libc_nano.a(libc_a-reent.o) (_impure_ptr)
D:/STM32CubeIDE_1.14.0/STM32CubeIDE/plugins/com.st.stm32cube.ide.mcu.externaltools.gnu-tools-for-stm32.11.3.rel1.win32_1.1.100.202309141235/tools/bin/../lib/gcc/arm-none-eabi/11.3.1/../../../../arm-none-eabi/lib/thumb/v7e-m+fp/hard\libc_nano.a(libc_a-lseekr.o)
[...]
Memory Configuration

Name             Origin             Length             Attributes
RAM              0x0000000020000000 0x0000000000008000 xrw
FLASH            0x0000000008000000 0x0000000000020000 xr
*default*        0x0000000000000000 0xffffffffffffffff

Linker script and memory map

LOAD D:/STM32CubeIDE_1.14.0/STM32CubeIDE/plugins/com.st.stm32cube.ide.mcu.externaltools.gnu-tools-for-stm32.11.3.rel1.win32_1.1.100.202309141235/tools/bin/../lib/gcc/arm-none-eabi/11.3.1/thumb/v7e-m+fp/hard/crti.o
LOAD D:/STM32CubeIDE_1.14.0/STM32CubeIDE/plugins/com.st.stm32cube.ide.mcu.externaltools.gnu-tools-for-stm32.11.3.rel1.win32_1.1.100.202309141235/tools/bin/../lib/gcc/arm-none-eabi/11.3.1/thumb/v7e-m+fp/hard/crtbegin.o
LOAD D:/STM32CubeIDE_1.14.0/STM32CubeIDE/plugins/com.st.stm32cube.ide.mcu.externaltools.gnu-tools-for-stm32.11.3.rel1.win32_1.1.100.202309141235/tools/bin/../lib/gcc/arm-none-eabi/11.3.1/../../../../arm-none-eabi/lib/thumb/v7e-m+fp/hard/crt0.o
LOAD ./Core/Src/PI_reg.o
LOAD ./Core/Src/Zmienna_Motor.o
LOAD ./Core/Src/main.o
LOAD ./Core/Src/pll_sensorless.o
LOAD ./Core/Src/stm32g4xx_hal_msp.o
LOAD ./Core/Src/stm32g4xx_it.o
LOAD ./Core/Src/syscalls.o
LOAD ./Core/Src/sysmem.o
LOAD ./Core/Src/system_stm32g4xx.o
LOAD ./Core/Startup/startup_stm32g431rbtx.o
LOAD ./Drivers/STM32G4xx_HAL_Driver/Src/stm32g4xx_hal.o
LOAD ./Drivers/STM32G4xx_HAL_Driver/Src/stm32g4xx_hal_adc.o
LOAD ./Drivers/STM32G4xx_HAL_Driver/Src/stm32g4xx_hal_adc_ex.o
LOAD ./Drivers/STM32G4xx_HAL_Driver/Src/stm32g4xx_hal_cordic.o
LOAD ./Drivers/STM32G4xx_HAL_Driver/Src/stm32g4xx_hal_cortex.o
LOAD ./Drivers/STM32G4xx_HAL_Driver/Src/stm32g4xx_hal_dac.o
LOAD ./Drivers/STM32G4xx_HAL_Driver/Src/stm32g4xx_hal_dac_ex.o
LOAD ./Drivers/STM32G4xx_HAL_Driver/Src/stm32g4xx_hal_dma.o
LOAD ./Drivers/STM32G4xx_HAL_Driver/Src/stm32g4xx_hal_dma_ex.o
LOAD ./Drivers/STM32G4xx_HAL_Driver/Src/stm32g4xx_hal_exti.o
LOAD ./Drivers/STM32G4xx_HAL_Driver/Src/stm32g4xx_hal_fdcan.o
LOAD ./Drivers/STM32G4xx_HAL_Driver/Src/stm32g4xx_hal_flash.o
LOAD ./Drivers/STM32G4xx_HAL_Driver/Src/stm32g4xx_hal_flash_ex.o
LOAD ./Drivers/STM32G4xx_HAL_Driver/Src/stm32g4xx_hal_flash_ramfunc.o
LOAD ./Drivers/STM32G4xx_HAL_Driver/Src/stm32g4xx_hal_gpio.o
LOAD ./Drivers/STM32G4xx_HAL_Driver/Src/stm32g4xx_hal_pwr.o
LOAD ./Drivers/STM32G4xx_HAL_Driver/Src/stm32g4xx_hal_pwr_ex.o
LOAD ./Drivers/STM32G4xx_HAL_Driver/Src/stm32g4xx_hal_rcc.o
LOAD ./Drivers/STM32G4xx_HAL_Driver/Src/stm32g4xx_hal_rcc_ex.o
LOAD ./Drivers/STM32G4xx_HAL_Driver/Src/stm32g4xx_hal_spi.o
LOAD ./Drivers/STM32G4xx_HAL_Driver/Src/stm32g4xx_hal_spi_ex.o
LOAD ./Drivers/STM32G4xx_HAL_Driver/Src/stm32g4xx_hal_tim.o
LOAD ./Drivers/STM32G4xx_HAL_Driver/Src/stm32g4xx_hal_tim_ex.o
LOAD ./Drivers/STM32G4xx_HAL_Driver/Src/stm32g4xx_hal_uart.o
LOAD ./Drivers/STM32G4xx_HAL_Driver/Src/stm32g4xx_hal_uart_ex.o
LOAD ./Drivers/STM32G4xx_HAL_Driver/Src/stm32g4xx_ll_adc.o
START GROUP
LOAD D:/STM32CubeIDE_1.14.0/STM32CubeIDE/plugins/com.st.stm32cube.ide.mcu.externaltools.gnu-tools-for-stm32.11.3.rel1.win32_1.1.100.202309141235/tools/bin/../lib/gcc/arm-none-eabi/11.3.1/../../../../arm-none-eabi/lib/thumb/v7e-m+fp/hard\libc_nano.a
LOAD D:/STM32CubeIDE_1.14.0/STM32CubeIDE/plugins/com.st.stm32cube.ide.mcu.externaltools.gnu-tools-for-stm32.11.3.rel1.win32_1.1.100.202309141235/tools/bin/../lib/gcc/arm-none-eabi/11.3.1/../../../../arm-none-eabi/lib/thumb/v7e-m+fp/hard\libm.a
END GROUP
START GROUP
LOAD D:/STM32CubeIDE_1.14.0/STM32CubeIDE/plugins/com.st.stm32cube.ide.mcu.externaltools.gnu-tools-for-stm32.11.3.rel1.win32_1.1.100.202309141235/tools/bin/../lib/gcc/arm-none-eabi/11.3.1/thumb/v7e-m+fp/hard\libgcc.a
LOAD D:/STM32CubeIDE_1.14.0/STM32CubeIDE/plugins/com.st.stm32cube.ide.mcu.externaltools.gnu-tools-for-stm32.11.3.rel1.win32_1.1.100.202309141235/tools/bin/../lib/gcc/arm-none-eabi/11.3.1/../../../../arm-none-eabi/lib/thumb/v7e-m+fp/hard\libg_nano.a
LOAD D:/STM32CubeIDE_1.14.0/STM32CubeIDE/plugins/com.st.stm32cube.ide.mcu.externaltools.gnu-tools-for-stm32.11.3.rel1.win32_1.1.100.202309141235/tools/bin/../lib/gcc/arm-none-eabi/11.3.1/../../../../arm-none-eabi/lib/thumb/v7e-m+fp/hard\libc_nano.a
END GROUP
START GROUP
LOAD D:/STM32CubeIDE_1.14.0/STM32CubeIDE/plugins/com.st.stm32cube.ide.mcu.externaltools.gnu-tools-for-stm32.11.3.rel1.win32_1.1.100.202309141235/tools/bin/../lib/gcc/arm-none-eabi/11.3.1/thumb/v7e-m+fp/hard\libgcc.a
LOAD D:/STM32CubeIDE_1.14.0/STM32CubeIDE/plugins/com.st.stm32cube.ide.mcu.externaltools.gnu-tools-for-stm32.11.3.rel1.win32_1.1.100.202309141235/tools/bin/../lib/gcc/arm-none-eabi/11.3.1/../../../../arm-none-eabi/lib/thumb/v7e-m+fp/hard\libc_nano.a
LOAD D:/STM32CubeIDE_1.14.0/STM32CubeIDE/plugins/com.st.stm32cube.ide.mcu.externaltools.gnu-tools-for-stm32.11.3.rel1.win32_1.1.100.202309141235/tools/bin/../lib/gcc/arm-none-eabi/11.3.1/../../../../arm-none-eabi/lib/thumb/v7e-m+fp/hard\libnosys.a
END GROUP
START GROUP
LOAD D:/STM32CubeIDE_1.14.0/STM32CubeIDE/plugins/com.st.stm32cube.ide.mcu.externaltools.gnu-tools-for-stm32.11.3.rel1.win32_1.1.100.202309141235/tools/bin/../lib/gcc/arm-none-eabi/11.3.1/thumb/v7e-m+fp/hard\libgcc.a
LOAD D:/STM32CubeIDE_1.14.0/STM32CubeIDE/plugins/com.st.stm32cube.ide.mcu.externaltools.gnu-tools-for-stm32.11.3.rel1.win32_1.1.100.202309141235/tools/bin/../lib/gcc/arm-none-eabi/11.3.1/../../../../arm-none-eabi/lib/thumb/v7e-m+fp/hard\libc_nano.a
LOAD D:/STM32CubeIDE_1.14.0/STM32CubeIDE/plugins/com.st.stm32cube.ide.mcu.externaltools.gnu-tools-for-stm32.11.3.rel1.win32_1.1.100.202309141235/tools/bin/../lib/gcc/arm-none-eabi/11.3.1/../../../../arm-none-eabi/lib/thumb/v7e-m+fp/hard\libnosys.a
END GROUP
LOAD D:/STM32CubeIDE_1.14.0/STM32CubeIDE/plugins/com.st.stm32cube.ide.mcu.externaltools.gnu-tools-for-stm32.11.3.rel1.win32_1.1.100.202309141235/tools/bin/../lib/gcc/arm-none-eabi/11.3.1/thumb/v7e-m+fp/hard/crtend.o
LOAD D:/STM32CubeIDE_1.14.0/STM32CubeIDE/plugins/com.st.stm32cube.ide.mcu.externaltools.gnu-tools-for-stm32.11.3.rel1.win32_1.1.100.202309141235/tools/bin/../lib/gcc/arm-none-eabi/11.3.1/thumb/v7e-m+fp/hard/crtn.o
                0x0000000020008000                _estack = (ORIGIN (RAM) + LENGTH (RAM))
                0x0000000000000200                _Min_Heap_Size = 0x200
                0x0000000000000400                _Min_Stack_Size = 0x400

.isr_vector     0x0000000008000000      0x1d8
                0x0000000008000000                . = ALIGN (0x4)
 *(.isr_vector)
 .isr_vector    0x0000000008000000      0x1d8 ./Core/Startup/startup_stm32g431rbtx.o
                0x0000000008000000                g_pfnVectors
                0x00000000080001d8                . = ALIGN (0x4)

.text           0x00000000080001d8     0xb53c
                0x00000000080001d8                . = ALIGN (0x4)
 *(.text)
 .text          0x00000000080001d8       0x40 D:/STM32CubeIDE_1.14.0/STM32CubeIDE/plugins/com.st.stm32cube.ide.mcu.externaltools.gnu-tools-for-stm32.11.3.rel1.win32_1.1.100.202309141235/tools/bin/../lib/gcc/arm-none-eabi/11.3.1/thumb/v7e-m+fp/hard/crtbegin.o
 .text          0x0000000008000218      0x254 D:/STM32CubeIDE_1.14.0/STM32CubeIDE/plugins/com.st.stm32cube.ide.mcu.externaltools.gnu-tools-for-stm32.11.3.rel1.win32_1.1.100.202309141235/tools/bin/../lib/gcc/arm-none-eabi/11.3.1/thumb/v7e-m+fp/hard\libgcc.a(_arm_muldf3.o)
                0x0000000008000218                __muldf3
                0x0000000008000218                __aeabi_dmul
 .text          0x000000000800046c      0x378 D:/STM32CubeIDE_1.14.0/STM32CubeIDE/plugins/com.st.stm32cube.ide.mcu.externaltools.gnu-tools-for-stm32.11.3.rel1.win32_1.1.100.202309141235/tools/bin/../lib/gcc/arm-none-eabi/11.3.1/thumb/v7e-m+fp/hard\libgcc.a(_arm_addsubdf3.o)
                0x000000000800046c                __aeabi_drsub
                0x0000000008000474                __aeabi_dsub
                0x0000000008000474                __subdf3
                0x0000000008000478                __aeabi_dadd
                0x0000000008000478                __adddf3
                0x00000000080006f0                __floatunsidf
                0x00000000080006f0                __aeabi_ui2d
                0x0000000008000710                __floatsidf
                0x0000000008000710                __aeabi_i2d
                0x0000000008000734                __aeabi_f2d
                0x0000000008000734                __extendsfdf2
                0x0000000008000778                __floatundidf
                0x0000000008000778                __aeabi_ul2d
                0x0000000008000788                __floatdidf
                0x0000000008000788                __aeabi_l2d
 .text          0x00000000080007e4       0x50 D:/STM32CubeIDE_1.14.0/STM32CubeIDE/plugins/com.st.stm32cube.ide.mcu.externaltools.gnu-tools-for-stm32.11.3.rel1.win32_1.1.100.202309141235/tools/bin/../lib/gcc/arm-none-eabi/11.3.1/thumb/v7e-m+fp/hard\libgcc.a(_arm_fixdfsi.o)
                0x00000000080007e4                __aeabi_d2iz
                0x00000000080007e4                __fixdfsi
 .text          0x0000000008000834       0x40 D:/STM32CubeIDE_1.14.0/STM32CubeIDE/plugins/com.st.stm32cube.ide.mcu.externaltools.gnu-tools-for-stm32.11.3.rel1.win32_1.1.100.202309141235/tools/bin/../lib/gcc/arm-none-eabi/11.3.1/thumb/v7e-m+fp/hard\libgcc.a(_arm_fixunsdfsi.o)
                0x0000000008000834                __aeabi_d2uiz
                0x0000000008000834                __fixunsdfsi
 .text          0x0000000008000874       0x30 D:/STM32CubeIDE_1.14.0/STM32CubeIDE/plugins/com.st.stm32cube.ide.mcu.externaltools.gnu-tools-for-stm32.11.3.rel1.win32_1.1.100.202309141235/tools/bin/../lib/gcc/arm-none-eabi/11.3.1/thumb/v7e-m+fp/hard\libgcc.a(_aeabi_uldivmod.o)
                0x0000000008000874                __aeabi_uldivmod
 .text          0x00000000080008a4      0x2c8 D:/STM32CubeIDE_1.14.0/STM32CubeIDE/plugins/com.st.stm32cube.ide.mcu.externaltools.gnu-tools-for-stm32.11.3.rel1.win32_1.1.100.202309141235/tools/bin/../lib/gcc/arm-none-eabi/11.3.1/thumb/v7e-m+fp/hard\libgcc.a(_udivmoddi4.o)
                0x00000000080008a4                __udivmoddi4
 .text          0x0000000008000b6c        0x4 D:/STM32CubeIDE_1.14.0/STM32CubeIDE/plugins/com.st.stm32cube.ide.mcu.externaltools.gnu-tools-for-stm32.11.3.rel1.win32_1.1.100.202309141235/tools/bin/../lib/gcc/arm-none-eabi/11.3.1/thumb/v7e-m+fp/hard\libgcc.a(_dvmd_tls.o)
                0x0000000008000b6c                __aeabi_idiv0
                0x0000000008000b6c                __aeabi_ldiv0
 *(.text*)
 .text.PI_REG   0x0000000008000b70       0xcc ./Core/Src/PI_reg.o
                0x0000000008000b70                PI_REG
 *fill*         0x0000000008000c3c        0x4 
 .text.angle_theta_calc
                0x0000000008000c40       0x9c ./Core/Src/Zmienna_Motor.o
                0x0000000008000c40                angle_theta_calc
 *fill*         0x0000000008000cdc        0x4 
 .text.clark_transf
                0x0000000008000ce0       0x58 ./Core/Src/Zmienna_Motor.o
                0x0000000008000ce0                clark_transf
 .text.park_transf
                0x0000000008000d38       0xe0 ./Core/Src/Zmienna_Motor.o
                0x0000000008000d38                park_transf
 .text.park_rev_transf
                0x0000000008000e18       0xd0 ./Core/Src/Zmienna_Motor.o
                0x0000000008000e18                park_rev_transf
 .text.SPWM_modulacja
                0x0000000008000ee8       0x4c ./Core/Src/Zmienna_Motor.o
                0x0000000008000ee8                SPWM_modulacja
 .text.Pozycja  0x0000000008000f34       0xc4 ./Core/Src/Zmienna_Motor.o
                0x0000000008000f34                Pozycja
 .text.SVPWM_modulacja
                0x0000000008000ff8      0x5d0 ./Core/Src/Zmienna_Motor.o
                0x0000000008000ff8                SVPWM_modulacja
 .text.PID_REG  0x00000000080015c8      0x118 ./Core/Src/Zmienna_Motor.o
                0x00000000080015c8                PID_REG
 .text.lpf_init
                0x00000000080016e0       0x2e ./Core/Src/Zmienna_Motor.o
                0x00000000080016e0                lpf_init
 .text.lpf_update
                0x000000000800170e       0x4a ./Core/Src/Zmienna_Motor.o
                0x000000000800170e                lpf_update
 .text.main     0x0000000008001758      0x1e4 ./Core/Src/main.o
                0x0000000008001758                main
 .text.SystemClock_Config
                0x000000000800193c       0x96 ./Core/Src/main.o
                0x000000000800193c                SystemClock_Config
 *fill*         0x00000000080019d2        0x2 
 .text.MX_ADC1_Init
                0x00000000080019d4      0x16c ./Core/Src/main.o
 .text.MX_ADC2_Init
                0x0000000008001b40       0xd0 ./Core/Src/main.o
 .text.MX_CORDIC_Init
                0x0000000008001c10       0x28 ./Core/Src/main.o
 .text.MX_DAC1_Init
                0x0000000008001c38       0x74 ./Core/Src/main.o
 .text.MX_FDCAN1_Init
                0x0000000008001cac       0x8c ./Core/Src/main.o
 .text.MX_SPI3_Init
                0x0000000008001d38       0x7c ./Core/Src/main.o
 .text.MX_TIM1_Init
                0x0000000008001db4      0x1b8 ./Core/Src/main.o
 .text.MX_TIM2_Init
                0x0000000008001f6c       0xa8 ./Core/Src/main.o
 .text.MX_TIM6_Init
                0x0000000008002014       0x6c ./Core/Src/main.o
 .text.MX_TIM17_Init
                0x0000000008002080       0x4c ./Core/Src/main.o
 .text.MX_USART1_UART_Init
                0x00000000080020cc       0x98 ./Core/Src/main.o
 .text.MX_GPIO_Init
                0x0000000008002164      0x120 ./Core/Src/main.o
 *fill*         0x0000000008002284        0x4 
 .text.HAL_ADCEx_InjectedConvCpltCallback
                0x0000000008002288      0x370 ./Core/Src/main.o
                0x0000000008002288                HAL_ADCEx_InjectedConvCpltCallback
 .text.Error_Handler
                0x00000000080025f8        0xa ./Core/Src/main.o
                0x00000000080025f8                Error_Handler
 *fill*         0x0000000008002602        0x2 
 .text.HAL_MspInit
                0x0000000008002604       0x48 ./Core/Src/stm32g4xx_hal_msp.o
                0x0000000008002604                HAL_MspInit
 .text.HAL_ADC_MspInit
                0x000000000800264c      0x19c ./Core/Src/stm32g4xx_hal_msp.o
                0x000000000800264c                HAL_ADC_MspInit
 .text.HAL_CORDIC_MspInit
                0x00000000080027e8       0x40 ./Core/Src/stm32g4xx_hal_msp.o
                0x00000000080027e8                HAL_CORDIC_MspInit
 .text.HAL_DAC_MspInit
                0x0000000008002828       0x8c ./Core/Src/stm32g4xx_hal_msp.o
                0x0000000008002828                HAL_DAC_MspInit
 .text.HAL_FDCAN_MspInit
                0x00000000080028b4       0xb4 ./Core/Src/stm32g4xx_hal_msp.o
                0x00000000080028b4                HAL_FDCAN_MspInit
 .text.HAL_SPI_MspInit
                0x0000000008002968       0x88 ./Core/Src/stm32g4xx_hal_msp.o
                0x0000000008002968                HAL_SPI_MspInit
 .text.HAL_TIM_Base_MspInit
                0x00000000080029f0       0xec ./Core/Src/stm32g4xx_hal_msp.o
                0x00000000080029f0                HAL_TIM_Base_MspInit
 .text.HAL_TIM_Encoder_MspInit
                0x0000000008002adc       0xd0 ./Core/Src/stm32g4xx_hal_msp.o
                0x0000000008002adc                HAL_TIM_Encoder_MspInit
 .text.HAL_TIM_MspPostInit
                0x0000000008002bac       0xac ./Core/Src/stm32g4xx_hal_msp.o
                0x0000000008002bac                HAL_TIM_MspPostInit
 .text.HAL_UART_MspInit
                0x0000000008002c58       0xc0 ./Core/Src/stm32g4xx_hal_msp.o
                0x0000000008002c58                HAL_UART_MspInit
 .text.NMI_Handler
                0x0000000008002d18        0x6 ./Core/Src/stm32g4xx_it.o
                0x0000000008002d18                NMI_Handler
 .text.HardFault_Handler
                0x0000000008002d1e        0x6 ./Core/Src/stm32g4xx_it.o
                0x0000000008002d1e                HardFault_Handler
 .text.MemManage_Handler
                0x0000000008002d24        0x6 ./Core/Src/stm32g4xx_it.o
                0x0000000008002d24                MemManage_Handler
 .text.BusFault_Handler
                0x0000000008002d2a        0x6 ./Core/Src/stm32g4xx_it.o
                0x0000000008002d2a                BusFault_Handler
 .text.UsageFault_Handler
                0x0000000008002d30        0x6 ./Core/Src/stm32g4xx_it.o
                0x0000000008002d30                UsageFault_Handler
 .text.SVC_Handler
                0x0000000008002d36        0xe ./Core/Src/stm32g4xx_it.o
                0x0000000008002d36                SVC_Handler
 .text.DebugMon_Handler
                0x0000000008002d44        0xe ./Core/Src/stm32g4xx_it.o
                0x0000000008002d44                DebugMon_Handler
 .text.PendSV_Handler
                0x0000000008002d52        0xe ./Core/Src/stm32g4xx_it.o
                0x0000000008002d52                PendSV_Handler
 .text.SysTick_Handler
                0x0000000008002d60      0x3dc ./Core/Src/stm32g4xx_it.o
                0x0000000008002d60                SysTick_Handler
 .text.ADC1_2_IRQHandler
                0x000000000800313c       0x1c ./Core/Src/stm32g4xx_it.o
                0x000000000800313c                ADC1_2_IRQHandler
 .text.TIM1_BRK_TIM15_IRQHandler
                0x0000000008003158       0x14 ./Core/Src/stm32g4xx_it.o
                0x0000000008003158                TIM1_BRK_TIM15_IRQHandler
 .text.TIM1_UP_TIM16_IRQHandler
                0x000000000800316c       0x14 ./Core/Src/stm32g4xx_it.o
                0x000000000800316c                TIM1_UP_TIM16_IRQHandler
 .text.TIM1_TRG_COM_TIM17_IRQHandler
                0x0000000008003180       0x1c ./Core/Src/stm32g4xx_it.o
                0x0000000008003180                TIM1_TRG_COM_TIM17_IRQHandler
 .text.TIM1_CC_IRQHandler
                0x000000000800319c       0x14 ./Core/Src/stm32g4xx_it.o
                0x000000000800319c                TIM1_CC_IRQHandler
 .text.TIM2_IRQHandler
                0x00000000080031b0       0x14 ./Core/Src/stm32g4xx_it.o
                0x00000000080031b0                TIM2_IRQHandler
 .text.USART1_IRQHandler
                0x00000000080031c4       0x14 ./Core/Src/stm32g4xx_it.o
                0x00000000080031c4                USART1_IRQHandler
 .text.EXTI15_10_IRQHandler
                0x00000000080031d8       0x10 ./Core/Src/stm32g4xx_it.o
                0x00000000080031d8                EXTI15_10_IRQHandler
 .text.TIM6_DAC_IRQHandler
                0x00000000080031e8       0x1c ./Core/Src/stm32g4xx_it.o
                0x00000000080031e8                TIM6_DAC_IRQHandler
 .text.SystemInit
                0x0000000008003204       0x24 ./Core/Src/system_stm32g4xx.o
                0x0000000008003204                SystemInit
 .text.Reset_Handler
                0x0000000008003228       0x50 ./Core/Startup/startup_stm32g431rbtx.o
                0x0000000008003228                Reset_Handler
 .text.Default_Handler
                0x0000000008003278        0x2 ./Core/Startup/startup_stm32g431rbtx.o
                0x0000000008003278                RTC_Alarm_IRQHandler
                0x0000000008003278                EXTI2_IRQHandler
                0x0000000008003278                TIM8_TRG_COM_IRQHandler
                0x0000000008003278                TIM8_CC_IRQHandler
                0x0000000008003278                USB_HP_IRQHandler
                0x0000000008003278                CORDIC_IRQHandler
                0x0000000008003278                EXTI3_IRQHandler
                0x0000000008003278                I2C3_ER_IRQHandler
                0x0000000008003278                EXTI0_IRQHandler
                0x0000000008003278                I2C2_EV_IRQHandler
                0x0000000008003278                FPU_IRQHandler
                0x0000000008003278                FDCAN1_IT1_IRQHandler
                0x0000000008003278                SPI1_IRQHandler
                0x0000000008003278                TIM8_UP_IRQHandler
                0x0000000008003278                DMA2_Channel2_IRQHandler
                0x0000000008003278                DMA1_Channel4_IRQHandler
                0x0000000008003278                USART3_IRQHandler
                0x0000000008003278                TIM4_IRQHandler
                0x0000000008003278                DMA2_Channel1_IRQHandler
                0x0000000008003278                I2C1_EV_IRQHandler
                0x0000000008003278                DMA1_Channel6_IRQHandler
                0x0000000008003278                UART4_IRQHandler
                0x0000000008003278                DMA2_Channel4_IRQHandler
                0x0000000008003278                TIM3_IRQHandler
                0x0000000008003278                RCC_IRQHandler
                0x0000000008003278                DMA1_Channel1_IRQHandler
                0x0000000008003278                Default_Handler
                0x0000000008003278                RTC_TAMP_LSECSS_IRQHandler
                0x0000000008003278                FMAC_IRQHandler
                0x0000000008003278                TIM7_IRQHandler
                0x0000000008003278                UCPD1_IRQHandler
                0x0000000008003278                I2C3_EV_IRQHandler
                0x0000000008003278                EXTI9_5_IRQHandler
                0x0000000008003278                RTC_WKUP_IRQHandler
                0x0000000008003278                PVD_PVM_IRQHandler
                0x0000000008003278                SPI2_IRQHandler
                0x0000000008003278                DMA2_Channel5_IRQHandler
                0x0000000008003278                CRS_IRQHandler
                0x0000000008003278                DMA1_Channel5_IRQHandler
                0x0000000008003278                USB_LP_IRQHandler
                0x0000000008003278                EXTI4_IRQHandler
                0x0000000008003278                RNG_IRQHandler
                0x0000000008003278                DMA1_Channel3_IRQHandler
                0x0000000008003278                WWDG_IRQHandler
                0x0000000008003278                LPUART1_IRQHandler
                0x0000000008003278                DMA2_Channel6_IRQHandler
                0x0000000008003278                FDCAN1_IT0_IRQHandler
                0x0000000008003278                COMP1_2_3_IRQHandler
                0x0000000008003278                EXTI1_IRQHandler
                0x0000000008003278                USART2_IRQHandler
                0x0000000008003278                I2C2_ER_IRQHandler
                0x0000000008003278                DMA1_Channel2_IRQHandler
                0x0000000008003278                TIM8_BRK_IRQHandler
                0x0000000008003278                FLASH_IRQHandler
                0x0000000008003278                SPI3_IRQHandler
                0x0000000008003278                I2C1_ER_IRQHandler
                0x0000000008003278                LPTIM1_IRQHandler
                0x0000000008003278                DMAMUX_OVR_IRQHandler
                0x0000000008003278                USBWakeUp_IRQHandler
                0x0000000008003278                SAI1_IRQHandler
                0x0000000008003278                DMA2_Channel3_IRQHandler
                0x0000000008003278                COMP4_IRQHandler
 .text.HAL_Init
                0x000000000800327a       0x30 ./Drivers/STM32G4xx_HAL_Driver/Src/stm32g4xx_hal.o
                0x000000000800327a                HAL_Init
 *fill*         0x00000000080032aa        0x2 
 .text.HAL_InitTick
                0x00000000080032ac       0x74 ./Drivers/STM32G4xx_HAL_Driver/Src/stm32g4xx_hal.o
                0x00000000080032ac                HAL_InitTick
 .text.HAL_IncTick
                0x0000000008003320       0x24 ./Drivers/STM32G4xx_HAL_Driver/Src/stm32g4xx_hal.o
                0x0000000008003320                HAL_IncTick
 .text.HAL_GetTick
                0x0000000008003344       0x18 ./Drivers/STM32G4xx_HAL_Driver/Src/stm32g4xx_hal.o
                0x0000000008003344                HAL_GetTick
 .text.HAL_Delay
                0x000000000800335c       0x44 ./Drivers/STM32G4xx_HAL_Driver/Src/stm32g4xx_hal.o
                0x000000000800335c                HAL_Delay
 .text.LL_ADC_SetCommonClock
                0x00000000080033a0       0x26 ./Drivers/STM32G4xx_HAL_Driver/Src/stm32g4xx_hal_adc.o
 .text.LL_ADC_SetCommonPathInternalCh
                0x00000000080033c6       0x26 ./Drivers/STM32G4xx_HAL_Driver/Src/stm32g4xx_hal_adc.o
 .text.LL_ADC_GetCommonPathInternalCh
                0x00000000080033ec       0x1c ./Drivers/STM32G4xx_HAL_Driver/Src/stm32g4xx_hal_adc.o
 .text.LL_ADC_SetOffset
                0x0000000008003408       0x48 ./Drivers/STM32G4xx_HAL_Driver/Src/stm32g4xx_hal_adc.o
 .text.LL_ADC_GetOffsetChannel
                0x0000000008003450       0x2c ./Drivers/STM32G4xx_HAL_Driver/Src/stm32g4xx_hal_adc.o
 .text.LL_ADC_SetOffsetState
                0x000000000800347c       0x36 ./Drivers/STM32G4xx_HAL_Driver/Src/stm32g4xx_hal_adc.o
 .text.LL_ADC_SetOffsetSign
                0x00000000080034b2       0x36 ./Drivers/STM32G4xx_HAL_Driver/Src/stm32g4xx_hal_adc.o
 .text.LL_ADC_SetOffsetSaturation
                0x00000000080034e8       0x36 ./Drivers/STM32G4xx_HAL_Driver/Src/stm32g4xx_hal_adc.o
 .text.LL_ADC_SetSamplingTimeCommonConfig
                0x000000000800351e       0x26 ./Drivers/STM32G4xx_HAL_Driver/Src/stm32g4xx_hal_adc.o
 .text.LL_ADC_REG_IsTriggerSourceSWStart
                0x0000000008003544       0x26 ./Drivers/STM32G4xx_HAL_Driver/Src/stm32g4xx_hal_adc.o
 .text.LL_ADC_REG_SetSequencerRanks
                0x000000000800356a       0x58 ./Drivers/STM32G4xx_HAL_Driver/Src/stm32g4xx_hal_adc.o
 .text.LL_ADC_INJ_IsTriggerSourceSWStart
                0x00000000080035c2       0x26 ./Drivers/STM32G4xx_HAL_Driver/Src/stm32g4xx_hal_adc.o
 .text.LL_ADC_SetChannelSamplingTime
                0x00000000080035e8       0x56 ./Drivers/STM32G4xx_HAL_Driver/Src/stm32g4xx_hal_adc.o
 *fill*         0x000000000800363e        0x2 
 .text.LL_ADC_SetChannelSingleDiff
                0x0000000008003640       0x50 ./Drivers/STM32G4xx_HAL_Driver/Src/stm32g4xx_hal_adc.o
 .text.LL_ADC_GetMultimode
                0x0000000008003690       0x1c ./Drivers/STM32G4xx_HAL_Driver/Src/stm32g4xx_hal_adc.o
 .text.LL_ADC_GetMultiDMATransfer
                0x00000000080036ac       0x1c ./Drivers/STM32G4xx_HAL_Driver/Src/stm32g4xx_hal_adc.o
 .text.LL_ADC_DisableDeepPowerDown
                0x00000000080036c8       0x24 ./Drivers/STM32G4xx_HAL_Driver/Src/stm32g4xx_hal_adc.o
 .text.LL_ADC_IsDeepPowerDownEnabled
                0x00000000080036ec       0x28 ./Drivers/STM32G4xx_HAL_Driver/Src/stm32g4xx_hal_adc.o
 .text.LL_ADC_EnableInternalRegulator
                0x0000000008003714       0x28 ./Drivers/STM32G4xx_HAL_Driver/Src/stm32g4xx_hal_adc.o
 .text.LL_ADC_IsInternalRegulatorEnabled
                0x000000000800373c       0x28 ./Drivers/STM32G4xx_HAL_Driver/Src/stm32g4xx_hal_adc.o
 .text.LL_ADC_Enable
                0x0000000008003764       0x28 ./Drivers/STM32G4xx_HAL_Driver/Src/stm32g4xx_hal_adc.o
 .text.LL_ADC_IsEnabled
                0x000000000800378c       0x26 ./Drivers/STM32G4xx_HAL_Driver/Src/stm32g4xx_hal_adc.o
 .text.LL_ADC_REG_IsConversionOngoing
                0x00000000080037b2       0x26 ./Drivers/STM32G4xx_HAL_Driver/Src/stm32g4xx_hal_adc.o
 .text.LL_ADC_INJ_IsConversionOngoing
                0x00000000080037d8       0x26 ./Drivers/STM32G4xx_HAL_Driver/Src/stm32g4xx_hal_adc.o
 *fill*         0x00000000080037fe        0x2 
 .text.HAL_ADC_Init
                0x0000000008003800      0x314 ./Drivers/STM32G4xx_HAL_Driver/Src/stm32g4xx_hal_adc.o
                0x0000000008003800                HAL_ADC_Init
 .text.HAL_ADC_IRQHandler
                0x0000000008003b14      0x434 ./Drivers/STM32G4xx_HAL_Driver/Src/stm32g4xx_hal_adc.o
                0x0000000008003b14                HAL_ADC_IRQHandler
 .text.HAL_ADC_ConvCpltCallback
                0x0000000008003f48       0x14 ./Drivers/STM32G4xx_HAL_Driver/Src/stm32g4xx_hal_adc.o
                0x0000000008003f48                HAL_ADC_ConvCpltCallback
 .text.HAL_ADC_LevelOutOfWindowCallback
                0x0000000008003f5c       0x14 ./Drivers/STM32G4xx_HAL_Driver/Src/stm32g4xx_hal_adc.o
                0x0000000008003f5c                HAL_ADC_LevelOutOfWindowCallback
 .text.HAL_ADC_ErrorCallback
                0x0000000008003f70       0x14 ./Drivers/STM32G4xx_HAL_Driver/Src/stm32g4xx_hal_adc.o
                0x0000000008003f70                HAL_ADC_ErrorCallback
 .text.HAL_ADC_ConfigChannel
                0x0000000008003f84      0x7e0 ./Drivers/STM32G4xx_HAL_Driver/Src/stm32g4xx_hal_adc.o
                0x0000000008003f84                HAL_ADC_ConfigChannel
 .text.ADC_Enable
                0x0000000008004764       0xc4 ./Drivers/STM32G4xx_HAL_Driver/Src/stm32g4xx_hal_adc.o
                0x0000000008004764                ADC_Enable
 .text.LL_ADC_SetCommonPathInternalCh
                0x0000000008004828       0x26 ./Drivers/STM32G4xx_HAL_Driver/Src/stm32g4xx_hal_adc_ex.o
 .text.LL_ADC_GetCommonPathInternalCh
                0x000000000800484e       0x1c ./Drivers/STM32G4xx_HAL_Driver/Src/stm32g4xx_hal_adc_ex.o
 *fill*         0x000000000800486a        0x2 
 .text.LL_ADC_SetOffset
                0x000000000800486c       0x48 ./Drivers/STM32G4xx_HAL_Driver/Src/stm32g4xx_hal_adc_ex.o
 .text.LL_ADC_GetOffsetChannel
                0x00000000080048b4       0x2c ./Drivers/STM32G4xx_HAL_Driver/Src/stm32g4xx_hal_adc_ex.o
 .text.LL_ADC_SetOffsetState
                0x00000000080048e0       0x36 ./Drivers/STM32G4xx_HAL_Driver/Src/stm32g4xx_hal_adc_ex.o
 .text.LL_ADC_SetOffsetSign
                0x0000000008004916       0x36 ./Drivers/STM32G4xx_HAL_Driver/Src/stm32g4xx_hal_adc_ex.o
 .text.LL_ADC_SetOffsetSaturation
                0x000000000800494c       0x36 ./Drivers/STM32G4xx_HAL_Driver/Src/stm32g4xx_hal_adc_ex.o
 .text.LL_ADC_SetSamplingTimeCommonConfig
                0x0000000008004982       0x26 ./Drivers/STM32G4xx_HAL_Driver/Src/stm32g4xx_hal_adc_ex.o
 .text.LL_ADC_INJ_GetTrigAuto
                0x00000000080049a8       0x1c ./Drivers/STM32G4xx_HAL_Driver/Src/stm32g4xx_hal_adc_ex.o
 .text.LL_ADC_SetChannelSamplingTime
                0x00000000080049c4       0x56 ./Drivers/STM32G4xx_HAL_Driver/Src/stm32g4xx_hal_adc_ex.o
 *fill*         0x0000000008004a1a        0x2 
 .text.LL_ADC_SetChannelSingleDiff
                0x0000000008004a1c       0x50 ./Drivers/STM32G4xx_HAL_Driver/Src/stm32g4xx_hal_adc_ex.o
 .text.LL_ADC_GetMultimode
                0x0000000008004a6c       0x1c ./Drivers/STM32G4xx_HAL_Driver/Src/stm32g4xx_hal_adc_ex.o
 .text.LL_ADC_IsEnabled
                0x0000000008004a88       0x26 ./Drivers/STM32G4xx_HAL_Driver/Src/stm32g4xx_hal_adc_ex.o
 .text.LL_ADC_REG_IsConversionOngoing
                0x0000000008004aae       0x26 ./Drivers/STM32G4xx_HAL_Driver/Src/stm32g4xx_hal_adc_ex.o
 .text.LL_ADC_INJ_StartConversion
                0x0000000008004ad4       0x28 ./Drivers/STM32G4xx_HAL_Driver/Src/stm32g4xx_hal_adc_ex.o
 .text.LL_ADC_INJ_IsConversionOngoing
                0x0000000008004afc       0x26 ./Drivers/STM32G4xx_HAL_Driver/Src/stm32g4xx_hal_adc_ex.o
 *fill*         0x0000000008004b22        0x2 
 .text.HAL_ADCEx_InjectedStart_IT
                0x0000000008004b24      0x1cc ./Drivers/STM32G4xx_HAL_Driver/Src/stm32g4xx_hal_adc_ex.o
                0x0000000008004b24                HAL_ADCEx_InjectedStart_IT
 .text.HAL_ADCEx_InjectedGetValue
                0x0000000008004cf0       0x70 ./Drivers/STM32G4xx_HAL_Driver/Src/stm32g4xx_hal_adc_ex.o
                0x0000000008004cf0                HAL_ADCEx_InjectedGetValue
 .text.HAL_ADCEx_InjectedQueueOverflowCallback
                0x0000000008004d60       0x14 ./Drivers/STM32G4xx_HAL_Driver/Src/stm32g4xx_hal_adc_ex.o
                0x0000000008004d60                HAL_ADCEx_InjectedQueueOverflowCallback
 .text.HAL_ADCEx_LevelOutOfWindow2Callback
                0x0000000008004d74       0x14 ./Drivers/STM32G4xx_HAL_Driver/Src/stm32g4xx_hal_adc_ex.o
                0x0000000008004d74                HAL_ADCEx_LevelOutOfWindow2Callback
 .text.HAL_ADCEx_LevelOutOfWindow3Callback
                0x0000000008004d88       0x14 ./Drivers/STM32G4xx_HAL_Driver/Src/stm32g4xx_hal_adc_ex.o
                0x0000000008004d88                HAL_ADCEx_LevelOutOfWindow3Callback
 .text.HAL_ADCEx_EndOfSamplingCallback
                0x0000000008004d9c       0x14 ./Drivers/STM32G4xx_HAL_Driver/Src/stm32g4xx_hal_adc_ex.o
                0x0000000008004d9c                HAL_ADCEx_EndOfSamplingCallback
 .text.HAL_ADCEx_InjectedConfigChannel
                0x0000000008004db0      0x9c0 ./Drivers/STM32G4xx_HAL_Driver/Src/stm32g4xx_hal_adc_ex.o
                0x0000000008004db0                HAL_ADCEx_InjectedConfigChannel
 .text.HAL_ADCEx_MultiModeConfigChannel
                0x0000000008005770      0x148 ./Drivers/STM32G4xx_HAL_Driver/Src/stm32g4xx_hal_adc_ex.o
                0x0000000008005770                HAL_ADCEx_MultiModeConfigChannel
 .text.HAL_CORDIC_Init
                0x00000000080058b8       0x62 ./Drivers/STM32G4xx_HAL_Driver/Src/stm32g4xx_hal_cordic.o
                0x00000000080058b8                HAL_CORDIC_Init
 *fill*         0x000000000800591a        0x2 
 .text.__NVIC_SetPriorityGrouping
                0x000000000800591c       0x48 ./Drivers/STM32G4xx_HAL_Driver/Src/stm32g4xx_hal_cortex.o
 .text.__NVIC_GetPriorityGrouping
                0x0000000008005964       0x1c ./Drivers/STM32G4xx_HAL_Driver/Src/stm32g4xx_hal_cortex.o
 .text.__NVIC_EnableIRQ
                0x0000000008005980       0x3c ./Drivers/STM32G4xx_HAL_Driver/Src/stm32g4xx_hal_cortex.o
 .text.__NVIC_SetPriority
                0x00000000080059bc       0x54 ./Drivers/STM32G4xx_HAL_Driver/Src/stm32g4xx_hal_cortex.o
 .text.NVIC_EncodePriority
                0x0000000008005a10       0x66 ./Drivers/STM32G4xx_HAL_Driver/Src/stm32g4xx_hal_cortex.o
 *fill*         0x0000000008005a76        0x2 
 .text.SysTick_Config
                0x0000000008005a78       0x44 ./Drivers/STM32G4xx_HAL_Driver/Src/stm32g4xx_hal_cortex.o
 .text.HAL_NVIC_SetPriorityGrouping
                0x0000000008005abc       0x16 ./Drivers/STM32G4xx_HAL_Driver/Src/stm32g4xx_hal_cortex.o
                0x0000000008005abc                HAL_NVIC_SetPriorityGrouping
 .text.HAL_NVIC_SetPriority
                0x0000000008005ad2       0x34 ./Drivers/STM32G4xx_HAL_Driver/Src/stm32g4xx_hal_cortex.o
                0x0000000008005ad2                HAL_NVIC_SetPriority
 .text.HAL_NVIC_EnableIRQ
                0x0000000008005b06       0x1c ./Drivers/STM32G4xx_HAL_Driver/Src/stm32g4xx_hal_cortex.o
                0x0000000008005b06                HAL_NVIC_EnableIRQ
 .text.HAL_SYSTICK_Config
                0x0000000008005b22       0x18 ./Drivers/STM32G4xx_HAL_Driver/Src/stm32g4xx_hal_cortex.o
                0x0000000008005b22                HAL_SYSTICK_Config
 .text.HAL_DAC_Init
                0x0000000008005b3a       0x44 ./Drivers/STM32G4xx_HAL_Driver/Src/stm32g4xx_hal_dac.o
                0x0000000008005b3a                HAL_DAC_Init
 .text.HAL_DAC_IRQHandler
                0x0000000008005b7e       0xb4 ./Drivers/STM32G4xx_HAL_Driver/Src/stm32g4xx_hal_dac.o
                0x0000000008005b7e                HAL_DAC_IRQHandler
 .text.HAL_DAC_DMAUnderrunCallbackCh1
                0x0000000008005c32       0x14 ./Drivers/STM32G4xx_HAL_Driver/Src/stm32g4xx_hal_dac.o
                0x0000000008005c32                HAL_DAC_DMAUnderrunCallbackCh1
 *fill*         0x0000000008005c46        0x2 
 .text.HAL_DAC_ConfigChannel
                0x0000000008005c48      0x350 ./Drivers/STM32G4xx_HAL_Driver/Src/stm32g4xx_hal_dac.o
                0x0000000008005c48                HAL_DAC_ConfigChannel
 .text.HAL_DACEx_DMAUnderrunCallbackCh2
                0x0000000008005f98       0x14 ./Drivers/STM32G4xx_HAL_Driver/Src/stm32g4xx_hal_dac_ex.o
                0x0000000008005f98                HAL_DACEx_DMAUnderrunCallbackCh2
 .text.HAL_DMA_Abort
                0x0000000008005fac       0xb2 ./Drivers/STM32G4xx_HAL_Driver/Src/stm32g4xx_hal_dma.o
                0x0000000008005fac                HAL_DMA_Abort
 .text.HAL_DMA_Abort_IT
                0x000000000800605e       0xce ./Drivers/STM32G4xx_HAL_Driver/Src/stm32g4xx_hal_dma.o
                0x000000000800605e                HAL_DMA_Abort_IT
 .text.HAL_FDCAN_Init
                0x000000000800612c      0x2b4 ./Drivers/STM32G4xx_HAL_Driver/Src/stm32g4xx_hal_fdcan.o
                0x000000000800612c                HAL_FDCAN_Init
 .text.FDCAN_CalcultateRamBlockAddresses
                0x00000000080063e0       0xac ./Drivers/STM32G4xx_HAL_Driver/Src/stm32g4xx_hal_fdcan.o
 .text.HAL_GPIO_Init
                0x000000000800648c      0x304 ./Drivers/STM32G4xx_HAL_Driver/Src/stm32g4xx_hal_gpio.o
                0x000000000800648c                HAL_GPIO_Init
 .text.HAL_GPIO_WritePin
                0x0000000008006790       0x30 ./Drivers/STM32G4xx_HAL_Driver/Src/stm32g4xx_hal_gpio.o
                0x0000000008006790                HAL_GPIO_WritePin
 .text.HAL_GPIO_EXTI_IRQHandler
                0x00000000080067c0       0x30 ./Drivers/STM32G4xx_HAL_Driver/Src/stm32g4xx_hal_gpio.o
                0x00000000080067c0                HAL_GPIO_EXTI_IRQHandler
 .text.HAL_GPIO_EXTI_Callback
                0x00000000080067f0       0x16 ./Drivers/STM32G4xx_HAL_Driver/Src/stm32g4xx_hal_gpio.o
                0x00000000080067f0                HAL_GPIO_EXTI_Callback
 *fill*         0x0000000008006806        0x2 
 .text.HAL_PWREx_ControlVoltageScaling
                0x0000000008006808      0x148 ./Drivers/STM32G4xx_HAL_Driver/Src/stm32g4xx_hal_pwr_ex.o
                0x0000000008006808                HAL_PWREx_ControlVoltageScaling
 .text.HAL_PWREx_DisableUCPDDeadBattery
                0x0000000008006950       0x20 ./Drivers/STM32G4xx_HAL_Driver/Src/stm32g4xx_hal_pwr_ex.o
                0x0000000008006950                HAL_PWREx_DisableUCPDDeadBattery
 .text.HAL_RCC_OscConfig
                0x0000000008006970      0x630 ./Drivers/STM32G4xx_HAL_Driver/Src/stm32g4xx_hal_rcc.o
                0x0000000008006970                HAL_RCC_OscConfig
 .text.HAL_RCC_ClockConfig
                0x0000000008006fa0      0x278 ./Drivers/STM32G4xx_HAL_Driver/Src/stm32g4xx_hal_rcc.o
                0x0000000008006fa0                HAL_RCC_ClockConfig
 .text.HAL_RCC_GetSysClockFreq
                0x0000000008007218       0xc4 ./Drivers/STM32G4xx_HAL_Driver/Src/stm32g4xx_hal_rcc.o
                0x0000000008007218                HAL_RCC_GetSysClockFreq
 .text.HAL_RCC_GetHCLKFreq
                0x00000000080072dc       0x18 ./Drivers/STM32G4xx_HAL_Driver/Src/stm32g4xx_hal_rcc.o
                0x00000000080072dc                HAL_RCC_GetHCLKFreq
 .text.HAL_RCC_GetPCLK1Freq
                0x00000000080072f4       0x2c ./Drivers/STM32G4xx_HAL_Driver/Src/stm32g4xx_hal_rcc.o
                0x00000000080072f4                HAL_RCC_GetPCLK1Freq
 .text.HAL_RCC_GetPCLK2Freq
                0x0000000008007320       0x2c ./Drivers/STM32G4xx_HAL_Driver/Src/stm32g4xx_hal_rcc.o
                0x0000000008007320                HAL_RCC_GetPCLK2Freq
 .text.RCC_GetSysClockFreqFromPLLSource
                0x000000000800734c       0x8c ./Drivers/STM32G4xx_HAL_Driver/Src/stm32g4xx_hal_rcc.o
 .text.HAL_RCCEx_PeriphCLKConfig
                0x00000000080073d8      0x3e0 ./Drivers/STM32G4xx_HAL_Driver/Src/stm32g4xx_hal_rcc_ex.o
                0x00000000080073d8                HAL_RCCEx_PeriphCLKConfig
 .text.HAL_SPI_Init
                0x00000000080077b8      0x156 ./Drivers/STM32G4xx_HAL_Driver/Src/stm32g4xx_hal_spi.o
                0x00000000080077b8                HAL_SPI_Init
 .text.HAL_SPI_Transmit
                0x000000000800790e      0x2dc ./Drivers/STM32G4xx_HAL_Driver/Src/stm32g4xx_hal_spi.o
                0x000000000800790e                HAL_SPI_Transmit
 .text.HAL_SPI_Receive
                0x0000000008007bea      0x260 ./Drivers/STM32G4xx_HAL_Driver/Src/stm32g4xx_hal_spi.o
                0x0000000008007bea                HAL_SPI_Receive
 .text.HAL_SPI_TransmitReceive
                0x0000000008007e4a      0x426 ./Drivers/STM32G4xx_HAL_Driver/Src/stm32g4xx_hal_spi.o
                0x0000000008007e4a                HAL_SPI_TransmitReceive
 .text.SPI_WaitFlagStateUntilTimeout
                0x0000000008008270      0x110 ./Drivers/STM32G4xx_HAL_Driver/Src/stm32g4xx_hal_spi.o
 .text.SPI_WaitFifoStateUntilTimeout
                0x0000000008008380      0x12c ./Drivers/STM32G4xx_HAL_Driver/Src/stm32g4xx_hal_spi.o
 .text.SPI_EndRxTransaction
                0x00000000080084ac       0xb0 ./Drivers/STM32G4xx_HAL_Driver/Src/stm32g4xx_hal_spi.o
 .text.SPI_EndRxTxTransaction
                0x000000000800855c       0x8c ./Drivers/STM32G4xx_HAL_Driver/Src/stm32g4xx_hal_spi.o
 .text.HAL_TIM_Base_Init
                0x00000000080085e8       0xae ./Drivers/STM32G4xx_HAL_Driver/Src/stm32g4xx_hal_tim.o
                0x00000000080085e8                HAL_TIM_Base_Init
 .text.HAL_TIM_PWM_Init
                0x0000000008008696       0xae ./Drivers/STM32G4xx_HAL_Driver/Src/stm32g4xx_hal_tim.o
                0x0000000008008696                HAL_TIM_PWM_Init
 .text.HAL_TIM_PWM_MspInit
                0x0000000008008744       0x14 ./Drivers/STM32G4xx_HAL_Driver/Src/stm32g4xx_hal_tim.o
                0x0000000008008744                HAL_TIM_PWM_MspInit
 .text.HAL_TIM_PWM_Start_IT
                0x0000000008008758      0x298 ./Drivers/STM32G4xx_HAL_Driver/Src/stm32g4xx_hal_tim.o
                0x0000000008008758                HAL_TIM_PWM_Start_IT
 .text.HAL_TIM_Encoder_Init
                0x00000000080089f0      0x14c ./Drivers/STM32G4xx_HAL_Driver/Src/stm32g4xx_hal_tim.o
                0x00000000080089f0                HAL_TIM_Encoder_Init
 .text.HAL_TIM_Encoder_Start_IT
                0x0000000008008b3c      0x15c ./Drivers/STM32G4xx_HAL_Driver/Src/stm32g4xx_hal_tim.o
                0x0000000008008b3c                HAL_TIM_Encoder_Start_IT
 .text.HAL_TIM_IRQHandler
                0x0000000008008c98      0x2fe ./Drivers/STM32G4xx_HAL_Driver/Src/stm32g4xx_hal_tim.o
                0x0000000008008c98                HAL_TIM_IRQHandler
 *fill*         0x0000000008008f96        0x2 
 .text.HAL_TIM_PWM_ConfigChannel
                0x0000000008008f98      0x228 ./Drivers/STM32G4xx_HAL_Driver/Src/stm32g4xx_hal_tim.o
                0x0000000008008f98                HAL_TIM_PWM_ConfigChannel
 .text.HAL_TIM_ConfigClockSource
                0x00000000080091c0      0x1f4 ./Drivers/STM32G4xx_HAL_Driver/Src/stm32g4xx_hal_tim.o
                0x00000000080091c0                HAL_TIM_ConfigClockSource
 .text.HAL_TIM_PeriodElapsedCallback
                0x00000000080093b4       0x14 ./Drivers/STM32G4xx_HAL_Driver/Src/stm32g4xx_hal_tim.o
                0x00000000080093b4                HAL_TIM_PeriodElapsedCallback
 .text.HAL_TIM_OC_DelayElapsedCallback
                0x00000000080093c8       0x14 ./Drivers/STM32G4xx_HAL_Driver/Src/stm32g4xx_hal_tim.o
                0x00000000080093c8                HAL_TIM_OC_DelayElapsedCallback
 .text.HAL_TIM_IC_CaptureCallback
                0x00000000080093dc       0x14 ./Drivers/STM32G4xx_HAL_Driver/Src/stm32g4xx_hal_tim.o
                0x00000000080093dc                HAL_TIM_IC_CaptureCallback
 .text.HAL_TIM_PWM_PulseFinishedCallback
                0x00000000080093f0       0x14 ./Drivers/STM32G4xx_HAL_Driver/Src/stm32g4xx_hal_tim.o
                0x00000000080093f0                HAL_TIM_PWM_PulseFinishedCallback
 .text.HAL_TIM_TriggerCallback
                0x0000000008009404       0x14 ./Drivers/STM32G4xx_HAL_Driver/Src/stm32g4xx_hal_tim.o
                0x0000000008009404                HAL_TIM_TriggerCallback
 .text.TIM_Base_SetConfig
                0x0000000008009418      0x120 ./Drivers/STM32G4xx_HAL_Driver/Src/stm32g4xx_hal_tim.o
                0x0000000008009418                TIM_Base_SetConfig
 .text.TIM_OC1_SetConfig
                0x0000000008009538      0x120 ./Drivers/STM32G4xx_HAL_Driver/Src/stm32g4xx_hal_tim.o
 .text.TIM_OC2_SetConfig
                0x0000000008009658      0x114 ./Drivers/STM32G4xx_HAL_Driver/Src/stm32g4xx_hal_tim.o
                0x0000000008009658                TIM_OC2_SetConfig
 .text.TIM_OC3_SetConfig
                0x000000000800976c      0x110 ./Drivers/STM32G4xx_HAL_Driver/Src/stm32g4xx_hal_tim.o
 .text.TIM_OC4_SetConfig
                0x000000000800987c      0x114 ./Drivers/STM32G4xx_HAL_Driver/Src/stm32g4xx_hal_tim.o
 .text.TIM_OC5_SetConfig
                0x0000000008009990       0xc8 ./Drivers/STM32G4xx_HAL_Driver/Src/stm32g4xx_hal_tim.o
 .text.TIM_OC6_SetConfig
                0x0000000008009a58       0xcc ./Drivers/STM32G4xx_HAL_Driver/Src/stm32g4xx_hal_tim.o
 .text.TIM_TI1_ConfigInputStage
                0x0000000008009b24       0x5e ./Drivers/STM32G4xx_HAL_Driver/Src/stm32g4xx_hal_tim.o
 .text.TIM_TI2_ConfigInputStage
                0x0000000008009b82       0x60 ./Drivers/STM32G4xx_HAL_Driver/Src/stm32g4xx_hal_tim.o
 .text.TIM_ITRx_SetConfig
                0x0000000008009be2       0x3a ./Drivers/STM32G4xx_HAL_Driver/Src/stm32g4xx_hal_tim.o
 .text.TIM_ETR_SetConfig
                0x0000000008009c1c       0x40 ./Drivers/STM32G4xx_HAL_Driver/Src/stm32g4xx_hal_tim.o
                0x0000000008009c1c                TIM_ETR_SetConfig
 .text.TIM_CCxChannelCmd
                0x0000000008009c5c       0x4a ./Drivers/STM32G4xx_HAL_Driver/Src/stm32g4xx_hal_tim.o
                0x0000000008009c5c                TIM_CCxChannelCmd
 *fill*         0x0000000008009ca6        0x2 
 .text.HAL_TIMEx_PWMN_Start_IT
                0x0000000008009ca8      0x210 ./Drivers/STM32G4xx_HAL_Driver/Src/stm32g4xx_hal_tim_ex.o
                0x0000000008009ca8                HAL_TIMEx_PWMN_Start_IT
 .text.HAL_TIMEx_MasterConfigSynchronization
                0x0000000008009eb8      0x104 ./Drivers/STM32G4xx_HAL_Driver/Src/stm32g4xx_hal_tim_ex.o
                0x0000000008009eb8                HAL_TIMEx_MasterConfigSynchronization
 .text.HAL_TIMEx_ConfigBreakDeadTime
                0x0000000008009fbc      0x140 ./Drivers/STM32G4xx_HAL_Driver/Src/stm32g4xx_hal_tim_ex.o
                0x0000000008009fbc                HAL_TIMEx_ConfigBreakDeadTime
 .text.HAL_TIMEx_CommutCallback
                0x000000000800a0fc       0x14 ./Drivers/STM32G4xx_HAL_Driver/Src/stm32g4xx_hal_tim_ex.o
                0x000000000800a0fc                HAL_TIMEx_CommutCallback
 .text.HAL_TIMEx_BreakCallback
                0x000000000800a110       0x14 ./Drivers/STM32G4xx_HAL_Driver/Src/stm32g4xx_hal_tim_ex.o
                0x000000000800a110                HAL_TIMEx_BreakCallback
 .text.HAL_TIMEx_Break2Callback
                0x000000000800a124       0x14 ./Drivers/STM32G4xx_HAL_Driver/Src/stm32g4xx_hal_tim_ex.o
                0x000000000800a124                HAL_TIMEx_Break2Callback
 .text.HAL_TIMEx_EncoderIndexCallback
                0x000000000800a138       0x14 ./Drivers/STM32G4xx_HAL_Driver/Src/stm32g4xx_hal_tim_ex.o
                0x000000000800a138                HAL_TIMEx_EncoderIndexCallback
 .text.HAL_TIMEx_DirectionChangeCallback
                0x000000000800a14c       0x14 ./Drivers/STM32G4xx_HAL_Driver/Src/stm32g4xx_hal_tim_ex.o
                0x000000000800a14c                HAL_TIMEx_DirectionChangeCallback
 .text.HAL_TIMEx_IndexErrorCallback
                0x000000000800a160       0x14 ./Drivers/STM32G4xx_HAL_Driver/Src/stm32g4xx_hal_tim_ex.o
                0x000000000800a160                HAL_TIMEx_IndexErrorCallback
 .text.HAL_TIMEx_TransitionErrorCallback
                0x000000000800a174       0x14 ./Drivers/STM32G4xx_HAL_Driver/Src/stm32g4xx_hal_tim_ex.o
                0x000000000800a174                HAL_TIMEx_TransitionErrorCallback
 .text.TIM_CCxNChannelCmd
                0x000000000800a188       0x4a ./Drivers/STM32G4xx_HAL_Driver/Src/stm32g4xx_hal_tim_ex.o
 .text.HAL_UART_Init
                0x000000000800a1d2       0xa0 ./Drivers/STM32G4xx_HAL_Driver/Src/stm32g4xx_hal_uart.o
                0x000000000800a1d2                HAL_UART_Init
 .text.HAL_UART_Transmit
                0x000000000800a272      0x12c ./Drivers/STM32G4xx_HAL_Driver/Src/stm32g4xx_hal_uart.o
                0x000000000800a272                HAL_UART_Transmit
 *fill*         0x000000000800a39e        0x2 
 .text.HAL_UART_IRQHandler
                0x000000000800a3a0      0x630 ./Drivers/STM32G4xx_HAL_Driver/Src/stm32g4xx_hal_uart.o
                0x000000000800a3a0                HAL_UART_IRQHandler
 .text.HAL_UART_TxCpltCallback
                0x000000000800a9d0       0x14 ./Drivers/STM32G4xx_HAL_Driver/Src/stm32g4xx_hal_uart.o
                0x000000000800a9d0                HAL_UART_TxCpltCallback
 .text.HAL_UART_ErrorCallback
                0x000000000800a9e4       0x14 ./Drivers/STM32G4xx_HAL_Driver/Src/stm32g4xx_hal_uart.o
                0x000000000800a9e4                HAL_UART_ErrorCallback
 .text.HAL_UARTEx_RxEventCallback
                0x000000000800a9f8       0x18 ./Drivers/STM32G4xx_HAL_Driver/Src/stm32g4xx_hal_uart.o
                0x000000000800a9f8                HAL_UARTEx_RxEventCallback
 .text.UART_SetConfig
                0x000000000800aa10      0x598 ./Drivers/STM32G4xx_HAL_Driver/Src/stm32g4xx_hal_uart.o
                0x000000000800aa10                UART_SetConfig
 .text.UART_AdvFeatureConfig
                0x000000000800afa8      0x144 ./Drivers/STM32G4xx_HAL_Driver/Src/stm32g4xx_hal_uart.o
                0x000000000800afa8                UART_AdvFeatureConfig
 .text.UART_CheckIdleState
                0x000000000800b0ec       0x96 ./Drivers/STM32G4xx_HAL_Driver/Src/stm32g4xx_hal_uart.o
                0x000000000800b0ec                UART_CheckIdleState
 .text.UART_WaitOnFlagUntilTimeout
                0x000000000800b182      0x190 ./Drivers/STM32G4xx_HAL_Driver/Src/stm32g4xx_hal_uart.o
                0x000000000800b182                UART_WaitOnFlagUntilTimeout
 .text.UART_EndRxTransfer
                0x000000000800b312       0xcc ./Drivers/STM32G4xx_HAL_Driver/Src/stm32g4xx_hal_uart.o
 .text.UART_DMAAbortOnError
                0x000000000800b3de       0x2c ./Drivers/STM32G4xx_HAL_Driver/Src/stm32g4xx_hal_uart.o
 .text.UART_EndTransmit_IT
                0x000000000800b40a       0x56 ./Drivers/STM32G4xx_HAL_Driver/Src/stm32g4xx_hal_uart.o
 .text.HAL_UARTEx_WakeupCallback
                0x000000000800b460       0x14 ./Drivers/STM32G4xx_HAL_Driver/Src/stm32g4xx_hal_uart_ex.o
                0x000000000800b460                HAL_UARTEx_WakeupCallback
 .text.HAL_UARTEx_RxFifoFullCallback
                0x000000000800b474       0x14 ./Drivers/STM32G4xx_HAL_Driver/Src/stm32g4xx_hal_uart_ex.o
                0x000000000800b474                HAL_UARTEx_RxFifoFullCallback
 .text.HAL_UARTEx_TxFifoEmptyCallback
                0x000000000800b488       0x14 ./Drivers/STM32G4xx_HAL_Driver/Src/stm32g4xx_hal_uart_ex.o
                0x000000000800b488                HAL_UARTEx_TxFifoEmptyCallback
 .text.HAL_UARTEx_DisableFifoMode
                0x000000000800b49c       0x72 ./Drivers/STM32G4xx_HAL_Driver/Src/stm32g4xx_hal_uart_ex.o
                0x000000000800b49c                HAL_UARTEx_DisableFifoMode
 .text.HAL_UARTEx_SetTxFifoThreshold
                0x000000000800b50e       0x7c ./Drivers/STM32G4xx_HAL_Driver/Src/stm32g4xx_hal_uart_ex.o
                0x000000000800b50e                HAL_UARTEx_SetTxFifoThreshold
 .text.HAL_UARTEx_SetRxFifoThreshold
                0x000000000800b58a       0x7c ./Drivers/STM32G4xx_HAL_Driver/Src/stm32g4xx_hal_uart_ex.o
                0x000000000800b58a                HAL_UARTEx_SetRxFifoThreshold
 *fill*         0x000000000800b606        0x2 
 .text.UARTEx_SetNbDataToProcess
                0x000000000800b608       0x9c ./Drivers/STM32G4xx_HAL_Driver/Src/stm32g4xx_hal_uart_ex.o
 .text.memset   0x000000000800b6a4       0x10 D:/STM32CubeIDE_1.14.0/STM32CubeIDE/plugins/com.st.stm32cube.ide.mcu.externaltools.gnu-tools-for-stm32.11.3.rel1.win32_1.1.100.202309141235/tools/bin/../lib/gcc/arm-none-eabi/11.3.1/../../../../arm-none-eabi/lib/thumb/v7e-m+fp/hard\libc_nano.a(libc_a-memset.o)
                0x000000000800b6a4                memset
 .text.__libc_init_array
                0x000000000800b6b4       0x48 D:/STM32CubeIDE_1.14.0/STM32CubeIDE/plugins/com.st.stm32cube.ide.mcu.externaltools.gnu-tools-for-stm32.11.3.rel1.win32_1.1.100.202309141235/tools/bin/../lib/gcc/arm-none-eabi/11.3.1/../../../../arm-none-eabi/lib/thumb/v7e-m+fp/hard\libc_nano.a(libc_a-init.o)
                0x000000000800b6b4                __libc_init_array
 *(.glue_7)
 .glue_7        0x000000000800b6fc        0x0 linker stubs
 *(.glue_7t)
 .glue_7t       0x000000000800b6fc        0x0 linker stubs
 *(.eh_frame)
 .eh_frame      0x000000000800b6fc        0x0 D:/STM32CubeIDE_1.14.0/STM32CubeIDE/plugins/com.st.stm32cube.ide.mcu.externaltools.gnu-tools-for-stm32.11.3.rel1.win32_1.1.100.202309141235/tools/bin/../lib/gcc/arm-none-eabi/11.3.1/thumb/v7e-m+fp/hard/crtbegin.o
 *(.init)
 .init          0x000000000800b6fc        0x4 D:/STM32CubeIDE_1.14.0/STM32CubeIDE/plugins/com.st.stm32cube.ide.mcu.externaltools.gnu-tools-for-stm32.11.3.rel1.win32_1.1.100.202309141235/tools/bin/../lib/gcc/arm-none-eabi/11.3.1/thumb/v7e-m+fp/hard/crti.o
                0x000000000800b6fc                _init
 .init          0x000000000800b700        0x8 D:/STM32CubeIDE_1.14.0/STM32CubeIDE/plugins/com.st.stm32cube.ide.mcu.externaltools.gnu-tools-for-stm32.11.3.rel1.win32_1.1.100.202309141235/tools/bin/../lib/gcc/arm-none-eabi/11.3.1/thumb/v7e-m+fp/hard/crtn.o
 *(.fini)
 .fini          0x000000000800b708        0x4 D:/STM32CubeIDE_1.14.0/STM32CubeIDE/plugins/com.st.stm32cube.ide.mcu.externaltools.gnu-tools-for-stm32.11.3.rel1.win32_1.1.100.202309141235/tools/bin/../lib/gcc/arm-none-eabi/11.3.1/thumb/v7e-m+fp/hard/crti.o
                0x000000000800b708                _fini
 .fini          0x000000000800b70c        0x8 D:/STM32CubeIDE_1.14.0/STM32CubeIDE/plugins/com.st.stm32cube.ide.mcu.externaltools.gnu-tools-for-stm32.11.3.rel1.win32_1.1.100.202309141235/tools/bin/../lib/gcc/arm-none-eabi/11.3.1/thumb/v7e-m+fp/hard/crtn.o
                0x000000000800b714                . = ALIGN (0x4)
                0x000000000800b714                _etext = .

.vfp11_veneer   0x000000000800b714        0x0
 .vfp11_veneer  0x000000000800b714        0x0 linker stubs

.v4_bx          0x000000000800b714        0x0
 .v4_bx         0x000000000800b714        0x0 linker stubs

.iplt           0x000000000800b714        0x0
 .iplt          0x000000000800b714        0x0 D:/STM32CubeIDE_1.14.0/STM32CubeIDE/plugins/com.st.stm32cube.ide.mcu.externaltools.gnu-tools-for-stm32.11.3.rel1.win32_1.1.100.202309141235/tools/bin/../lib/gcc/arm-none-eabi/11.3.1/thumb/v7e-m+fp/hard/crtbegin.o

.rodata         0x000000000800b714      0x680
                0x000000000800b714                . = ALIGN (0x4)
 *(.rodata)
 *(.rodata*)
 .rodata.sin_tab
                0x000000000800b714      0x320 ./Core/Src/Zmienna_Motor.o
                0x000000000800b714                sin_tab
 .rodata.cos_tab
                0x000000000800ba34      0x320 ./Core/Src/Zmienna_Motor.o
                0x000000000800ba34                cos_tab
 .rodata.AHBPrescTable
                0x000000000800bd54       0x10 ./Core/Src/system_stm32g4xx.o
                0x000000000800bd54                AHBPrescTable
 .rodata.APBPrescTable
                0x000000000800bd64        0x8 ./Core/Src/system_stm32g4xx.o
                0x000000000800bd64                APBPrescTable
 .rodata.UARTPrescTable
                0x000000000800bd6c       0x18 ./Drivers/STM32G4xx_HAL_Driver/Src/stm32g4xx_hal_uart.o
                0x000000000800bd6c                UARTPrescTable
 .rodata.numerator.1
                0x000000000800bd84        0x8 ./Drivers/STM32G4xx_HAL_Driver/Src/stm32g4xx_hal_uart_ex.o
 .rodata.denominator.0
                0x000000000800bd8c        0x8 ./Drivers/STM32G4xx_HAL_Driver/Src/stm32g4xx_hal_uart_ex.o
                0x000000000800bd94                . = ALIGN (0x4)

.ARM.extab      0x000000000800bd94        0x0
                0x000000000800bd94                . = ALIGN (0x4)
 *(.ARM.extab* .gnu.linkonce.armextab.*)
                0x000000000800bd94                . = ALIGN (0x4)

.ARM            0x000000000800bd94        0x8
                0x000000000800bd94                . = ALIGN (0x4)
                0x000000000800bd94                __exidx_start = .
 *(.ARM.exidx*)
 .ARM.exidx     0x000000000800bd94        0x8 D:/STM32CubeIDE_1.14.0/STM32CubeIDE/plugins/com.st.stm32cube.ide.mcu.externaltools.gnu-tools-for-stm32.11.3.rel1.win32_1.1.100.202309141235/tools/bin/../lib/gcc/arm-none-eabi/11.3.1/thumb/v7e-m+fp/hard\libgcc.a(_udivmoddi4.o)
                0x000000000800bd9c                __exidx_end = .
                0x000000000800bd9c                . = ALIGN (0x4)

.rel.dyn        0x000000000800bd9c        0x0
 .rel.iplt      0x000000000800bd9c        0x0 D:/STM32CubeIDE_1.14.0/STM32CubeIDE/plugins/com.st.stm32cube.ide.mcu.externaltools.gnu-tools-for-stm32.11.3.rel1.win32_1.1.100.202309141235/tools/bin/../lib/gcc/arm-none-eabi/11.3.1/thumb/v7e-m+fp/hard/crtbegin.o

.preinit_array  0x000000000800bd9c        0x0
                0x000000000800bd9c                . = ALIGN (0x4)
                0x000000000800bd9c                PROVIDE (__preinit_array_start = .)
 *(.preinit_array*)
                0x000000000800bd9c                PROVIDE (__preinit_array_end = .)
                0x000000000800bd9c                . = ALIGN (0x4)

.init_array     0x000000000800bd9c        0x4
                0x000000000800bd9c                . = ALIGN (0x4)
                0x000000000800bd9c                PROVIDE (__init_array_start = .)
 *(SORT_BY_NAME(.init_array.*))
 *(.init_array*)
 .init_array    0x000000000800bd9c        0x4 D:/STM32CubeIDE_1.14.0/STM32CubeIDE/plugins/com.st.stm32cube.ide.mcu.externaltools.gnu-tools-for-stm32.11.3.rel1.win32_1.1.100.202309141235/tools/bin/../lib/gcc/arm-none-eabi/11.3.1/thumb/v7e-m+fp/hard/crtbegin.o
                0x000000000800bda0                PROVIDE (__init_array_end = .)
                0x000000000800bda0                . = ALIGN (0x4)

.fini_array     0x000000000800bda0        0x4
                0x000000000800bda0                . = ALIGN (0x4)
                [!provide]                        PROVIDE (__fini_array_start = .)
 *(SORT_BY_NAME(.fini_array.*))
 *(.fini_array*)
 .fini_array    0x000000000800bda0        0x4 D:/STM32CubeIDE_1.14.0/STM32CubeIDE/plugins/com.st.stm32cube.ide.mcu.externaltools.gnu-tools-for-stm32.11.3.rel1.win32_1.1.100.202309141235/tools/bin/../lib/gcc/arm-none-eabi/11.3.1/thumb/v7e-m+fp/hard/crtbegin.o
                [!provide]                        PROVIDE (__fini_array_end = .)
                0x000000000800bda4                . = ALIGN (0x4)
                0x000000000800bda4                _sidata = LOADADDR (.data)

.data           0x0000000020000000       0x28 load address 0x000000000800bda4
                0x0000000020000000                . = ALIGN (0x4)
                0x0000000020000000                _sdata = .
 *(.data)
 *(.data*)
 .data.FOC_ON   0x0000000020000000        0x1 ./Core/Src/Zmienna_Motor.o
                0x0000000020000000                FOC_ON
 *fill*         0x0000000020000001        0x1 
 .data.rpm_speed_zad
                0x0000000020000002        0x2 ./Core/Src/Zmienna_Motor.o
                0x0000000020000002                rpm_speed_zad
 .data.REG_ANGLECOM_ADR
                0x0000000020000004        0x2 ./Core/Src/main.o
                0x0000000020000004                REG_ANGLECOM_ADR
 *fill*         0x0000000020000006        0x2 
 .data.SPI_bufor_tx
                0x0000000020000008        0x8 ./Core/Src/main.o
                0x0000000020000008                SPI_bufor_tx
 .data.tryb_speed_m
                0x0000000020000010        0x1 ./Core/Src/main.o
                0x0000000020000010                tryb_speed_m
 *fill*         0x0000000020000011        0x3 
 .data.bufor_tx
                0x0000000020000014        0x8 ./Core/Src/main.o
                0x0000000020000014                bufor_tx
 .data.SystemCoreClock
                0x000000002000001c        0x4 ./Core/Src/system_stm32g4xx.o
                0x000000002000001c                SystemCoreClock
 .data.uwTickPrio
                0x0000000020000020        0x4 ./Drivers/STM32G4xx_HAL_Driver/Src/stm32g4xx_hal.o
                0x0000000020000020                uwTickPrio
 .data.uwTickFreq
                0x0000000020000024        0x4 ./Drivers/STM32G4xx_HAL_Driver/Src/stm32g4xx_hal.o
                0x0000000020000024                uwTickFreq
 *(.RamFunc)
 *(.RamFunc*)
                0x0000000020000028                . = ALIGN (0x4)
                0x0000000020000028                _edata = .

.igot.plt       0x0000000020000028        0x0 load address 0x000000000800bdcc
 .igot.plt      0x0000000020000028        0x0 D:/STM32CubeIDE_1.14.0/STM32CubeIDE/plugins/com.st.stm32cube.ide.mcu.externaltools.gnu-tools-for-stm32.11.3.rel1.win32_1.1.100.202309141235/tools/bin/../lib/gcc/arm-none-eabi/11.3.1/thumb/v7e-m+fp/hard/crtbegin.o
                0x0000000020000028                . = ALIGN (0x4)

.bss            0x0000000020000028      0x4f8 load address 0x000000000800bdcc
                0x0000000020000028                _sbss = .
                0x0000000020000028                __bss_start__ = _sbss
 *(.bss)
 .bss           0x0000000020000028       0x1c D:/STM32CubeIDE_1.14.0/STM32CubeIDE/plugins/com.st.stm32cube.ide.mcu.externaltools.gnu-tools-for-stm32.11.3.rel1.win32_1.1.100.202309141235/tools/bin/../lib/gcc/arm-none-eabi/11.3.1/thumb/v7e-m+fp/hard/crtbegin.o
 *(.bss*)
 .bss.PI_regul_on
                0x0000000020000044        0x1 ./Core/Src/Zmienna_Motor.o
                0x0000000020000044                PI_regul_on
 *fill*         0x0000000020000045        0x1 
 .bss.count     0x0000000020000046        0x2 ./Core/Src/Zmienna_Motor.o
                0x0000000020000046                count
 .bss.pozycja_walu
                0x0000000020000048        0x2 ./Core/Src/Zmienna_Motor.o
                0x0000000020000048                pozycja_walu
 .bss.pozycja_walu_deg
                0x000000002000004a        0x2 ./Core/Src/Zmienna_Motor.o
                0x000000002000004a                pozycja_walu_deg
 .bss.obroty_pom
                0x000000002000004c        0x2 ./Core/Src/Zmienna_Motor.o
                0x000000002000004c                obroty_pom
 *fill*         0x000000002000004e        0x2 
 .bss.pozycja_zad
                0x0000000020000050        0x4 ./Core/Src/Zmienna_Motor.o
                0x0000000020000050                pozycja_zad
 .bss.PI_VD_out
                0x0000000020000054        0x4 ./Core/Src/Zmienna_Motor.o
                0x0000000020000054                PI_VD_out
 .bss.PI_VQ_out
                0x0000000020000058        0x4 ./Core/Src/Zmienna_Motor.o
                0x0000000020000058                PI_VQ_out
 .bss.prad_q_zad
                0x000000002000005c        0x4 ./Core/Src/Zmienna_Motor.o
                0x000000002000005c                prad_q_zad
 .bss.prad_d_zad
                0x0000000020000060        0x4 ./Core/Src/Zmienna_Motor.o
                0x0000000020000060                prad_d_zad
 .bss.prad_q    0x0000000020000064        0x2 ./Core/Src/Zmienna_Motor.o
                0x0000000020000064                prad_q
 .bss.prad_d    0x0000000020000066        0x2 ./Core/Src/Zmienna_Motor.o
                0x0000000020000066                prad_d
 .bss.prad_alpha
                0x0000000020000068        0x2 ./Core/Src/Zmienna_Motor.o
                0x0000000020000068                prad_alpha
 .bss.prad_beta
                0x000000002000006a        0x2 ./Core/Src/Zmienna_Motor.o
                0x000000002000006a                prad_beta
 .bss.napiecie_Ualpha
                0x000000002000006c        0x4 ./Core/Src/Zmienna_Motor.o
                0x000000002000006c                napiecie_Ualpha
 .bss.napiecie_Ubeta
                0x0000000020000070        0x4 ./Core/Src/Zmienna_Motor.o
                0x0000000020000070                napiecie_Ubeta
 .bss.napiecie_U_U
                0x0000000020000074        0x4 ./Core/Src/Zmienna_Motor.o
                0x0000000020000074                napiecie_U_U
 .bss.napiecie_U_V
                0x0000000020000078        0x4 ./Core/Src/Zmienna_Motor.o
                0x0000000020000078                napiecie_U_V
 .bss.napiecie_U_W
                0x000000002000007c        0x4 ./Core/Src/Zmienna_Motor.o
                0x000000002000007c                napiecie_U_W
 .bss.rpm_speed
                0x0000000020000080        0x2 ./Core/Src/Zmienna_Motor.o
                0x0000000020000080                rpm_speed
 .bss.pozycja_poprz
                0x0000000020000082        0x2 ./Core/Src/Zmienna_Motor.o
                0x0000000020000082                pozycja_poprz
 .bss.pozycja_x
                0x0000000020000084        0x2 ./Core/Src/Zmienna_Motor.o
                0x0000000020000084                pozycja_x
 .bss.I_a_ADC   0x0000000020000086        0x2 ./Core/Src/Zmienna_Motor.o
                0x0000000020000086                I_a_ADC
 .bss.I_b_ADC   0x0000000020000088        0x2 ./Core/Src/Zmienna_Motor.o
                0x0000000020000088                I_b_ADC
 .bss.DC_bus_volt_ADC
                0x000000002000008a        0x2 ./Core/Src/Zmienna_Motor.o
                0x000000002000008a                DC_bus_volt_ADC
 .bss.U_SVPWM   0x000000002000008c        0x2 ./Core/Src/Zmienna_Motor.o
                0x000000002000008c                U_SVPWM
 .bss.V_SVPWM   0x000000002000008e        0x2 ./Core/Src/Zmienna_Motor.o
                0x000000002000008e                V_SVPWM
 .bss.W_SVPWM   0x0000000020000090        0x2 ./Core/Src/Zmienna_Motor.o
                0x0000000020000090                W_SVPWM
 .bss.PWM_U     0x0000000020000092        0x2 ./Core/Src/Zmienna_Motor.o
                0x0000000020000092                PWM_U
 .bss.PWM_V     0x0000000020000094        0x2 ./Core/Src/Zmienna_Motor.o
                0x0000000020000094                PWM_V
 .bss.PWM_W     0x0000000020000096        0x2 ./Core/Src/Zmienna_Motor.o
                0x0000000020000096                PWM_W
 .bss.prad      0x0000000020000098        0x8 ./Core/Src/Zmienna_Motor.o
                0x0000000020000098                prad
 .bss.ADC_CAL   0x00000000200000a0        0x8 ./Core/Src/Zmienna_Motor.o
                0x00000000200000a0                ADC_CAL
 .bss.last_error.1
                0x00000000200000a8        0x4 ./Core/Src/Zmienna_Motor.o
 .bss.tmp_out.0
                0x00000000200000ac        0x4 ./Core/Src/Zmienna_Motor.o
 .bss.hadc1     0x00000000200000b0       0x6c ./Core/Src/main.o
                0x00000000200000b0                hadc1
 .bss.hadc2     0x000000002000011c       0x6c ./Core/Src/main.o
                0x000000002000011c                hadc2
 .bss.hcordic   0x0000000020000188       0x28 ./Core/Src/main.o
                0x0000000020000188                hcordic
 .bss.hdac1     0x00000000200001b0       0x14 ./Core/Src/main.o
                0x00000000200001b0                hdac1
 .bss.hfdcan1   0x00000000200001c4       0x64 ./Core/Src/main.o
                0x00000000200001c4                hfdcan1
 .bss.hspi3     0x0000000020000228       0x64 ./Core/Src/main.o
                0x0000000020000228                hspi3
 .bss.htim1     0x000000002000028c       0x4c ./Core/Src/main.o
                0x000000002000028c                htim1
 .bss.htim2     0x00000000200002d8       0x4c ./Core/Src/main.o
                0x00000000200002d8                htim2
 .bss.htim6     0x0000000020000324       0x4c ./Core/Src/main.o
                0x0000000020000324                htim6
 .bss.htim17    0x0000000020000370       0x4c ./Core/Src/main.o
                0x0000000020000370                htim17
 .bss.huart1    0x00000000200003bc       0x90 ./Core/Src/main.o
                0x00000000200003bc                huart1
 .bss.REG_ANGLECOM
                0x000000002000044c        0x2 ./Core/Src/main.o
                0x000000002000044c                REG_ANGLECOM
 *fill*         0x000000002000044e        0x2 
 .bss.SPI_bufor_rx
                0x0000000020000450        0x8 ./Core/Src/main.o
                0x0000000020000450                SPI_bufor_rx
 .bss.CAL_status
                0x0000000020000458        0x1 ./Core/Src/main.o
                0x0000000020000458                CAL_status
 *fill*         0x0000000020000459        0x1 
 .bss.kierunek  0x000000002000045a        0x2 ./Core/Src/main.o
                0x000000002000045a                kierunek
 .bss.kierunek2
                0x000000002000045c        0x2 ./Core/Src/main.o
                0x000000002000045c                kierunek2
 *fill*         0x000000002000045e        0x2 
 .bss.calka_pozycja
                0x0000000020000460        0x4 ./Core/Src/main.o
                0x0000000020000460                calka_pozycja
 .bss.czas_10ms
                0x0000000020000464        0x2 ./Core/Src/main.o
                0x0000000020000464                czas_10ms
 .bss.czas_100ms
                0x0000000020000466        0x2 ./Core/Src/main.o
                0x0000000020000466                czas_100ms
 .bss.Iq_reg    0x0000000020000468       0x28 ./Core/Src/main.o
                0x0000000020000468                Iq_reg
 .bss.Id_reg    0x0000000020000490       0x28 ./Core/Src/main.o
                0x0000000020000490                Id_reg
 .bss.HAL_RCC_ADC12_CLK_ENABLED
                0x00000000200004b8        0x4 ./Core/Src/stm32g4xx_hal_msp.o
 .bss.delta_poz
                0x00000000200004bc        0x2 ./Core/Src/stm32g4xx_it.o
                0x00000000200004bc                delta_poz
 .bss.Pos_reg   0x00000000200004be        0x2 ./Core/Src/stm32g4xx_it.o
                0x00000000200004be                Pos_reg
 .bss.estimate_rpm
                0x00000000200004c0        0x2 ./Core/Src/stm32g4xx_it.o
                0x00000000200004c0                estimate_rpm
 *fill*         0x00000000200004c2        0x2 
 .bss.POSTION   0x00000000200004c4       0x1c ./Core/Src/stm32g4xx_it.o
                0x00000000200004c4                POSTION
 .bss.speed     0x00000000200004e0       0x28 ./Core/Src/stm32g4xx_it.o
                0x00000000200004e0                speed
 .bss.Lpf       0x0000000020000508        0x4 ./Core/Src/stm32g4xx_it.o
                0x0000000020000508                Lpf
 .bss.start_speed.7
                0x000000002000050c        0x2 ./Core/Src/stm32g4xx_it.o
 .bss.count_10ms.6
                0x000000002000050e        0x2 ./Core/Src/stm32g4xx_it.o
 .bss.poz_x.5   0x0000000020000510        0x2 ./Core/Src/stm32g4xx_it.o
 .bss.poz_pop.4
                0x0000000020000512        0x2 ./Core/Src/stm32g4xx_it.o
 .bss.poz_pop_cal.3
                0x0000000020000514        0x2 ./Core/Src/stm32g4xx_it.o
 .bss.licznik_10ms.2
                0x0000000020000516        0x2 ./Core/Src/stm32g4xx_it.o
 .bss.licznik_100ms.1
                0x0000000020000518        0x2 ./Core/Src/stm32g4xx_it.o
 *fill*         0x000000002000051a        0x2 
 .bss.uwTick    0x000000002000051c        0x4 ./Drivers/STM32G4xx_HAL_Driver/Src/stm32g4xx_hal.o
                0x000000002000051c                uwTick
 *(COMMON)
                0x0000000020000520                . = ALIGN (0x4)
                0x0000000020000520                _ebss = .
                0x0000000020000520                __bss_end__ = _ebss

._user_heap_stack
                0x0000000020000520      0x600 load address 0x000000000800bdcc
                0x0000000020000520                . = ALIGN (0x8)
                [!provide]                        PROVIDE (end = .)
                0x0000000020000520                PROVIDE (_end = .)
                0x0000000020000720                . = (. + _Min_Heap_Size)
 *fill*         0x0000000020000520      0x200 
                0x0000000020000b20                . = (. + _Min_Stack_Size)
 *fill*         0x0000000020000720      0x400 
                0x0000000020000b20                . = ALIGN (0x8)

/DISCARD/
 libc.a(*)
 libm.a(*)
 libgcc.a(*)

.ARM.attributes
                0x0000000000000000       0x30
 *(.ARM.attributes)
 .ARM.attributes
                0x0000000000000000       0x1e D:/STM32CubeIDE_1.14.0/STM32CubeIDE/plugins/com.st.stm32cube.ide.mcu.externaltools.gnu-tools-for-stm32.11.3.rel1.win32_1.1.100.202309141235/tools/bin/../lib/gcc/arm-none-eabi/11.3.1/thumb/v7e-m+fp/hard/crti.o
 .ARM.attributes
                0x000000000000001e       0x34 D:/STM32CubeIDE_1.14.0/STM32CubeIDE/plugins/com.st.stm32cube.ide.mcu.externaltools.gnu-tools-for-stm32.11.3.rel1.win32_1.1.100.202309141235/tools/bin/../lib/gcc/arm-none-eabi/11.3.1/thumb/v7e-m+fp/hard/crtbegin.o
 .ARM.attributes
                0x0000000000000052       0x34 ./Core/Src/PI_reg.o
 .ARM.attributes
                0x0000000000000086       0x34 ./Core/Src/Zmienna_Motor.o
 .ARM.attributes
                0x00000000000000ba       0x34 ./Core/Src/main.o
 .ARM.attributes
                0x00000000000000ee       0x34 ./Core/Src/stm32g4xx_hal_msp.o
 .ARM.attributes
                0x0000000000000122       0x34 ./Core/Src/stm32g4xx_it.o
 .ARM.attributes
                0x0000000000000156       0x34 ./Core/Src/system_stm32g4xx.o
 .ARM.attributes
                0x000000000000018a       0x21 ./Core/Startup/startup_stm32g431rbtx.o
 .ARM.attributes
                0x00000000000001ab       0x34 ./Drivers/STM32G4xx_HAL_Driver/Src/stm32g4xx_hal.o
 .ARM.attributes
                0x00000000000001df       0x34 ./Drivers/STM32G4xx_HAL_Driver/Src/stm32g4xx_hal_adc.o
 .ARM.attributes
                0x0000000000000213       0x34 ./Drivers/STM32G4xx_HAL_Driver/Src/stm32g4xx_hal_adc_ex.o
 .ARM.attributes
                0x0000000000000247       0x34 ./Drivers/STM32G4xx_HAL_Driver/Src/stm32g4xx_hal_cordic.o
 .ARM.attributes
                0x000000000000027b       0x34 ./Drivers/STM32G4xx_HAL_Driver/Src/stm32g4xx_hal_cortex.o
 .ARM.attributes
                0x00000000000002af       0x34 ./Drivers/STM32G4xx_HAL_Driver/Src/stm32g4xx_hal_dac.o
 .ARM.attributes
                0x00000000000002e3       0x34 ./Drivers/STM32G4xx_HAL_Driver/Src/stm32g4xx_hal_dac_ex.o
 .ARM.attributes
                0x0000000000000317       0x34 ./Drivers/STM32G4xx_HAL_Driver/Src/stm32g4xx_hal_dma.o
 .ARM.attributes
                0x000000000000034b       0x34 ./Drivers/STM32G4xx_HAL_Driver/Src/stm32g4xx_hal_fdcan.o
 .ARM.attributes
                0x000000000000037f       0x34 ./Drivers/STM32G4xx_HAL_Driver/Src/stm32g4xx_hal_gpio.o
 .ARM.attributes
                0x00000000000003b3       0x34 ./Drivers/STM32G4xx_HAL_Driver/Src/stm32g4xx_hal_pwr_ex.o
 .ARM.attributes
                0x00000000000003e7       0x34 ./Drivers/STM32G4xx_HAL_Driver/Src/stm32g4xx_hal_rcc.o
 .ARM.attributes
                0x000000000000041b       0x34 ./Drivers/STM32G4xx_HAL_Driver/Src/stm32g4xx_hal_rcc_ex.o
 .ARM.attributes
                0x000000000000044f       0x34 ./Drivers/STM32G4xx_HAL_Driver/Src/stm32g4xx_hal_spi.o
 .ARM.attributes
                0x0000000000000483       0x34 ./Drivers/STM32G4xx_HAL_Driver/Src/stm32g4xx_hal_tim.o
 .ARM.attributes
                0x00000000000004b7       0x34 ./Drivers/STM32G4xx_HAL_Driver/Src/stm32g4xx_hal_tim_ex.o
 .ARM.attributes
                0x00000000000004eb       0x34 ./Drivers/STM32G4xx_HAL_Driver/Src/stm32g4xx_hal_uart.o
 .ARM.attributes
                0x000000000000051f       0x34 ./Drivers/STM32G4xx_HAL_Driver/Src/stm32g4xx_hal_uart_ex.o
 .ARM.attributes
                0x0000000000000553       0x34 D:/STM32CubeIDE_1.14.0/STM32CubeIDE/plugins/com.st.stm32cube.ide.mcu.externaltools.gnu-tools-for-stm32.11.3.rel1.win32_1.1.100.202309141235/tools/bin/../lib/gcc/arm-none-eabi/11.3.1/../../../../arm-none-eabi/lib/thumb/v7e-m+fp/hard\libc_nano.a(libc_a-memset.o)
 .ARM.attributes
                0x0000000000000587       0x34 D:/STM32CubeIDE_1.14.0/STM32CubeIDE/plugins/com.st.stm32cube.ide.mcu.externaltools.gnu-tools-for-stm32.11.3.rel1.win32_1.1.100.202309141235/tools/bin/../lib/gcc/arm-none-eabi/11.3.1/../../../../arm-none-eabi/lib/thumb/v7e-m+fp/hard\libc_nano.a(libc_a-init.o)
 .ARM.attributes
                0x00000000000005bb       0x1e D:/STM32CubeIDE_1.14.0/STM32CubeIDE/plugins/com.st.stm32cube.ide.mcu.externaltools.gnu-tools-for-stm32.11.3.rel1.win32_1.1.100.202309141235/tools/bin/../lib/gcc/arm-none-eabi/11.3.1/thumb/v7e-m+fp/hard\libgcc.a(_arm_muldf3.o)
 .ARM.attributes
                0x00000000000005d9       0x1e D:/STM32CubeIDE_1.14.0/STM32CubeIDE/plugins/com.st.stm32cube.ide.mcu.externaltools.gnu-tools-for-stm32.11.3.rel1.win32_1.1.100.202309141235/tools/bin/../lib/gcc/arm-none-eabi/11.3.1/thumb/v7e-m+fp/hard\libgcc.a(_arm_addsubdf3.o)
 .ARM.attributes
                0x00000000000005f7       0x1e D:/STM32CubeIDE_1.14.0/STM32CubeIDE/plugins/com.st.stm32cube.ide.mcu.externaltools.gnu-tools-for-stm32.11.3.rel1.win32_1.1.100.202309141235/tools/bin/../lib/gcc/arm-none-eabi/11.3.1/thumb/v7e-m+fp/hard\libgcc.a(_arm_fixdfsi.o)
 .ARM.attributes
                0x0000000000000615       0x1e D:/STM32CubeIDE_1.14.0/STM32CubeIDE/plugins/com.st.stm32cube.ide.mcu.externaltools.gnu-tools-for-stm32.11.3.rel1.win32_1.1.100.202309141235/tools/bin/../lib/gcc/arm-none-eabi/11.3.1/thumb/v7e-m+fp/hard\libgcc.a(_arm_fixunsdfsi.o)
 .ARM.attributes
                0x0000000000000633       0x1e D:/STM32CubeIDE_1.14.0/STM32CubeIDE/plugins/com.st.stm32cube.ide.mcu.externaltools.gnu-tools-for-stm32.11.3.rel1.win32_1.1.100.202309141235/tools/bin/../lib/gcc/arm-none-eabi/11.3.1/thumb/v7e-m+fp/hard\libgcc.a(_aeabi_uldivmod.o)
 .ARM.attributes
                0x0000000000000651       0x34 D:/STM32CubeIDE_1.14.0/STM32CubeIDE/plugins/com.st.stm32cube.ide.mcu.externaltools.gnu-tools-for-stm32.11.3.rel1.win32_1.1.100.202309141235/tools/bin/../lib/gcc/arm-none-eabi/11.3.1/thumb/v7e-m+fp/hard\libgcc.a(_udivmoddi4.o)
 .ARM.attributes
                0x0000000000000685       0x1e D:/STM32CubeIDE_1.14.0/STM32CubeIDE/plugins/com.st.stm32cube.ide.mcu.externaltools.gnu-tools-for-stm32.11.3.rel1.win32_1.1.100.202309141235/tools/bin/../lib/gcc/arm-none-eabi/11.3.1/thumb/v7e-m+fp/hard\libgcc.a(_dvmd_tls.o)
 .ARM.attributes
                0x00000000000006a3       0x1e D:/STM32CubeIDE_1.14.0/STM32CubeIDE/plugins/com.st.stm32cube.ide.mcu.externaltools.gnu-tools-for-stm32.11.3.rel1.win32_1.1.100.202309141235/tools/bin/../lib/gcc/arm-none-eabi/11.3.1/thumb/v7e-m+fp/hard/crtn.o
OUTPUT(Doktorat_G431_3_polemotor_git.elf elf32-littlearm)
LOAD linker stubs
LOAD D:/STM32CubeIDE_1.14.0/STM32CubeIDE/plugins/com.st.stm32cube.ide.mcu.externaltools.gnu-tools-for-stm32.11.3.rel1.win32_1.1.100.202309141235/tools/bin/../lib/gcc/arm-none-eabi/11.3.1/../../../../arm-none-eabi/lib/thumb/v7e-m+fp/hard\libc.a
LOAD D:/STM32CubeIDE_1.14.0/STM32CubeIDE/plugins/com.st.stm32cube.ide.mcu.externaltools.gnu-tools-for-stm32.11.3.rel1.win32_1.1.100.202309141235/tools/bin/../lib/gcc/arm-none-eabi/11.3.1/../../../../arm-none-eabi/lib/thumb/v7e-m+fp/hard\libm.a
LOAD D:/STM32CubeIDE_1.14.0/STM32CubeIDE/plugins/com.st.stm32cube.ide.mcu.externaltools.gnu-tools-for-stm32.11.3.rel1.win32_1.1.100.202309141235/tools/bin/../lib/gcc/arm-none-eabi/11.3.1/thumb/v7e-m+fp/hard\libgcc.a

.comment        0x0000000000000000       0x43
 .comment       0x0000000000000000       0x43 D:/STM32CubeIDE_1.14.0/STM32CubeIDE/plugins/com.st.stm32cube.ide.mcu.externaltools.gnu-tools-for-stm32.11.3.rel1.win32_1.1.100.202309141235/tools/bin/../lib/gcc/arm-none-eabi/11.3.1/thumb/v7e-m+fp/hard/crtbegin.o
                                         0x44 (size before relaxing)
 .comment       0x0000000000000043       0x44 ./Core/Src/PI_reg.o
 .comment       0x0000000000000043       0x44 ./Core/Src/Zmienna_Motor.o
 .comment       0x0000000000000043       0x44 ./Core/Src/main.o
 .comment       0x0000000000000043       0x44 ./Core/Src/stm32g4xx_hal_msp.o
 .comment       0x0000000000000043       0x44 ./Core/Src/stm32g4xx_it.o
 .comment       0x0000000000000043       0x44 ./Core/Src/system_stm32g4xx.o
 .comment       0x0000000000000043       0x44 ./Drivers/STM32G4xx_HAL_Driver/Src/stm32g4xx_hal.o
 .comment       0x0000000000000043       0x44 ./Drivers/STM32G4xx_HAL_Driver/Src/stm32g4xx_hal_adc.o
 .comment       0x0000000000000043       0x44 ./Drivers/STM32G4xx_HAL_Driver/Src/stm32g4xx_hal_adc_ex.o
 .comment       0x0000000000000043       0x44 ./Drivers/STM32G4xx_HAL_Driver/Src/stm32g4xx_hal_cordic.o
 .comment       0x0000000000000043       0x44 ./Drivers/STM32G4xx_HAL_Driver/Src/stm32g4xx_hal_cortex.o
 .comment       0x0000000000000043       0x44 ./Drivers/STM32G4xx_HAL_Driver/Src/stm32g4xx_hal_dac.o
 .comment       0x0000000000000043       0x44 ./Drivers/STM32G4xx_HAL_Driver/Src/stm32g4xx_hal_dac_ex.o
 .comment       0x0000000000000043       0x44 ./Drivers/STM32G4xx_HAL_Driver/Src/stm32g4xx_hal_dma.o
 .comment       0x0000000000000043       0x44 ./Drivers/STM32G4xx_HAL_Driver/Src/stm32g4xx_hal_fdcan.o
 .comment       0x0000000000000043       0x44 ./Drivers/STM32G4xx_HAL_Driver/Src/stm32g4xx_hal_gpio.o
 .comment       0x0000000000000043       0x44 ./Drivers/STM32G4xx_HAL_Driver/Src/stm32g4xx_hal_pwr_ex.o
 .comment       0x0000000000000043       0x44 ./Drivers/STM32G4xx_HAL_Driver/Src/stm32g4xx_hal_rcc.o
 .comment       0x0000000000000043       0x44 ./Drivers/STM32G4xx_HAL_Driver/Src/stm32g4xx_hal_rcc_ex.o
 .comment       0x0000000000000043       0x44 ./Drivers/STM32G4xx_HAL_Driver/Src/stm32g4xx_hal_spi.o
 .comment       0x0000000000000043       0x44 ./Drivers/STM32G4xx_HAL_Driver/Src/stm32g4xx_hal_tim.o
 .comment       0x0000000000000043       0x44 ./Drivers/STM32G4xx_HAL_Driver/Src/stm32g4xx_hal_tim_ex.o
 .comment       0x0000000000000043       0x44 ./Drivers/STM32G4xx_HAL_Driver/Src/stm32g4xx_hal_uart.o
 .comment       0x0000000000000043       0x44 ./Drivers/STM32G4xx_HAL_Driver/Src/stm32g4xx_hal_uart_ex.o

.debug_info     0x0000000000000000    0x216cd
 .debug_info    0x0000000000000000      0x43f ./Core/Src/PI_reg.o
 .debug_info    0x000000000000043f      0xc54 ./Core/Src/Zmienna_Motor.o
 .debug_info    0x0000000000001093     0x34ef ./Core/Src/main.o
 .debug_info    0x0000000000004582     0x279e ./Core/Src/stm32g4xx_hal_msp.o
 .debug_info    0x0000000000006d20     0x1869 ./Core/Src/stm32g4xx_it.o
 .debug_info    0x0000000000008589      0x59f ./Core/Src/system_stm32g4xx.o
 .debug_info    0x0000000000008b28       0x22 ./Core/Startup/startup_stm32g431rbtx.o
 .debug_info    0x0000000000008b4a      0xae3 ./Drivers/STM32G4xx_HAL_Driver/Src/stm32g4xx_hal.o
 .debug_info    0x000000000000962d     0x213e ./Drivers/STM32G4xx_HAL_Driver/Src/stm32g4xx_hal_adc.o
 .debug_info    0x000000000000b76b     0x1e4b ./Drivers/STM32G4xx_HAL_Driver/Src/stm32g4xx_hal_adc_ex.o
 .debug_info    0x000000000000d5b6      0xb62 ./Drivers/STM32G4xx_HAL_Driver/Src/stm32g4xx_hal_cordic.o
 .debug_info    0x000000000000e118      0xdc4 ./Drivers/STM32G4xx_HAL_Driver/Src/stm32g4xx_hal_cortex.o
 .debug_info    0x000000000000eedc      0xd17 ./Drivers/STM32G4xx_HAL_Driver/Src/stm32g4xx_hal_dac.o
 .debug_info    0x000000000000fbf3      0xdf9 ./Drivers/STM32G4xx_HAL_Driver/Src/stm32g4xx_hal_dac_ex.o
 .debug_info    0x00000000000109ec      0x8ee ./Drivers/STM32G4xx_HAL_Driver/Src/stm32g4xx_hal_dma.o
 .debug_info    0x00000000000112da     0x1964 ./Drivers/STM32G4xx_HAL_Driver/Src/stm32g4xx_hal_fdcan.o
 .debug_info    0x0000000000012c3e      0x82f ./Drivers/STM32G4xx_HAL_Driver/Src/stm32g4xx_hal_gpio.o
 .debug_info    0x000000000001346d      0x983 ./Drivers/STM32G4xx_HAL_Driver/Src/stm32g4xx_hal_pwr_ex.o
 .debug_info    0x0000000000013df0      0xc53 ./Drivers/STM32G4xx_HAL_Driver/Src/stm32g4xx_hal_rcc.o
 .debug_info    0x0000000000014a43      0xcfe ./Drivers/STM32G4xx_HAL_Driver/Src/stm32g4xx_hal_rcc_ex.o
 .debug_info    0x0000000000015741     0x18b8 ./Drivers/STM32G4xx_HAL_Driver/Src/stm32g4xx_hal_spi.o
 .debug_info    0x0000000000016ff9     0x2e83 ./Drivers/STM32G4xx_HAL_Driver/Src/stm32g4xx_hal_tim.o
 .debug_info    0x0000000000019e7c     0x1eea ./Drivers/STM32G4xx_HAL_Driver/Src/stm32g4xx_hal_tim_ex.o
 .debug_info    0x000000000001bd66     0x4936 ./Drivers/STM32G4xx_HAL_Driver/Src/stm32g4xx_hal_uart.o
 .debug_info    0x000000000002069c     0x1031 ./Drivers/STM32G4xx_HAL_Driver/Src/stm32g4xx_hal_uart_ex.o

.debug_abbrev   0x0000000000000000     0x38cd
 .debug_abbrev  0x0000000000000000      0x19d ./Core/Src/PI_reg.o
 .debug_abbrev  0x000000000000019d      0x284 ./Core/Src/Zmienna_Motor.o
 .debug_abbrev  0x0000000000000421      0x374 ./Core/Src/main.o
 .debug_abbrev  0x0000000000000795      0x27f ./Core/Src/stm32g4xx_hal_msp.o
 .debug_abbrev  0x0000000000000a14      0x26c ./Core/Src/stm32g4xx_it.o
 .debug_abbrev  0x0000000000000c80      0x116 ./Core/Src/system_stm32g4xx.o
 .debug_abbrev  0x0000000000000d96       0x12 ./Core/Startup/startup_stm32g431rbtx.o
 .debug_abbrev  0x0000000000000da8      0x269 ./Drivers/STM32G4xx_HAL_Driver/Src/stm32g4xx_hal.o
 .debug_abbrev  0x0000000000001011      0x2bf ./Drivers/STM32G4xx_HAL_Driver/Src/stm32g4xx_hal_adc.o
 .debug_abbrev  0x00000000000012d0      0x2da ./Drivers/STM32G4xx_HAL_Driver/Src/stm32g4xx_hal_adc_ex.o
 .debug_abbrev  0x00000000000015aa      0x213 ./Drivers/STM32G4xx_HAL_Driver/Src/stm32g4xx_hal_cordic.o
 .debug_abbrev  0x00000000000017bd      0x30d ./Drivers/STM32G4xx_HAL_Driver/Src/stm32g4xx_hal_cortex.o
 .debug_abbrev  0x0000000000001aca      0x206 ./Drivers/STM32G4xx_HAL_Driver/Src/stm32g4xx_hal_dac.o
 .debug_abbrev  0x0000000000001cd0      0x231 ./Drivers/STM32G4xx_HAL_Driver/Src/stm32g4xx_hal_dac_ex.o
 .debug_abbrev  0x0000000000001f01      0x1d7 ./Drivers/STM32G4xx_HAL_Driver/Src/stm32g4xx_hal_dma.o
 .debug_abbrev  0x00000000000020d8      0x1d3 ./Drivers/STM32G4xx_HAL_Driver/Src/stm32g4xx_hal_fdcan.o
 .debug_abbrev  0x00000000000022ab      0x1bb ./Drivers/STM32G4xx_HAL_Driver/Src/stm32g4xx_hal_gpio.o
 .debug_abbrev  0x0000000000002466      0x229 ./Drivers/STM32G4xx_HAL_Driver/Src/stm32g4xx_hal_pwr_ex.o
 .debug_abbrev  0x000000000000268f      0x2bd ./Drivers/STM32G4xx_HAL_Driver/Src/stm32g4xx_hal_rcc.o
 .debug_abbrev  0x000000000000294c      0x247 ./Drivers/STM32G4xx_HAL_Driver/Src/stm32g4xx_hal_rcc_ex.o
 .debug_abbrev  0x0000000000002b93      0x254 ./Drivers/STM32G4xx_HAL_Driver/Src/stm32g4xx_hal_spi.o
 .debug_abbrev  0x0000000000002de7      0x28e ./Drivers/STM32G4xx_HAL_Driver/Src/stm32g4xx_hal_tim.o
 .debug_abbrev  0x0000000000003075      0x2ab ./Drivers/STM32G4xx_HAL_Driver/Src/stm32g4xx_hal_tim_ex.o
 .debug_abbrev  0x0000000000003320      0x2f0 ./Drivers/STM32G4xx_HAL_Driver/Src/stm32g4xx_hal_uart.o
 .debug_abbrev  0x0000000000003610      0x2bd ./Drivers/STM32G4xx_HAL_Driver/Src/stm32g4xx_hal_uart_ex.o

.debug_aranges  0x0000000000000000     0x1c00
 .debug_aranges
                0x0000000000000000       0x70 ./Core/Src/PI_reg.o
 .debug_aranges
                0x0000000000000070       0x70 ./Core/Src/Zmienna_Motor.o
 .debug_aranges
                0x00000000000000e0       0xa8 ./Core/Src/main.o
 .debug_aranges
                0x0000000000000188       0xa8 ./Core/Src/stm32g4xx_hal_msp.o
 .debug_aranges
                0x0000000000000230       0xa8 ./Core/Src/stm32g4xx_it.o
 .debug_aranges
                0x00000000000002d8       0x28 ./Core/Src/system_stm32g4xx.o
 .debug_aranges
                0x0000000000000300       0x28 ./Core/Startup/startup_stm32g431rbtx.o
 .debug_aranges
                0x0000000000000328      0x130 ./Drivers/STM32G4xx_HAL_Driver/Src/stm32g4xx_hal.o
 .debug_aranges
                0x0000000000000458      0x248 ./Drivers/STM32G4xx_HAL_Driver/Src/stm32g4xx_hal_adc.o
 .debug_aranges
                0x00000000000006a0      0x1c0 ./Drivers/STM32G4xx_HAL_Driver/Src/stm32g4xx_hal_adc_ex.o
 .debug_aranges
                0x0000000000000860       0xb0 ./Drivers/STM32G4xx_HAL_Driver/Src/stm32g4xx_hal_cordic.o
 .debug_aranges
                0x0000000000000910      0x118 ./Drivers/STM32G4xx_HAL_Driver/Src/stm32g4xx_hal_cortex.o
 .debug_aranges
                0x0000000000000a28       0xc0 ./Drivers/STM32G4xx_HAL_Driver/Src/stm32g4xx_hal_dac.o
 .debug_aranges
                0x0000000000000ae8       0xc0 ./Drivers/STM32G4xx_HAL_Driver/Src/stm32g4xx_hal_dac_ex.o
 .debug_aranges
                0x0000000000000ba8       0x90 ./Drivers/STM32G4xx_HAL_Driver/Src/stm32g4xx_hal_dma.o
 .debug_aranges
                0x0000000000000c38      0x208 ./Drivers/STM32G4xx_HAL_Driver/Src/stm32g4xx_hal_fdcan.o
 .debug_aranges
                0x0000000000000e40       0x58 ./Drivers/STM32G4xx_HAL_Driver/Src/stm32g4xx_hal_gpio.o
 .debug_aranges
                0x0000000000000e98      0x140 ./Drivers/STM32G4xx_HAL_Driver/Src/stm32g4xx_hal_pwr_ex.o
 .debug_aranges
                0x0000000000000fd8       0x98 ./Drivers/STM32G4xx_HAL_Driver/Src/stm32g4xx_hal_rcc.o
 .debug_aranges
                0x0000000000001070       0xb0 ./Drivers/STM32G4xx_HAL_Driver/Src/stm32g4xx_hal_rcc_ex.o
 .debug_aranges
                0x0000000000001120      0x1d8 ./Drivers/STM32G4xx_HAL_Driver/Src/stm32g4xx_hal_spi.o
 .debug_aranges
                0x00000000000012f8      0x3e0 ./Drivers/STM32G4xx_HAL_Driver/Src/stm32g4xx_hal_tim.o
 .debug_aranges
                0x00000000000016d8      0x240 ./Drivers/STM32G4xx_HAL_Driver/Src/stm32g4xx_hal_tim_ex.o
 .debug_aranges
                0x0000000000001918      0x248 ./Drivers/STM32G4xx_HAL_Driver/Src/stm32g4xx_hal_uart.o
 .debug_aranges
                0x0000000000001b60       0xa0 ./Drivers/STM32G4xx_HAL_Driver/Src/stm32g4xx_hal_uart_ex.o

.debug_ranges   0x0000000000000000     0x1aa8
 .debug_ranges  0x0000000000000000       0x60 ./Core/Src/PI_reg.o
 .debug_ranges  0x0000000000000060       0x60 ./Core/Src/Zmienna_Motor.o
 .debug_ranges  0x00000000000000c0       0x98 ./Core/Src/main.o
 .debug_ranges  0x0000000000000158       0x98 ./Core/Src/stm32g4xx_hal_msp.o
 .debug_ranges  0x00000000000001f0       0x98 ./Core/Src/stm32g4xx_it.o
 .debug_ranges  0x0000000000000288       0x18 ./Core/Src/system_stm32g4xx.o
 .debug_ranges  0x00000000000002a0       0x20 ./Core/Startup/startup_stm32g431rbtx.o
 .debug_ranges  0x00000000000002c0      0x120 ./Drivers/STM32G4xx_HAL_Driver/Src/stm32g4xx_hal.o
 .debug_ranges  0x00000000000003e0      0x238 ./Drivers/STM32G4xx_HAL_Driver/Src/stm32g4xx_hal_adc.o
 .debug_ranges  0x0000000000000618      0x1b0 ./Drivers/STM32G4xx_HAL_Driver/Src/stm32g4xx_hal_adc_ex.o
 .debug_ranges  0x00000000000007c8       0xa0 ./Drivers/STM32G4xx_HAL_Driver/Src/stm32g4xx_hal_cordic.o
 .debug_ranges  0x0000000000000868      0x108 ./Drivers/STM32G4xx_HAL_Driver/Src/stm32g4xx_hal_cortex.o
 .debug_ranges  0x0000000000000970       0xb0 ./Drivers/STM32G4xx_HAL_Driver/Src/stm32g4xx_hal_dac.o
 .debug_ranges  0x0000000000000a20       0xb0 ./Drivers/STM32G4xx_HAL_Driver/Src/stm32g4xx_hal_dac_ex.o
 .debug_ranges  0x0000000000000ad0       0x80 ./Drivers/STM32G4xx_HAL_Driver/Src/stm32g4xx_hal_dma.o
 .debug_ranges  0x0000000000000b50      0x1f8 ./Drivers/STM32G4xx_HAL_Driver/Src/stm32g4xx_hal_fdcan.o
 .debug_ranges  0x0000000000000d48       0x48 ./Drivers/STM32G4xx_HAL_Driver/Src/stm32g4xx_hal_gpio.o
 .debug_ranges  0x0000000000000d90      0x130 ./Drivers/STM32G4xx_HAL_Driver/Src/stm32g4xx_hal_pwr_ex.o
 .debug_ranges  0x0000000000000ec0       0x88 ./Drivers/STM32G4xx_HAL_Driver/Src/stm32g4xx_hal_rcc.o
 .debug_ranges  0x0000000000000f48       0xa0 ./Drivers/STM32G4xx_HAL_Driver/Src/stm32g4xx_hal_rcc_ex.o
 .debug_ranges  0x0000000000000fe8      0x1c8 ./Drivers/STM32G4xx_HAL_Driver/Src/stm32g4xx_hal_spi.o
 .debug_ranges  0x00000000000011b0      0x3d0 ./Drivers/STM32G4xx_HAL_Driver/Src/stm32g4xx_hal_tim.o
 .debug_ranges  0x0000000000001580      0x230 ./Drivers/STM32G4xx_HAL_Driver/Src/stm32g4xx_hal_tim_ex.o
 .debug_ranges  0x00000000000017b0      0x268 ./Drivers/STM32G4xx_HAL_Driver/Src/stm32g4xx_hal_uart.o
 .debug_ranges  0x0000000000001a18       0x90 ./Drivers/STM32G4xx_HAL_Driver/Src/stm32g4xx_hal_uart_ex.o

.debug_macro    0x0000000000000000    0x22c33
 .debug_macro   0x0000000000000000      0x326 ./Core/Src/PI_reg.o
 .debug_macro   0x0000000000000326      0xaa8 ./Core/Src/PI_reg.o
 .debug_macro   0x0000000000000dce      0x179 ./Core/Src/PI_reg.o
 .debug_macro   0x0000000000000f47       0x2e ./Core/Src/PI_reg.o
 .debug_macro   0x0000000000000f75       0x28 ./Core/Src/PI_reg.o
 .debug_macro   0x0000000000000f9d       0x22 ./Core/Src/PI_reg.o
 .debug_macro   0x0000000000000fbf       0x8e ./Core/Src/PI_reg.o
 .debug_macro   0x000000000000104d       0x51 ./Core/Src/PI_reg.o
 .debug_macro   0x000000000000109e      0x103 ./Core/Src/PI_reg.o
 .debug_macro   0x00000000000011a1       0x6a ./Core/Src/PI_reg.o
 .debug_macro   0x000000000000120b      0x1df ./Core/Src/PI_reg.o
 .debug_macro   0x00000000000013ea       0x1c ./Core/Src/PI_reg.o
 .debug_macro   0x0000000000001406       0x22 ./Core/Src/PI_reg.o
 .debug_macro   0x0000000000001428       0xfb ./Core/Src/PI_reg.o
 .debug_macro   0x0000000000001523     0x1011 ./Core/Src/PI_reg.o
 .debug_macro   0x0000000000002534      0x11f ./Core/Src/PI_reg.o
 .debug_macro   0x0000000000002653    0x11396 ./Core/Src/PI_reg.o
 .debug_macro   0x00000000000139e9       0x6d ./Core/Src/PI_reg.o
 .debug_macro   0x0000000000013a56     0x3554 ./Core/Src/PI_reg.o
 .debug_macro   0x0000000000016faa      0x174 ./Core/Src/PI_reg.o
 .debug_macro   0x000000000001711e       0x5c ./Core/Src/PI_reg.o
 .debug_macro   0x000000000001717a     0x141d ./Core/Src/PI_reg.o
 .debug_macro   0x0000000000018597      0x535 ./Core/Src/PI_reg.o
 .debug_macro   0x0000000000018acc      0x1b6 ./Core/Src/PI_reg.o
 .debug_macro   0x0000000000018c82      0x288 ./Core/Src/PI_reg.o
 .debug_macro   0x0000000000018f0a      0x41d ./Core/Src/PI_reg.o
 .debug_macro   0x0000000000019327      0x18b ./Core/Src/PI_reg.o
 .debug_macro   0x00000000000194b2       0x43 ./Core/Src/PI_reg.o
 .debug_macro   0x00000000000194f5      0x23d ./Core/Src/PI_reg.o
 .debug_macro   0x0000000000019732     0x10fd ./Core/Src/PI_reg.o
 .debug_macro   0x000000000001a82f      0x72e ./Core/Src/PI_reg.o
 .debug_macro   0x000000000001af5d      0x391 ./Core/Src/PI_reg.o
 .debug_macro   0x000000000001b2ee      0x1f4 ./Core/Src/PI_reg.o
 .debug_macro   0x000000000001b4e2      0x202 ./Core/Src/PI_reg.o
 .debug_macro   0x000000000001b6e4      0x108 ./Core/Src/PI_reg.o
 .debug_macro   0x000000000001b7ec      0x211 ./Core/Src/PI_reg.o
 .debug_macro   0x000000000001b9fd      0x6af ./Core/Src/PI_reg.o
 .debug_macro   0x000000000001c0ac      0x401 ./Core/Src/PI_reg.o