Archive member included to satisfy reference by file (symbol)

D:/STM32CubeIDE_1.8.0/STM32CubeIDE/plugins/com.st.stm32cube.ide.mcu.externaltools.gnu-tools-for-stm32.11.3.rel1.win32_1.1.1.202309131626/tools/bin/../lib/gcc/arm-none-eabi/11.3.1/../../../../arm-none-eabi/lib/thumb/v7e-m+fp/hard\libc_nano.a(libc_a-exit.o)
                              D:/STM32CubeIDE_1.8.0/STM32CubeIDE/plugins/com.st.stm32cube.ide.mcu.externaltools.gnu-tools-for-stm32.11.3.rel1.win32_1.1.1.202309131626/tools/bin/../lib/gcc/arm-none-eabi/11.3.1/../../../../arm-none-eabi/lib/thumb/v7e-m+fp/hard/crt0.o (exit)
D:/STM32CubeIDE_1.8.0/STM32CubeIDE/plugins/com.st.stm32cube.ide.mcu.externaltools.gnu-tools-for-stm32.11.3.rel1.win32_1.1.1.202309131626/tools/bin/../lib/gcc/arm-none-eabi/11.3.1/../../../../arm-none-eabi/lib/thumb/v7e-m+fp/hard\libc_nano.a(libc_a-findfp.o)
                              D:/STM32CubeIDE_1.8.0/STM32CubeIDE/plugins/com.st.stm32cube.ide.mcu.externaltools.gnu-tools-for-stm32.11.3.rel1.win32_1.1.1.202309131626/tools/bin/../lib/gcc/arm-none-eabi/11.3.1/../../../../arm-none-eabi/lib/thumb/v7e-m+fp/hard\libc_nano.a(libc_a-exit.o) (__stdio_exit_handler)
D:/STM32CubeIDE_1.8.0/STM32CubeIDE/plugins/com.st.stm32cube.ide.mcu.externaltools.gnu-tools-for-stm32.11.3.rel1.win32_1.1.1.202309131626/tools/bin/../lib/gcc/arm-none-eabi/11.3.1/../../../../arm-none-eabi/lib/thumb/v7e-m+fp/hard\libc_nano.a(libc_a-fwalk.o)
                              D:/STM32CubeIDE_1.8.0/STM32CubeIDE/plugins/com.st.stm32cube.ide.mcu.externaltools.gnu-tools-for-stm32.11.3.rel1.win32_1.1.1.202309131626/tools/bin/../lib/gcc/arm-none-eabi/11.3.1/../../../../arm-none-eabi/lib/thumb/v7e-m+fp/hard\libc_nano.a(libc_a-findfp.o) (_fwalk_sglue)
D:/STM32CubeIDE_1.8.0/STM32CubeIDE/plugins/com.st.stm32cube.ide.mcu.externaltools.gnu-tools-for-stm32.11.3.rel1.win32_1.1.1.202309131626/tools/bin/../lib/gcc/arm-none-eabi/11.3.1/../../../../arm-none-eabi/lib/thumb/v7e-m+fp/hard\libc_nano.a(libc_a-stdio.o)
                              D:/STM32CubeIDE_1.8.0/STM32CubeIDE/plugins/com.st.stm32cube.ide.mcu.externaltools.gnu-tools-for-stm32.11.3.rel1.win32_1.1.1.202309131626/tools/bin/../lib/gcc/arm-none-eabi/11.3.1/../../../../arm-none-eabi/lib/thumb/v7e-m+fp/hard\libc_nano.a(libc_a-findfp.o) (__sread)
D:/STM32CubeIDE_1.8.0/STM32CubeIDE/plugins/com.st.stm32cube.ide.mcu.externaltools.gnu-tools-for-stm32.11.3.rel1.win32_1.1.1.202309131626/tools/bin/../lib/gcc/arm-none-eabi/11.3.1/../../../../arm-none-eabi/lib/thumb/v7e-m+fp/hard\libc_nano.a(libc_a-memset.o)
                              D:/STM32CubeIDE_1.8.0/STM32CubeIDE/plugins/com.st.stm32cube.ide.mcu.externaltools.gnu-tools-for-stm32.11.3.rel1.win32_1.1.1.202309131626/tools/bin/../lib/gcc/arm-none-eabi/11.3.1/../../../../arm-none-eabi/lib/thumb/v7e-m+fp/hard/crt0.o (memset)
D:/STM32CubeIDE_1.8.0/STM32CubeIDE/plugins/com.st.stm32cube.ide.mcu.externaltools.gnu-tools-for-stm32.11.3.rel1.win32_1.1.1.202309131626/tools/bin/../lib/gcc/arm-none-eabi/11.3.1/../../../../arm-none-eabi/lib/thumb/v7e-m+fp/hard\libc_nano.a(libc_a-closer.o)
                              D:/STM32CubeIDE_1.8.0/STM32CubeIDE/plugins/com.st.stm32cube.ide.mcu.externaltools.gnu-tools-for-stm32.11.3.rel1.win32_1.1.1.202309131626/tools/bin/../lib/gcc/arm-none-eabi/11.3.1/../../../../arm-none-eabi/lib/thumb/v7e-m+fp/hard\libc_nano.a(libc_a-stdio.o) (_close_r)
D:/STM32CubeIDE_1.8.0/STM32CubeIDE/plugins/com.st.stm32cube.ide.mcu.externaltools.gnu-tools-for-stm32.11.3.rel1.win32_1.1.1.202309131626/tools/bin/../lib/gcc/arm-none-eabi/11.3.1/../../../../arm-none-eabi/lib/thumb/v7e-m+fp/hard\libc_nano.a(libc_a-reent.o)
                              D:/STM32CubeIDE_1.8.0/STM32CubeIDE/plugins/com.st.stm32cube.ide.mcu.externaltools.gnu-tools-for-stm32.11.3.rel1.win32_1.1.1.202309131626/tools/bin/../lib/gcc/arm-none-eabi/11.3.1/../../../../arm-none-eabi/lib/thumb/v7e-m+fp/hard\libc_nano.a(libc_a-closer.o) (errno)
D:/STM32CubeIDE_1.8.0/STM32CubeIDE/plugins/com.st.stm32cube.ide.mcu.externaltools.gnu-tools-for-stm32.11.3.rel1.win32_1.1.1.202309131626/tools/bin/../lib/gcc/arm-none-eabi/11.3.1/../../../../arm-none-eabi/lib/thumb/v7e-m+fp/hard\libc_nano.a(libc_a-impure.o)
                              D:/STM32CubeIDE_1.8.0/STM32CubeIDE/plugins/com.st.stm32cube.ide.mcu.externaltools.gnu-tools-for-stm32.11.3.rel1.win32_1.1.1.202309131626/tools/bin/../lib/gcc/arm-none-eabi/11.3.1/../../../../arm-none-eabi/lib/thumb/v7e-m+fp/hard\libc_nano.a(libc_a-reent.o) (_impure_ptr)
D:/STM32CubeIDE_1.8.0/STM32CubeIDE/plugins/com.st.stm32cube.ide.mcu.externaltools.gnu-tools-for-stm32.11.3.rel1.win32_1.1.1.202309131626/tools/bin/../lib/gcc/arm-none-eabi/11.3.1/../../../../arm-none-eabi/lib/thumb/v7e-m+fp/hard\libc_nano.a(libc_a-lseekr.o)
[...]
Memory Configuration

Name             Origin             Length             Attributes
RAM              0x0000000020000000 0x0000000000008000 xrw
FLASH            0x0000000008000000 0x0000000000020000 xr
*default*        0x0000000000000000 0xffffffffffffffff

Linker script and memory map

LOAD D:/STM32CubeIDE_1.8.0/STM32CubeIDE/plugins/com.st.stm32cube.ide.mcu.externaltools.gnu-tools-for-stm32.11.3.rel1.win32_1.1.1.202309131626/tools/bin/../lib/gcc/arm-none-eabi/11.3.1/thumb/v7e-m+fp/hard/crti.o
LOAD D:/STM32CubeIDE_1.8.0/STM32CubeIDE/plugins/com.st.stm32cube.ide.mcu.externaltools.gnu-tools-for-stm32.11.3.rel1.win32_1.1.1.202309131626/tools/bin/../lib/gcc/arm-none-eabi/11.3.1/thumb/v7e-m+fp/hard/crtbegin.o
LOAD D:/STM32CubeIDE_1.8.0/STM32CubeIDE/plugins/com.st.stm32cube.ide.mcu.externaltools.gnu-tools-for-stm32.11.3.rel1.win32_1.1.1.202309131626/tools/bin/../lib/gcc/arm-none-eabi/11.3.1/../../../../arm-none-eabi/lib/thumb/v7e-m+fp/hard/crt0.o
LOAD ./Core/Src/Zmienna_Motor.o
LOAD ./Core/Src/main.o
LOAD ./Core/Src/stm32g4xx_hal_msp.o
LOAD ./Core/Src/stm32g4xx_it.o
LOAD ./Core/Src/syscalls.o
LOAD ./Core/Src/sysmem.o
LOAD ./Core/Src/system_stm32g4xx.o
LOAD ./Core/Startup/startup_stm32g431rbtx.o
LOAD ./Drivers/STM32G4xx_HAL_Driver/Src/stm32g4xx_hal.o
LOAD ./Drivers/STM32G4xx_HAL_Driver/Src/stm32g4xx_hal_adc.o
LOAD ./Drivers/STM32G4xx_HAL_Driver/Src/stm32g4xx_hal_adc_ex.o
LOAD ./Drivers/STM32G4xx_HAL_Driver/Src/stm32g4xx_hal_cordic.o
LOAD ./Drivers/STM32G4xx_HAL_Driver/Src/stm32g4xx_hal_cortex.o
LOAD ./Drivers/STM32G4xx_HAL_Driver/Src/stm32g4xx_hal_dac.o
LOAD ./Drivers/STM32G4xx_HAL_Driver/Src/stm32g4xx_hal_dac_ex.o
LOAD ./Drivers/STM32G4xx_HAL_Driver/Src/stm32g4xx_hal_dma.o
LOAD ./Drivers/STM32G4xx_HAL_Driver/Src/stm32g4xx_hal_dma_ex.o
LOAD ./Drivers/STM32G4xx_HAL_Driver/Src/stm32g4xx_hal_exti.o
LOAD ./Drivers/STM32G4xx_HAL_Driver/Src/stm32g4xx_hal_fdcan.o
LOAD ./Drivers/STM32G4xx_HAL_Driver/Src/stm32g4xx_hal_flash.o
LOAD ./Drivers/STM32G4xx_HAL_Driver/Src/stm32g4xx_hal_flash_ex.o
LOAD ./Drivers/STM32G4xx_HAL_Driver/Src/stm32g4xx_hal_flash_ramfunc.o
LOAD ./Drivers/STM32G4xx_HAL_Driver/Src/stm32g4xx_hal_gpio.o
LOAD ./Drivers/STM32G4xx_HAL_Driver/Src/stm32g4xx_hal_pwr.o
LOAD ./Drivers/STM32G4xx_HAL_Driver/Src/stm32g4xx_hal_pwr_ex.o
LOAD ./Drivers/STM32G4xx_HAL_Driver/Src/stm32g4xx_hal_rcc.o
LOAD ./Drivers/STM32G4xx_HAL_Driver/Src/stm32g4xx_hal_rcc_ex.o
LOAD ./Drivers/STM32G4xx_HAL_Driver/Src/stm32g4xx_hal_spi.o
LOAD ./Drivers/STM32G4xx_HAL_Driver/Src/stm32g4xx_hal_spi_ex.o
LOAD ./Drivers/STM32G4xx_HAL_Driver/Src/stm32g4xx_hal_tim.o
LOAD ./Drivers/STM32G4xx_HAL_Driver/Src/stm32g4xx_hal_tim_ex.o
LOAD ./Drivers/STM32G4xx_HAL_Driver/Src/stm32g4xx_hal_uart.o
LOAD ./Drivers/STM32G4xx_HAL_Driver/Src/stm32g4xx_hal_uart_ex.o
LOAD ./Drivers/STM32G4xx_HAL_Driver/Src/stm32g4xx_ll_adc.o
START GROUP
LOAD D:/STM32CubeIDE_1.8.0/STM32CubeIDE/plugins/com.st.stm32cube.ide.mcu.externaltools.gnu-tools-for-stm32.11.3.rel1.win32_1.1.1.202309131626/tools/bin/../lib/gcc/arm-none-eabi/11.3.1/../../../../arm-none-eabi/lib/thumb/v7e-m+fp/hard\libc_nano.a
LOAD D:/STM32CubeIDE_1.8.0/STM32CubeIDE/plugins/com.st.stm32cube.ide.mcu.externaltools.gnu-tools-for-stm32.11.3.rel1.win32_1.1.1.202309131626/tools/bin/../lib/gcc/arm-none-eabi/11.3.1/../../../../arm-none-eabi/lib/thumb/v7e-m+fp/hard\libm.a
END GROUP
START GROUP
LOAD D:/STM32CubeIDE_1.8.0/STM32CubeIDE/plugins/com.st.stm32cube.ide.mcu.externaltools.gnu-tools-for-stm32.11.3.rel1.win32_1.1.1.202309131626/tools/bin/../lib/gcc/arm-none-eabi/11.3.1/thumb/v7e-m+fp/hard\libgcc.a
LOAD D:/STM32CubeIDE_1.8.0/STM32CubeIDE/plugins/com.st.stm32cube.ide.mcu.externaltools.gnu-tools-for-stm32.11.3.rel1.win32_1.1.1.202309131626/tools/bin/../lib/gcc/arm-none-eabi/11.3.1/../../../../arm-none-eabi/lib/thumb/v7e-m+fp/hard\libg_nano.a
LOAD D:/STM32CubeIDE_1.8.0/STM32CubeIDE/plugins/com.st.stm32cube.ide.mcu.externaltools.gnu-tools-for-stm32.11.3.rel1.win32_1.1.1.202309131626/tools/bin/../lib/gcc/arm-none-eabi/11.3.1/../../../../arm-none-eabi/lib/thumb/v7e-m+fp/hard\libc_nano.a
END GROUP
START GROUP
LOAD D:/STM32CubeIDE_1.8.0/STM32CubeIDE/plugins/com.st.stm32cube.ide.mcu.externaltools.gnu-tools-for-stm32.11.3.rel1.win32_1.1.1.202309131626/tools/bin/../lib/gcc/arm-none-eabi/11.3.1/thumb/v7e-m+fp/hard\libgcc.a
LOAD D:/STM32CubeIDE_1.8.0/STM32CubeIDE/plugins/com.st.stm32cube.ide.mcu.externaltools.gnu-tools-for-stm32.11.3.rel1.win32_1.1.1.202309131626/tools/bin/../lib/gcc/arm-none-eabi/11.3.1/../../../../arm-none-eabi/lib/thumb/v7e-m+fp/hard\libc_nano.a
LOAD D:/STM32CubeIDE_1.8.0/STM32CubeIDE/plugins/com.st.stm32cube.ide.mcu.externaltools.gnu-tools-for-stm32.11.3.rel1.win32_1.1.1.202309131626/tools/bin/../lib/gcc/arm-none-eabi/11.3.1/../../../../arm-none-eabi/lib/thumb/v7e-m+fp/hard\libnosys.a
END GROUP
START GROUP
LOAD D:/STM32CubeIDE_1.8.0/STM32CubeIDE/plugins/com.st.stm32cube.ide.mcu.externaltools.gnu-tools-for-stm32.11.3.rel1.win32_1.1.1.202309131626/tools/bin/../lib/gcc/arm-none-eabi/11.3.1/thumb/v7e-m+fp/hard\libgcc.a
LOAD D:/STM32CubeIDE_1.8.0/STM32CubeIDE/plugins/com.st.stm32cube.ide.mcu.externaltools.gnu-tools-for-stm32.11.3.rel1.win32_1.1.1.202309131626/tools/bin/../lib/gcc/arm-none-eabi/11.3.1/../../../../arm-none-eabi/lib/thumb/v7e-m+fp/hard\libc_nano.a
LOAD D:/STM32CubeIDE_1.8.0/STM32CubeIDE/plugins/com.st.stm32cube.ide.mcu.externaltools.gnu-tools-for-stm32.11.3.rel1.win32_1.1.1.202309131626/tools/bin/../lib/gcc/arm-none-eabi/11.3.1/../../../../arm-none-eabi/lib/thumb/v7e-m+fp/hard\libnosys.a
END GROUP
LOAD D:/STM32CubeIDE_1.8.0/STM32CubeIDE/plugins/com.st.stm32cube.ide.mcu.externaltools.gnu-tools-for-stm32.11.3.rel1.win32_1.1.1.202309131626/tools/bin/../lib/gcc/arm-none-eabi/11.3.1/thumb/v7e-m+fp/hard/crtend.o
LOAD D:/STM32CubeIDE_1.8.0/STM32CubeIDE/plugins/com.st.stm32cube.ide.mcu.externaltools.gnu-tools-for-stm32.11.3.rel1.win32_1.1.1.202309131626/tools/bin/../lib/gcc/arm-none-eabi/11.3.1/thumb/v7e-m+fp/hard/crtn.o
                0x0000000020008000                _estack = (ORIGIN (RAM) + LENGTH (RAM))
                0x0000000000000200                _Min_Heap_Size = 0x200
                0x0000000000000400                _Min_Stack_Size = 0x400

.isr_vector     0x0000000008000000      0x1d8
                0x0000000008000000                . = ALIGN (0x4)
 *(.isr_vector)
 .isr_vector    0x0000000008000000      0x1d8 ./Core/Startup/startup_stm32g431rbtx.o
                0x0000000008000000                g_pfnVectors
                0x00000000080001d8                . = ALIGN (0x4)

.text           0x00000000080001d8     0xccd8
                0x00000000080001d8                . = ALIGN (0x4)
 *(.text)
 .text          0x00000000080001d8       0x40 D:/STM32CubeIDE_1.8.0/STM32CubeIDE/plugins/com.st.stm32cube.ide.mcu.externaltools.gnu-tools-for-stm32.11.3.rel1.win32_1.1.1.202309131626/tools/bin/../lib/gcc/arm-none-eabi/11.3.1/thumb/v7e-m+fp/hard/crtbegin.o
 .text          0x0000000008000218      0x378 D:/STM32CubeIDE_1.8.0/STM32CubeIDE/plugins/com.st.stm32cube.ide.mcu.externaltools.gnu-tools-for-stm32.11.3.rel1.win32_1.1.1.202309131626/tools/bin/../lib/gcc/arm-none-eabi/11.3.1/thumb/v7e-m+fp/hard\libgcc.a(_arm_addsubdf3.o)
                0x0000000008000218                __aeabi_drsub
                0x0000000008000220                __aeabi_dsub
                0x0000000008000220                __subdf3
                0x0000000008000224                __aeabi_dadd
                0x0000000008000224                __adddf3
                0x000000000800049c                __floatunsidf
                0x000000000800049c                __aeabi_ui2d
                0x00000000080004bc                __floatsidf
                0x00000000080004bc                __aeabi_i2d
                0x00000000080004e0                __aeabi_f2d
                0x00000000080004e0                __extendsfdf2
                0x0000000008000524                __floatundidf
                0x0000000008000524                __aeabi_ul2d
                0x0000000008000534                __floatdidf
                0x0000000008000534                __aeabi_l2d
 .text          0x0000000008000590      0x424 D:/STM32CubeIDE_1.8.0/STM32CubeIDE/plugins/com.st.stm32cube.ide.mcu.externaltools.gnu-tools-for-stm32.11.3.rel1.win32_1.1.1.202309131626/tools/bin/../lib/gcc/arm-none-eabi/11.3.1/thumb/v7e-m+fp/hard\libgcc.a(_arm_muldivdf3.o)
                0x0000000008000590                __aeabi_dmul
                0x0000000008000590                __muldf3
                0x00000000080007e4                __divdf3
                0x00000000080007e4                __aeabi_ddiv
 .text          0x00000000080009b4      0x110 D:/STM32CubeIDE_1.8.0/STM32CubeIDE/plugins/com.st.stm32cube.ide.mcu.externaltools.gnu-tools-for-stm32.11.3.rel1.win32_1.1.1.202309131626/tools/bin/../lib/gcc/arm-none-eabi/11.3.1/thumb/v7e-m+fp/hard\libgcc.a(_arm_cmpdf2.o)
                0x00000000080009b4                __gtdf2
                0x00000000080009b4                __gedf2
                0x00000000080009bc                __ltdf2
                0x00000000080009bc                __ledf2
                0x00000000080009c4                __nedf2
                0x00000000080009c4                __eqdf2
                0x00000000080009c4                __cmpdf2
                0x0000000008000a40                __aeabi_cdrcmple
                0x0000000008000a50                __aeabi_cdcmpeq
                0x0000000008000a50                __aeabi_cdcmple
                0x0000000008000a60                __aeabi_dcmpeq
                0x0000000008000a74                __aeabi_dcmplt
                0x0000000008000a88                __aeabi_dcmple
                0x0000000008000a9c                __aeabi_dcmpge
                0x0000000008000ab0                __aeabi_dcmpgt
 .text          0x0000000008000ac4       0x50 D:/STM32CubeIDE_1.8.0/STM32CubeIDE/plugins/com.st.stm32cube.ide.mcu.externaltools.gnu-tools-for-stm32.11.3.rel1.win32_1.1.1.202309131626/tools/bin/../lib/gcc/arm-none-eabi/11.3.1/thumb/v7e-m+fp/hard\libgcc.a(_arm_fixdfsi.o)
                0x0000000008000ac4                __aeabi_d2iz
                0x0000000008000ac4                __fixdfsi
 .text          0x0000000008000b14       0x40 D:/STM32CubeIDE_1.8.0/STM32CubeIDE/plugins/com.st.stm32cube.ide.mcu.externaltools.gnu-tools-for-stm32.11.3.rel1.win32_1.1.1.202309131626/tools/bin/../lib/gcc/arm-none-eabi/11.3.1/thumb/v7e-m+fp/hard\libgcc.a(_arm_fixunsdfsi.o)
                0x0000000008000b14                __aeabi_d2uiz
                0x0000000008000b14                __fixunsdfsi
 .text          0x0000000008000b54       0xa0 D:/STM32CubeIDE_1.8.0/STM32CubeIDE/plugins/com.st.stm32cube.ide.mcu.externaltools.gnu-tools-for-stm32.11.3.rel1.win32_1.1.1.202309131626/tools/bin/../lib/gcc/arm-none-eabi/11.3.1/thumb/v7e-m+fp/hard\libgcc.a(_arm_truncdfsf2.o)
                0x0000000008000b54                __truncdfsf2
                0x0000000008000b54                __aeabi_d2f
 .text          0x0000000008000bf4       0x30 D:/STM32CubeIDE_1.8.0/STM32CubeIDE/plugins/com.st.stm32cube.ide.mcu.externaltools.gnu-tools-for-stm32.11.3.rel1.win32_1.1.1.202309131626/tools/bin/../lib/gcc/arm-none-eabi/11.3.1/thumb/v7e-m+fp/hard\libgcc.a(_aeabi_uldivmod.o)
                0x0000000008000bf4                __aeabi_uldivmod
 .text          0x0000000008000c24      0x2c8 D:/STM32CubeIDE_1.8.0/STM32CubeIDE/plugins/com.st.stm32cube.ide.mcu.externaltools.gnu-tools-for-stm32.11.3.rel1.win32_1.1.1.202309131626/tools/bin/../lib/gcc/arm-none-eabi/11.3.1/thumb/v7e-m+fp/hard\libgcc.a(_udivmoddi4.o)
                0x0000000008000c24                __udivmoddi4
 .text          0x0000000008000eec        0x4 D:/STM32CubeIDE_1.8.0/STM32CubeIDE/plugins/com.st.stm32cube.ide.mcu.externaltools.gnu-tools-for-stm32.11.3.rel1.win32_1.1.1.202309131626/tools/bin/../lib/gcc/arm-none-eabi/11.3.1/thumb/v7e-m+fp/hard\libgcc.a(_dvmd_tls.o)
                0x0000000008000eec                __aeabi_idiv0
                0x0000000008000eec                __aeabi_ldiv0
 *(.text*)
 .text.PI_Regulator
                0x0000000008000ef0      0x154 ./Core/Src/Zmienna_Motor.o
                0x0000000008000ef0                PI_Regulator
 .text.SPWM_modulacja
                0x0000000008001044       0x4c ./Core/Src/Zmienna_Motor.o
                0x0000000008001044                SPWM_modulacja
 .text.Iqd_current_reg
                0x0000000008001090      0x1ec ./Core/Src/Zmienna_Motor.o
                0x0000000008001090                Iqd_current_reg
 .text.Pozycja  0x000000000800127c       0xc4 ./Core/Src/Zmienna_Motor.o
                0x000000000800127c                Pozycja
 .text.SVPWM_modulacja
                0x0000000008001340      0x5d0 ./Core/Src/Zmienna_Motor.o
                0x0000000008001340                SVPWM_modulacja
 .text.PID_REG  0x0000000008001910      0x118 ./Core/Src/Zmienna_Motor.o
                0x0000000008001910                PID_REG
 .text.get_even_flag
                0x0000000008001a28       0x64 ./Core/Src/main.o
                0x0000000008001a28                get_even_flag
 *fill*         0x0000000008001a8c        0x4 
 .text.main     0x0000000008001a90      0x3cc ./Core/Src/main.o
                0x0000000008001a90                main
 .text.SystemClock_Config
                0x0000000008001e5c       0x96 ./Core/Src/main.o
                0x0000000008001e5c                SystemClock_Config
 *fill*         0x0000000008001ef2        0x2 
 .text.MX_ADC1_Init
                0x0000000008001ef4      0x16c ./Core/Src/main.o
 .text.MX_ADC2_Init
                0x0000000008002060       0xd0 ./Core/Src/main.o
 .text.MX_CORDIC_Init
                0x0000000008002130       0x28 ./Core/Src/main.o
 .text.MX_DAC1_Init
                0x0000000008002158       0x74 ./Core/Src/main.o
 .text.MX_FDCAN1_Init
                0x00000000080021cc       0x8c ./Core/Src/main.o
 .text.MX_SPI3_Init
                0x0000000008002258       0x7c ./Core/Src/main.o
 .text.MX_TIM1_Init
                0x00000000080022d4      0x1b8 ./Core/Src/main.o
 .text.MX_TIM2_Init
                0x000000000800248c       0xa8 ./Core/Src/main.o
 .text.MX_TIM6_Init
                0x0000000008002534       0x6c ./Core/Src/main.o
 .text.MX_TIM17_Init
                0x00000000080025a0       0x4c ./Core/Src/main.o
 .text.MX_USART1_UART_Init
                0x00000000080025ec       0x98 ./Core/Src/main.o
 .text.MX_GPIO_Init
                0x0000000008002684      0x120 ./Core/Src/main.o
 *fill*         0x00000000080027a4        0x4 
 .text.HAL_ADCEx_InjectedConvCpltCallback
                0x00000000080027a8      0x4dc ./Core/Src/main.o
                0x00000000080027a8                HAL_ADCEx_InjectedConvCpltCallback
 .text.Error_Handler
                0x0000000008002c84        0xa ./Core/Src/main.o
                0x0000000008002c84                Error_Handler
 *fill*         0x0000000008002c8e        0x2 
 .text.HAL_MspInit
                0x0000000008002c90       0x48 ./Core/Src/stm32g4xx_hal_msp.o
                0x0000000008002c90                HAL_MspInit
 .text.HAL_ADC_MspInit
                0x0000000008002cd8      0x19c ./Core/Src/stm32g4xx_hal_msp.o
                0x0000000008002cd8                HAL_ADC_MspInit
 .text.HAL_CORDIC_MspInit
                0x0000000008002e74       0x40 ./Core/Src/stm32g4xx_hal_msp.o
                0x0000000008002e74                HAL_CORDIC_MspInit
 .text.HAL_DAC_MspInit
                0x0000000008002eb4       0x8c ./Core/Src/stm32g4xx_hal_msp.o
                0x0000000008002eb4                HAL_DAC_MspInit
 .text.HAL_FDCAN_MspInit
                0x0000000008002f40       0xb4 ./Core/Src/stm32g4xx_hal_msp.o
                0x0000000008002f40                HAL_FDCAN_MspInit
 .text.HAL_SPI_MspInit
                0x0000000008002ff4       0x88 ./Core/Src/stm32g4xx_hal_msp.o
                0x0000000008002ff4                HAL_SPI_MspInit
 .text.HAL_TIM_Base_MspInit
                0x000000000800307c       0xec ./Core/Src/stm32g4xx_hal_msp.o
                0x000000000800307c                HAL_TIM_Base_MspInit
 .text.HAL_TIM_Encoder_MspInit
                0x0000000008003168       0xd0 ./Core/Src/stm32g4xx_hal_msp.o
                0x0000000008003168                HAL_TIM_Encoder_MspInit
 .text.HAL_TIM_MspPostInit
                0x0000000008003238       0xac ./Core/Src/stm32g4xx_hal_msp.o
                0x0000000008003238                HAL_TIM_MspPostInit
 .text.HAL_UART_MspInit
                0x00000000080032e4       0xc0 ./Core/Src/stm32g4xx_hal_msp.o
                0x00000000080032e4                HAL_UART_MspInit
 .text.NMI_Handler
                0x00000000080033a4        0x6 ./Core/Src/stm32g4xx_it.o
                0x00000000080033a4                NMI_Handler
 .text.HardFault_Handler
                0x00000000080033aa        0x6 ./Core/Src/stm32g4xx_it.o
                0x00000000080033aa                HardFault_Handler
 .text.MemManage_Handler
                0x00000000080033b0        0x6 ./Core/Src/stm32g4xx_it.o
                0x00000000080033b0                MemManage_Handler
 .text.BusFault_Handler
                0x00000000080033b6        0x6 ./Core/Src/stm32g4xx_it.o
                0x00000000080033b6                BusFault_Handler
 .text.UsageFault_Handler
                0x00000000080033bc        0x6 ./Core/Src/stm32g4xx_it.o
                0x00000000080033bc                UsageFault_Handler
 .text.SVC_Handler
                0x00000000080033c2        0xe ./Core/Src/stm32g4xx_it.o
                0x00000000080033c2                SVC_Handler
 .text.DebugMon_Handler
                0x00000000080033d0        0xe ./Core/Src/stm32g4xx_it.o
                0x00000000080033d0                DebugMon_Handler
 .text.PendSV_Handler
                0x00000000080033de        0xe ./Core/Src/stm32g4xx_it.o
                0x00000000080033de                PendSV_Handler
 *fill*         0x00000000080033ec        0x4 
 .text.SysTick_Handler
                0x00000000080033f0      0x3bc ./Core/Src/stm32g4xx_it.o
                0x00000000080033f0                SysTick_Handler
 .text.ADC1_2_IRQHandler
                0x00000000080037ac       0x1c ./Core/Src/stm32g4xx_it.o
                0x00000000080037ac                ADC1_2_IRQHandler
 .text.TIM1_BRK_TIM15_IRQHandler
                0x00000000080037c8       0x14 ./Core/Src/stm32g4xx_it.o
                0x00000000080037c8                TIM1_BRK_TIM15_IRQHandler
 .text.TIM1_UP_TIM16_IRQHandler
                0x00000000080037dc       0x14 ./Core/Src/stm32g4xx_it.o
                0x00000000080037dc                TIM1_UP_TIM16_IRQHandler
 .text.TIM1_TRG_COM_TIM17_IRQHandler
                0x00000000080037f0       0x1c ./Core/Src/stm32g4xx_it.o
                0x00000000080037f0                TIM1_TRG_COM_TIM17_IRQHandler
 .text.TIM1_CC_IRQHandler
                0x000000000800380c       0x14 ./Core/Src/stm32g4xx_it.o
                0x000000000800380c                TIM1_CC_IRQHandler
 .text.TIM2_IRQHandler
                0x0000000008003820       0x14 ./Core/Src/stm32g4xx_it.o
                0x0000000008003820                TIM2_IRQHandler
 .text.USART1_IRQHandler
                0x0000000008003834       0x14 ./Core/Src/stm32g4xx_it.o
                0x0000000008003834                USART1_IRQHandler
 .text.EXTI15_10_IRQHandler
                0x0000000008003848       0x10 ./Core/Src/stm32g4xx_it.o
                0x0000000008003848                EXTI15_10_IRQHandler
 .text.TIM6_DAC_IRQHandler
                0x0000000008003858       0x1c ./Core/Src/stm32g4xx_it.o
                0x0000000008003858                TIM6_DAC_IRQHandler
 .text.SystemInit
                0x0000000008003874       0x24 ./Core/Src/system_stm32g4xx.o
                0x0000000008003874                SystemInit
 .text.Reset_Handler
                0x0000000008003898       0x50 ./Core/Startup/startup_stm32g431rbtx.o
                0x0000000008003898                Reset_Handler
 .text.Default_Handler
                0x00000000080038e8        0x2 ./Core/Startup/startup_stm32g431rbtx.o
                0x00000000080038e8                RTC_Alarm_IRQHandler
                0x00000000080038e8                EXTI2_IRQHandler
                0x00000000080038e8                TIM8_TRG_COM_IRQHandler
                0x00000000080038e8                TIM8_CC_IRQHandler
                0x00000000080038e8                USB_HP_IRQHandler
                0x00000000080038e8                CORDIC_IRQHandler
                0x00000000080038e8                EXTI3_IRQHandler
                0x00000000080038e8                I2C3_ER_IRQHandler
                0x00000000080038e8                EXTI0_IRQHandler
                0x00000000080038e8                I2C2_EV_IRQHandler
                0x00000000080038e8                FPU_IRQHandler
                0x00000000080038e8                FDCAN1_IT1_IRQHandler
                0x00000000080038e8                SPI1_IRQHandler
                0x00000000080038e8                TIM8_UP_IRQHandler
                0x00000000080038e8                DMA2_Channel2_IRQHandler
                0x00000000080038e8                DMA1_Channel4_IRQHandler
                0x00000000080038e8                USART3_IRQHandler
                0x00000000080038e8                TIM4_IRQHandler
                0x00000000080038e8                DMA2_Channel1_IRQHandler
                0x00000000080038e8                I2C1_EV_IRQHandler
                0x00000000080038e8                DMA1_Channel6_IRQHandler
                0x00000000080038e8                UART4_IRQHandler
                0x00000000080038e8                DMA2_Channel4_IRQHandler
                0x00000000080038e8                TIM3_IRQHandler
                0x00000000080038e8                RCC_IRQHandler
                0x00000000080038e8                DMA1_Channel1_IRQHandler
                0x00000000080038e8                Default_Handler
                0x00000000080038e8                RTC_TAMP_LSECSS_IRQHandler
                0x00000000080038e8                FMAC_IRQHandler
                0x00000000080038e8                TIM7_IRQHandler
                0x00000000080038e8                UCPD1_IRQHandler
                0x00000000080038e8                I2C3_EV_IRQHandler
                0x00000000080038e8                EXTI9_5_IRQHandler
                0x00000000080038e8                RTC_WKUP_IRQHandler
                0x00000000080038e8                PVD_PVM_IRQHandler
                0x00000000080038e8                SPI2_IRQHandler
                0x00000000080038e8                DMA2_Channel5_IRQHandler
                0x00000000080038e8                CRS_IRQHandler
                0x00000000080038e8                DMA1_Channel5_IRQHandler
                0x00000000080038e8                USB_LP_IRQHandler
                0x00000000080038e8                EXTI4_IRQHandler
                0x00000000080038e8                RNG_IRQHandler
                0x00000000080038e8                DMA1_Channel3_IRQHandler
                0x00000000080038e8                WWDG_IRQHandler
                0x00000000080038e8                LPUART1_IRQHandler
                0x00000000080038e8                DMA2_Channel6_IRQHandler
                0x00000000080038e8                FDCAN1_IT0_IRQHandler
                0x00000000080038e8                COMP1_2_3_IRQHandler
                0x00000000080038e8                EXTI1_IRQHandler
                0x00000000080038e8                USART2_IRQHandler
                0x00000000080038e8                I2C2_ER_IRQHandler
                0x00000000080038e8                DMA1_Channel2_IRQHandler
                0x00000000080038e8                TIM8_BRK_IRQHandler
                0x00000000080038e8                FLASH_IRQHandler
                0x00000000080038e8                SPI3_IRQHandler
                0x00000000080038e8                I2C1_ER_IRQHandler
                0x00000000080038e8                LPTIM1_IRQHandler
                0x00000000080038e8                DMAMUX_OVR_IRQHandler
                0x00000000080038e8                USBWakeUp_IRQHandler
                0x00000000080038e8                SAI1_IRQHandler
                0x00000000080038e8                DMA2_Channel3_IRQHandler
                0x00000000080038e8                COMP4_IRQHandler
 .text.HAL_Init
                0x00000000080038ea       0x30 ./Drivers/STM32G4xx_HAL_Driver/Src/stm32g4xx_hal.o
                0x00000000080038ea                HAL_Init
 *fill*         0x000000000800391a        0x2 
 .text.HAL_InitTick
                0x000000000800391c       0x74 ./Drivers/STM32G4xx_HAL_Driver/Src/stm32g4xx_hal.o
                0x000000000800391c                HAL_InitTick
 .text.HAL_IncTick
                0x0000000008003990       0x24 ./Drivers/STM32G4xx_HAL_Driver/Src/stm32g4xx_hal.o
                0x0000000008003990                HAL_IncTick
 .text.HAL_GetTick
                0x00000000080039b4       0x18 ./Drivers/STM32G4xx_HAL_Driver/Src/stm32g4xx_hal.o
                0x00000000080039b4                HAL_GetTick
 .text.HAL_Delay
                0x00000000080039cc       0x44 ./Drivers/STM32G4xx_HAL_Driver/Src/stm32g4xx_hal.o
                0x00000000080039cc                HAL_Delay
 .text.LL_ADC_SetCommonClock
                0x0000000008003a10       0x26 ./Drivers/STM32G4xx_HAL_Driver/Src/stm32g4xx_hal_adc.o
 .text.LL_ADC_SetCommonPathInternalCh
                0x0000000008003a36       0x26 ./Drivers/STM32G4xx_HAL_Driver/Src/stm32g4xx_hal_adc.o
 .text.LL_ADC_GetCommonPathInternalCh
                0x0000000008003a5c       0x1c ./Drivers/STM32G4xx_HAL_Driver/Src/stm32g4xx_hal_adc.o
 .text.LL_ADC_SetOffset
                0x0000000008003a78       0x48 ./Drivers/STM32G4xx_HAL_Driver/Src/stm32g4xx_hal_adc.o
 .text.LL_ADC_GetOffsetChannel
                0x0000000008003ac0       0x2c ./Drivers/STM32G4xx_HAL_Driver/Src/stm32g4xx_hal_adc.o
 .text.LL_ADC_SetOffsetState
                0x0000000008003aec       0x36 ./Drivers/STM32G4xx_HAL_Driver/Src/stm32g4xx_hal_adc.o
 .text.LL_ADC_SetOffsetSign
                0x0000000008003b22       0x36 ./Drivers/STM32G4xx_HAL_Driver/Src/stm32g4xx_hal_adc.o
 .text.LL_ADC_SetOffsetSaturation
                0x0000000008003b58       0x36 ./Drivers/STM32G4xx_HAL_Driver/Src/stm32g4xx_hal_adc.o
 .text.LL_ADC_SetSamplingTimeCommonConfig
                0x0000000008003b8e       0x26 ./Drivers/STM32G4xx_HAL_Driver/Src/stm32g4xx_hal_adc.o
 .text.LL_ADC_REG_IsTriggerSourceSWStart
                0x0000000008003bb4       0x26 ./Drivers/STM32G4xx_HAL_Driver/Src/stm32g4xx_hal_adc.o
 .text.LL_ADC_REG_SetSequencerRanks
                0x0000000008003bda       0x58 ./Drivers/STM32G4xx_HAL_Driver/Src/stm32g4xx_hal_adc.o
 .text.LL_ADC_INJ_IsTriggerSourceSWStart
                0x0000000008003c32       0x26 ./Drivers/STM32G4xx_HAL_Driver/Src/stm32g4xx_hal_adc.o
 .text.LL_ADC_SetChannelSamplingTime
                0x0000000008003c58       0x56 ./Drivers/STM32G4xx_HAL_Driver/Src/stm32g4xx_hal_adc.o
 *fill*         0x0000000008003cae        0x2 
 .text.LL_ADC_SetChannelSingleDiff
                0x0000000008003cb0       0x50 ./Drivers/STM32G4xx_HAL_Driver/Src/stm32g4xx_hal_adc.o
 .text.LL_ADC_GetMultimode
                0x0000000008003d00       0x1c ./Drivers/STM32G4xx_HAL_Driver/Src/stm32g4xx_hal_adc.o
 .text.LL_ADC_GetMultiDMATransfer
                0x0000000008003d1c       0x1c ./Drivers/STM32G4xx_HAL_Driver/Src/stm32g4xx_hal_adc.o
 .text.LL_ADC_DisableDeepPowerDown
                0x0000000008003d38       0x24 ./Drivers/STM32G4xx_HAL_Driver/Src/stm32g4xx_hal_adc.o
 .text.LL_ADC_IsDeepPowerDownEnabled
                0x0000000008003d5c       0x28 ./Drivers/STM32G4xx_HAL_Driver/Src/stm32g4xx_hal_adc.o
 .text.LL_ADC_EnableInternalRegulator
                0x0000000008003d84       0x28 ./Drivers/STM32G4xx_HAL_Driver/Src/stm32g4xx_hal_adc.o
 .text.LL_ADC_IsInternalRegulatorEnabled
                0x0000000008003dac       0x28 ./Drivers/STM32G4xx_HAL_Driver/Src/stm32g4xx_hal_adc.o
 .text.LL_ADC_Enable
                0x0000000008003dd4       0x28 ./Drivers/STM32G4xx_HAL_Driver/Src/stm32g4xx_hal_adc.o
 .text.LL_ADC_IsEnabled
                0x0000000008003dfc       0x26 ./Drivers/STM32G4xx_HAL_Driver/Src/stm32g4xx_hal_adc.o
 .text.LL_ADC_REG_IsConversionOngoing
                0x0000000008003e22       0x26 ./Drivers/STM32G4xx_HAL_Driver/Src/stm32g4xx_hal_adc.o
 .text.LL_ADC_INJ_IsConversionOngoing
                0x0000000008003e48       0x26 ./Drivers/STM32G4xx_HAL_Driver/Src/stm32g4xx_hal_adc.o
 *fill*         0x0000000008003e6e        0x2 
 .text.HAL_ADC_Init
                0x0000000008003e70      0x314 ./Drivers/STM32G4xx_HAL_Driver/Src/stm32g4xx_hal_adc.o
                0x0000000008003e70                HAL_ADC_Init
 .text.HAL_ADC_IRQHandler
                0x0000000008004184      0x434 ./Drivers/STM32G4xx_HAL_Driver/Src/stm32g4xx_hal_adc.o
                0x0000000008004184                HAL_ADC_IRQHandler
 .text.HAL_ADC_ConvCpltCallback
                0x00000000080045b8       0x14 ./Drivers/STM32G4xx_HAL_Driver/Src/stm32g4xx_hal_adc.o
                0x00000000080045b8                HAL_ADC_ConvCpltCallback
 .text.HAL_ADC_LevelOutOfWindowCallback
                0x00000000080045cc       0x14 ./Drivers/STM32G4xx_HAL_Driver/Src/stm32g4xx_hal_adc.o
                0x00000000080045cc                HAL_ADC_LevelOutOfWindowCallback
 .text.HAL_ADC_ErrorCallback
                0x00000000080045e0       0x14 ./Drivers/STM32G4xx_HAL_Driver/Src/stm32g4xx_hal_adc.o
                0x00000000080045e0                HAL_ADC_ErrorCallback
 .text.HAL_ADC_ConfigChannel
                0x00000000080045f4      0x7e0 ./Drivers/STM32G4xx_HAL_Driver/Src/stm32g4xx_hal_adc.o
                0x00000000080045f4                HAL_ADC_ConfigChannel
 .text.ADC_Enable
                0x0000000008004dd4       0xc4 ./Drivers/STM32G4xx_HAL_Driver/Src/stm32g4xx_hal_adc.o
                0x0000000008004dd4                ADC_Enable
 .text.LL_ADC_SetCommonPathInternalCh
                0x0000000008004e98       0x26 ./Drivers/STM32G4xx_HAL_Driver/Src/stm32g4xx_hal_adc_ex.o
 .text.LL_ADC_GetCommonPathInternalCh
                0x0000000008004ebe       0x1c ./Drivers/STM32G4xx_HAL_Driver/Src/stm32g4xx_hal_adc_ex.o
 *fill*         0x0000000008004eda        0x2 
 .text.LL_ADC_SetOffset
                0x0000000008004edc       0x48 ./Drivers/STM32G4xx_HAL_Driver/Src/stm32g4xx_hal_adc_ex.o
 .text.LL_ADC_GetOffsetChannel
                0x0000000008004f24       0x2c ./Drivers/STM32G4xx_HAL_Driver/Src/stm32g4xx_hal_adc_ex.o
 .text.LL_ADC_SetOffsetState
                0x0000000008004f50       0x36 ./Drivers/STM32G4xx_HAL_Driver/Src/stm32g4xx_hal_adc_ex.o
 .text.LL_ADC_SetOffsetSign
                0x0000000008004f86       0x36 ./Drivers/STM32G4xx_HAL_Driver/Src/stm32g4xx_hal_adc_ex.o
 .text.LL_ADC_SetOffsetSaturation
                0x0000000008004fbc       0x36 ./Drivers/STM32G4xx_HAL_Driver/Src/stm32g4xx_hal_adc_ex.o
 .text.LL_ADC_SetSamplingTimeCommonConfig
                0x0000000008004ff2       0x26 ./Drivers/STM32G4xx_HAL_Driver/Src/stm32g4xx_hal_adc_ex.o
 .text.LL_ADC_INJ_GetTrigAuto
                0x0000000008005018       0x1c ./Drivers/STM32G4xx_HAL_Driver/Src/stm32g4xx_hal_adc_ex.o
 .text.LL_ADC_SetChannelSamplingTime
                0x0000000008005034       0x56 ./Drivers/STM32G4xx_HAL_Driver/Src/stm32g4xx_hal_adc_ex.o
 *fill*         0x000000000800508a        0x2 
 .text.LL_ADC_SetChannelSingleDiff
                0x000000000800508c       0x50 ./Drivers/STM32G4xx_HAL_Driver/Src/stm32g4xx_hal_adc_ex.o
 .text.LL_ADC_GetMultimode
                0x00000000080050dc       0x1c ./Drivers/STM32G4xx_HAL_Driver/Src/stm32g4xx_hal_adc_ex.o
 .text.LL_ADC_IsEnabled
                0x00000000080050f8       0x26 ./Drivers/STM32G4xx_HAL_Driver/Src/stm32g4xx_hal_adc_ex.o
 .text.LL_ADC_REG_IsConversionOngoing
                0x000000000800511e       0x26 ./Drivers/STM32G4xx_HAL_Driver/Src/stm32g4xx_hal_adc_ex.o
 .text.LL_ADC_INJ_StartConversion
                0x0000000008005144       0x28 ./Drivers/STM32G4xx_HAL_Driver/Src/stm32g4xx_hal_adc_ex.o
 .text.LL_ADC_INJ_IsConversionOngoing
                0x000000000800516c       0x26 ./Drivers/STM32G4xx_HAL_Driver/Src/stm32g4xx_hal_adc_ex.o
 *fill*         0x0000000008005192        0x2 
 .text.HAL_ADCEx_InjectedStart_IT
                0x0000000008005194      0x1cc ./Drivers/STM32G4xx_HAL_Driver/Src/stm32g4xx_hal_adc_ex.o
                0x0000000008005194                HAL_ADCEx_InjectedStart_IT
 .text.HAL_ADCEx_InjectedGetValue
                0x0000000008005360       0x70 ./Drivers/STM32G4xx_HAL_Driver/Src/stm32g4xx_hal_adc_ex.o
                0x0000000008005360                HAL_ADCEx_InjectedGetValue
 .text.HAL_ADCEx_InjectedQueueOverflowCallback
                0x00000000080053d0       0x14 ./Drivers/STM32G4xx_HAL_Driver/Src/stm32g4xx_hal_adc_ex.o
                0x00000000080053d0                HAL_ADCEx_InjectedQueueOverflowCallback
 .text.HAL_ADCEx_LevelOutOfWindow2Callback
                0x00000000080053e4       0x14 ./Drivers/STM32G4xx_HAL_Driver/Src/stm32g4xx_hal_adc_ex.o
                0x00000000080053e4                HAL_ADCEx_LevelOutOfWindow2Callback
 .text.HAL_ADCEx_LevelOutOfWindow3Callback
                0x00000000080053f8       0x14 ./Drivers/STM32G4xx_HAL_Driver/Src/stm32g4xx_hal_adc_ex.o
                0x00000000080053f8                HAL_ADCEx_LevelOutOfWindow3Callback
 .text.HAL_ADCEx_EndOfSamplingCallback
                0x000000000800540c       0x14 ./Drivers/STM32G4xx_HAL_Driver/Src/stm32g4xx_hal_adc_ex.o
                0x000000000800540c                HAL_ADCEx_EndOfSamplingCallback
 .text.HAL_ADCEx_InjectedConfigChannel
                0x0000000008005420      0x9c0 ./Drivers/STM32G4xx_HAL_Driver/Src/stm32g4xx_hal_adc_ex.o
                0x0000000008005420                HAL_ADCEx_InjectedConfigChannel
 .text.HAL_ADCEx_MultiModeConfigChannel
                0x0000000008005de0      0x148 ./Drivers/STM32G4xx_HAL_Driver/Src/stm32g4xx_hal_adc_ex.o
                0x0000000008005de0                HAL_ADCEx_MultiModeConfigChannel
 .text.HAL_CORDIC_Init
                0x0000000008005f28       0x62 ./Drivers/STM32G4xx_HAL_Driver/Src/stm32g4xx_hal_cordic.o
                0x0000000008005f28                HAL_CORDIC_Init
 *fill*         0x0000000008005f8a        0x2 
 .text.__NVIC_SetPriorityGrouping
                0x0000000008005f8c       0x48 ./Drivers/STM32G4xx_HAL_Driver/Src/stm32g4xx_hal_cortex.o
 .text.__NVIC_GetPriorityGrouping
                0x0000000008005fd4       0x1c ./Drivers/STM32G4xx_HAL_Driver/Src/stm32g4xx_hal_cortex.o
 .text.__NVIC_EnableIRQ
                0x0000000008005ff0       0x3c ./Drivers/STM32G4xx_HAL_Driver/Src/stm32g4xx_hal_cortex.o
 .text.__NVIC_SetPriority
                0x000000000800602c       0x54 ./Drivers/STM32G4xx_HAL_Driver/Src/stm32g4xx_hal_cortex.o
 .text.NVIC_EncodePriority
                0x0000000008006080       0x66 ./Drivers/STM32G4xx_HAL_Driver/Src/stm32g4xx_hal_cortex.o
 *fill*         0x00000000080060e6        0x2 
 .text.SysTick_Config
                0x00000000080060e8       0x44 ./Drivers/STM32G4xx_HAL_Driver/Src/stm32g4xx_hal_cortex.o
 .text.HAL_NVIC_SetPriorityGrouping
                0x000000000800612c       0x16 ./Drivers/STM32G4xx_HAL_Driver/Src/stm32g4xx_hal_cortex.o
                0x000000000800612c                HAL_NVIC_SetPriorityGrouping
 .text.HAL_NVIC_SetPriority
                0x0000000008006142       0x34 ./Drivers/STM32G4xx_HAL_Driver/Src/stm32g4xx_hal_cortex.o
                0x0000000008006142                HAL_NVIC_SetPriority
 .text.HAL_NVIC_EnableIRQ
                0x0000000008006176       0x1c ./Drivers/STM32G4xx_HAL_Driver/Src/stm32g4xx_hal_cortex.o
                0x0000000008006176                HAL_NVIC_EnableIRQ
 .text.HAL_SYSTICK_Config
                0x0000000008006192       0x18 ./Drivers/STM32G4xx_HAL_Driver/Src/stm32g4xx_hal_cortex.o
                0x0000000008006192                HAL_SYSTICK_Config
 .text.HAL_DAC_Init
                0x00000000080061aa       0x44 ./Drivers/STM32G4xx_HAL_Driver/Src/stm32g4xx_hal_dac.o
                0x00000000080061aa                HAL_DAC_Init
 .text.HAL_DAC_IRQHandler
                0x00000000080061ee       0xb4 ./Drivers/STM32G4xx_HAL_Driver/Src/stm32g4xx_hal_dac.o
                0x00000000080061ee                HAL_DAC_IRQHandler
 .text.HAL_DAC_DMAUnderrunCallbackCh1
                0x00000000080062a2       0x14 ./Drivers/STM32G4xx_HAL_Driver/Src/stm32g4xx_hal_dac.o
                0x00000000080062a2                HAL_DAC_DMAUnderrunCallbackCh1
 *fill*         0x00000000080062b6        0x2 
 .text.HAL_DAC_ConfigChannel
                0x00000000080062b8      0x350 ./Drivers/STM32G4xx_HAL_Driver/Src/stm32g4xx_hal_dac.o
                0x00000000080062b8                HAL_DAC_ConfigChannel
 .text.HAL_DACEx_DMAUnderrunCallbackCh2
                0x0000000008006608       0x14 ./Drivers/STM32G4xx_HAL_Driver/Src/stm32g4xx_hal_dac_ex.o
                0x0000000008006608                HAL_DACEx_DMAUnderrunCallbackCh2
 .text.HAL_DMA_Abort
                0x000000000800661c       0xb2 ./Drivers/STM32G4xx_HAL_Driver/Src/stm32g4xx_hal_dma.o
                0x000000000800661c                HAL_DMA_Abort
 .text.HAL_DMA_Abort_IT
                0x00000000080066ce       0xce ./Drivers/STM32G4xx_HAL_Driver/Src/stm32g4xx_hal_dma.o
                0x00000000080066ce                HAL_DMA_Abort_IT
 .text.HAL_FDCAN_Init
                0x000000000800679c      0x2b4 ./Drivers/STM32G4xx_HAL_Driver/Src/stm32g4xx_hal_fdcan.o
                0x000000000800679c                HAL_FDCAN_Init
 .text.FDCAN_CalcultateRamBlockAddresses
                0x0000000008006a50       0xac ./Drivers/STM32G4xx_HAL_Driver/Src/stm32g4xx_hal_fdcan.o
 .text.HAL_GPIO_Init
                0x0000000008006afc      0x304 ./Drivers/STM32G4xx_HAL_Driver/Src/stm32g4xx_hal_gpio.o
                0x0000000008006afc                HAL_GPIO_Init
 .text.HAL_GPIO_WritePin
                0x0000000008006e00       0x30 ./Drivers/STM32G4xx_HAL_Driver/Src/stm32g4xx_hal_gpio.o
                0x0000000008006e00                HAL_GPIO_WritePin
 .text.HAL_GPIO_EXTI_IRQHandler
                0x0000000008006e30       0x30 ./Drivers/STM32G4xx_HAL_Driver/Src/stm32g4xx_hal_gpio.o
                0x0000000008006e30                HAL_GPIO_EXTI_IRQHandler
 .text.HAL_GPIO_EXTI_Callback
                0x0000000008006e60       0x16 ./Drivers/STM32G4xx_HAL_Driver/Src/stm32g4xx_hal_gpio.o
                0x0000000008006e60                HAL_GPIO_EXTI_Callback
 *fill*         0x0000000008006e76        0x2 
 .text.HAL_PWREx_ControlVoltageScaling
                0x0000000008006e78      0x148 ./Drivers/STM32G4xx_HAL_Driver/Src/stm32g4xx_hal_pwr_ex.o
                0x0000000008006e78                HAL_PWREx_ControlVoltageScaling
 .text.HAL_PWREx_DisableUCPDDeadBattery
                0x0000000008006fc0       0x20 ./Drivers/STM32G4xx_HAL_Driver/Src/stm32g4xx_hal_pwr_ex.o
                0x0000000008006fc0                HAL_PWREx_DisableUCPDDeadBattery
 .text.HAL_RCC_OscConfig
                0x0000000008006fe0      0x630 ./Drivers/STM32G4xx_HAL_Driver/Src/stm32g4xx_hal_rcc.o
                0x0000000008006fe0                HAL_RCC_OscConfig
 .text.HAL_RCC_ClockConfig
                0x0000000008007610      0x278 ./Drivers/STM32G4xx_HAL_Driver/Src/stm32g4xx_hal_rcc.o
                0x0000000008007610                HAL_RCC_ClockConfig
 .text.HAL_RCC_GetSysClockFreq
                0x0000000008007888       0xc4 ./Drivers/STM32G4xx_HAL_Driver/Src/stm32g4xx_hal_rcc.o
                0x0000000008007888                HAL_RCC_GetSysClockFreq
 .text.HAL_RCC_GetHCLKFreq
                0x000000000800794c       0x18 ./Drivers/STM32G4xx_HAL_Driver/Src/stm32g4xx_hal_rcc.o
                0x000000000800794c                HAL_RCC_GetHCLKFreq
 .text.HAL_RCC_GetPCLK1Freq
                0x0000000008007964       0x2c ./Drivers/STM32G4xx_HAL_Driver/Src/stm32g4xx_hal_rcc.o
                0x0000000008007964                HAL_RCC_GetPCLK1Freq
 .text.HAL_RCC_GetPCLK2Freq
                0x0000000008007990       0x2c ./Drivers/STM32G4xx_HAL_Driver/Src/stm32g4xx_hal_rcc.o
                0x0000000008007990                HAL_RCC_GetPCLK2Freq
 .text.RCC_GetSysClockFreqFromPLLSource
                0x00000000080079bc       0x8c ./Drivers/STM32G4xx_HAL_Driver/Src/stm32g4xx_hal_rcc.o
 .text.HAL_RCCEx_PeriphCLKConfig
                0x0000000008007a48      0x3e0 ./Drivers/STM32G4xx_HAL_Driver/Src/stm32g4xx_hal_rcc_ex.o
                0x0000000008007a48                HAL_RCCEx_PeriphCLKConfig
 .text.HAL_SPI_Init
                0x0000000008007e28      0x156 ./Drivers/STM32G4xx_HAL_Driver/Src/stm32g4xx_hal_spi.o
                0x0000000008007e28                HAL_SPI_Init
 .text.HAL_SPI_Transmit
                0x0000000008007f7e      0x2dc ./Drivers/STM32G4xx_HAL_Driver/Src/stm32g4xx_hal_spi.o
                0x0000000008007f7e                HAL_SPI_Transmit
 .text.HAL_SPI_Receive
                0x000000000800825a      0x260 ./Drivers/STM32G4xx_HAL_Driver/Src/stm32g4xx_hal_spi.o
                0x000000000800825a                HAL_SPI_Receive
 .text.HAL_SPI_TransmitReceive
                0x00000000080084ba      0x426 ./Drivers/STM32G4xx_HAL_Driver/Src/stm32g4xx_hal_spi.o
                0x00000000080084ba                HAL_SPI_TransmitReceive
 .text.SPI_WaitFlagStateUntilTimeout
                0x00000000080088e0      0x110 ./Drivers/STM32G4xx_HAL_Driver/Src/stm32g4xx_hal_spi.o
 .text.SPI_WaitFifoStateUntilTimeout
                0x00000000080089f0      0x12c ./Drivers/STM32G4xx_HAL_Driver/Src/stm32g4xx_hal_spi.o
 .text.SPI_EndRxTransaction
                0x0000000008008b1c       0xb0 ./Drivers/STM32G4xx_HAL_Driver/Src/stm32g4xx_hal_spi.o
 .text.SPI_EndRxTxTransaction
                0x0000000008008bcc       0x8c ./Drivers/STM32G4xx_HAL_Driver/Src/stm32g4xx_hal_spi.o
 .text.HAL_TIM_Base_Init
                0x0000000008008c58       0xae ./Drivers/STM32G4xx_HAL_Driver/Src/stm32g4xx_hal_tim.o
                0x0000000008008c58                HAL_TIM_Base_Init
 .text.HAL_TIM_PWM_Init
                0x0000000008008d06       0xae ./Drivers/STM32G4xx_HAL_Driver/Src/stm32g4xx_hal_tim.o
                0x0000000008008d06                HAL_TIM_PWM_Init
 .text.HAL_TIM_PWM_MspInit
                0x0000000008008db4       0x14 ./Drivers/STM32G4xx_HAL_Driver/Src/stm32g4xx_hal_tim.o
                0x0000000008008db4                HAL_TIM_PWM_MspInit
 .text.HAL_TIM_PWM_Start_IT
                0x0000000008008dc8      0x298 ./Drivers/STM32G4xx_HAL_Driver/Src/stm32g4xx_hal_tim.o
                0x0000000008008dc8                HAL_TIM_PWM_Start_IT
 .text.HAL_TIM_Encoder_Init
                0x0000000008009060      0x14c ./Drivers/STM32G4xx_HAL_Driver/Src/stm32g4xx_hal_tim.o
                0x0000000008009060                HAL_TIM_Encoder_Init
 .text.HAL_TIM_Encoder_Start_IT
                0x00000000080091ac      0x15c ./Drivers/STM32G4xx_HAL_Driver/Src/stm32g4xx_hal_tim.o
                0x00000000080091ac                HAL_TIM_Encoder_Start_IT
 .text.HAL_TIM_IRQHandler
                0x0000000008009308      0x2fe ./Drivers/STM32G4xx_HAL_Driver/Src/stm32g4xx_hal_tim.o
                0x0000000008009308                HAL_TIM_IRQHandler
 *fill*         0x0000000008009606        0x2 
 .text.HAL_TIM_PWM_ConfigChannel
                0x0000000008009608      0x228 ./Drivers/STM32G4xx_HAL_Driver/Src/stm32g4xx_hal_tim.o
                0x0000000008009608                HAL_TIM_PWM_ConfigChannel
 .text.HAL_TIM_ConfigClockSource
                0x0000000008009830      0x1f4 ./Drivers/STM32G4xx_HAL_Driver/Src/stm32g4xx_hal_tim.o
                0x0000000008009830                HAL_TIM_ConfigClockSource
 .text.HAL_TIM_PeriodElapsedCallback
                0x0000000008009a24       0x14 ./Drivers/STM32G4xx_HAL_Driver/Src/stm32g4xx_hal_tim.o
                0x0000000008009a24                HAL_TIM_PeriodElapsedCallback
 .text.HAL_TIM_OC_DelayElapsedCallback
                0x0000000008009a38       0x14 ./Drivers/STM32G4xx_HAL_Driver/Src/stm32g4xx_hal_tim.o
                0x0000000008009a38                HAL_TIM_OC_DelayElapsedCallback
 .text.HAL_TIM_IC_CaptureCallback
                0x0000000008009a4c       0x14 ./Drivers/STM32G4xx_HAL_Driver/Src/stm32g4xx_hal_tim.o
                0x0000000008009a4c                HAL_TIM_IC_CaptureCallback
 .text.HAL_TIM_PWM_PulseFinishedCallback
                0x0000000008009a60       0x14 ./Drivers/STM32G4xx_HAL_Driver/Src/stm32g4xx_hal_tim.o
                0x0000000008009a60                HAL_TIM_PWM_PulseFinishedCallback
 .text.HAL_TIM_TriggerCallback
                0x0000000008009a74       0x14 ./Drivers/STM32G4xx_HAL_Driver/Src/stm32g4xx_hal_tim.o
                0x0000000008009a74                HAL_TIM_TriggerCallback
 .text.TIM_Base_SetConfig
                0x0000000008009a88      0x120 ./Drivers/STM32G4xx_HAL_Driver/Src/stm32g4xx_hal_tim.o
                0x0000000008009a88                TIM_Base_SetConfig
 .text.TIM_OC1_SetConfig
                0x0000000008009ba8      0x120 ./Drivers/STM32G4xx_HAL_Driver/Src/stm32g4xx_hal_tim.o
 .text.TIM_OC2_SetConfig
                0x0000000008009cc8      0x114 ./Drivers/STM32G4xx_HAL_Driver/Src/stm32g4xx_hal_tim.o
                0x0000000008009cc8                TIM_OC2_SetConfig
 .text.TIM_OC3_SetConfig
                0x0000000008009ddc      0x110 ./Drivers/STM32G4xx_HAL_Driver/Src/stm32g4xx_hal_tim.o
 .text.TIM_OC4_SetConfig
                0x0000000008009eec      0x114 ./Drivers/STM32G4xx_HAL_Driver/Src/stm32g4xx_hal_tim.o
 .text.TIM_OC5_SetConfig
                0x000000000800a000       0xc8 ./Drivers/STM32G4xx_HAL_Driver/Src/stm32g4xx_hal_tim.o
 .text.TIM_OC6_SetConfig
                0x000000000800a0c8       0xcc ./Drivers/STM32G4xx_HAL_Driver/Src/stm32g4xx_hal_tim.o
 .text.TIM_TI1_ConfigInputStage
                0x000000000800a194       0x5e ./Drivers/STM32G4xx_HAL_Driver/Src/stm32g4xx_hal_tim.o
 .text.TIM_TI2_ConfigInputStage
                0x000000000800a1f2       0x60 ./Drivers/STM32G4xx_HAL_Driver/Src/stm32g4xx_hal_tim.o
 .text.TIM_ITRx_SetConfig
                0x000000000800a252       0x3a ./Drivers/STM32G4xx_HAL_Driver/Src/stm32g4xx_hal_tim.o
 .text.TIM_ETR_SetConfig
                0x000000000800a28c       0x40 ./Drivers/STM32G4xx_HAL_Driver/Src/stm32g4xx_hal_tim.o
                0x000000000800a28c                TIM_ETR_SetConfig
 .text.TIM_CCxChannelCmd
                0x000000000800a2cc       0x4a ./Drivers/STM32G4xx_HAL_Driver/Src/stm32g4xx_hal_tim.o
                0x000000000800a2cc                TIM_CCxChannelCmd
 *fill*         0x000000000800a316        0x2 
 .text.HAL_TIMEx_PWMN_Start_IT
                0x000000000800a318      0x210 ./Drivers/STM32G4xx_HAL_Driver/Src/stm32g4xx_hal_tim_ex.o
                0x000000000800a318                HAL_TIMEx_PWMN_Start_IT
 .text.HAL_TIMEx_MasterConfigSynchronization
                0x000000000800a528      0x104 ./Drivers/STM32G4xx_HAL_Driver/Src/stm32g4xx_hal_tim_ex.o
                0x000000000800a528                HAL_TIMEx_MasterConfigSynchronization
 .text.HAL_TIMEx_ConfigBreakDeadTime
                0x000000000800a62c      0x140 ./Drivers/STM32G4xx_HAL_Driver/Src/stm32g4xx_hal_tim_ex.o
                0x000000000800a62c                HAL_TIMEx_ConfigBreakDeadTime
 .text.HAL_TIMEx_CommutCallback
                0x000000000800a76c       0x14 ./Drivers/STM32G4xx_HAL_Driver/Src/stm32g4xx_hal_tim_ex.o
                0x000000000800a76c                HAL_TIMEx_CommutCallback
 .text.HAL_TIMEx_BreakCallback
                0x000000000800a780       0x14 ./Drivers/STM32G4xx_HAL_Driver/Src/stm32g4xx_hal_tim_ex.o
                0x000000000800a780                HAL_TIMEx_BreakCallback
 .text.HAL_TIMEx_Break2Callback
                0x000000000800a794       0x14 ./Drivers/STM32G4xx_HAL_Driver/Src/stm32g4xx_hal_tim_ex.o
                0x000000000800a794                HAL_TIMEx_Break2Callback
 .text.HAL_TIMEx_EncoderIndexCallback
                0x000000000800a7a8       0x14 ./Drivers/STM32G4xx_HAL_Driver/Src/stm32g4xx_hal_tim_ex.o
                0x000000000800a7a8                HAL_TIMEx_EncoderIndexCallback
 .text.HAL_TIMEx_DirectionChangeCallback
                0x000000000800a7bc       0x14 ./Drivers/STM32G4xx_HAL_Driver/Src/stm32g4xx_hal_tim_ex.o
                0x000000000800a7bc                HAL_TIMEx_DirectionChangeCallback
 .text.HAL_TIMEx_IndexErrorCallback
                0x000000000800a7d0       0x14 ./Drivers/STM32G4xx_HAL_Driver/Src/stm32g4xx_hal_tim_ex.o
                0x000000000800a7d0                HAL_TIMEx_IndexErrorCallback
 .text.HAL_TIMEx_TransitionErrorCallback
                0x000000000800a7e4       0x14 ./Drivers/STM32G4xx_HAL_Driver/Src/stm32g4xx_hal_tim_ex.o
                0x000000000800a7e4                HAL_TIMEx_TransitionErrorCallback
 .text.TIM_CCxNChannelCmd
                0x000000000800a7f8       0x4a ./Drivers/STM32G4xx_HAL_Driver/Src/stm32g4xx_hal_tim_ex.o
 .text.HAL_UART_Init
                0x000000000800a842       0xa0 ./Drivers/STM32G4xx_HAL_Driver/Src/stm32g4xx_hal_uart.o
                0x000000000800a842                HAL_UART_Init
 .text.HAL_UART_Transmit
                0x000000000800a8e2      0x12c ./Drivers/STM32G4xx_HAL_Driver/Src/stm32g4xx_hal_uart.o
                0x000000000800a8e2                HAL_UART_Transmit
 *fill*         0x000000000800aa0e        0x2 
 .text.HAL_UART_IRQHandler
                0x000000000800aa10      0x630 ./Drivers/STM32G4xx_HAL_Driver/Src/stm32g4xx_hal_uart.o
                0x000000000800aa10                HAL_UART_IRQHandler
 .text.HAL_UART_TxCpltCallback
                0x000000000800b040       0x14 ./Drivers/STM32G4xx_HAL_Driver/Src/stm32g4xx_hal_uart.o
                0x000000000800b040                HAL_UART_TxCpltCallback
 .text.HAL_UART_ErrorCallback
                0x000000000800b054       0x14 ./Drivers/STM32G4xx_HAL_Driver/Src/stm32g4xx_hal_uart.o
                0x000000000800b054                HAL_UART_ErrorCallback
 .text.HAL_UARTEx_RxEventCallback
                0x000000000800b068       0x18 ./Drivers/STM32G4xx_HAL_Driver/Src/stm32g4xx_hal_uart.o
                0x000000000800b068                HAL_UARTEx_RxEventCallback
 .text.UART_SetConfig
                0x000000000800b080      0x598 ./Drivers/STM32G4xx_HAL_Driver/Src/stm32g4xx_hal_uart.o
                0x000000000800b080                UART_SetConfig
 .text.UART_AdvFeatureConfig
                0x000000000800b618      0x144 ./Drivers/STM32G4xx_HAL_Driver/Src/stm32g4xx_hal_uart.o
                0x000000000800b618                UART_AdvFeatureConfig
 .text.UART_CheckIdleState
                0x000000000800b75c       0x96 ./Drivers/STM32G4xx_HAL_Driver/Src/stm32g4xx_hal_uart.o
                0x000000000800b75c                UART_CheckIdleState
 .text.UART_WaitOnFlagUntilTimeout
                0x000000000800b7f2      0x190 ./Drivers/STM32G4xx_HAL_Driver/Src/stm32g4xx_hal_uart.o
                0x000000000800b7f2                UART_WaitOnFlagUntilTimeout
 .text.UART_EndRxTransfer
                0x000000000800b982       0xcc ./Drivers/STM32G4xx_HAL_Driver/Src/stm32g4xx_hal_uart.o
 .text.UART_DMAAbortOnError
                0x000000000800ba4e       0x2c ./Drivers/STM32G4xx_HAL_Driver/Src/stm32g4xx_hal_uart.o
 .text.UART_EndTransmit_IT
                0x000000000800ba7a       0x56 ./Drivers/STM32G4xx_HAL_Driver/Src/stm32g4xx_hal_uart.o
 .text.HAL_UARTEx_WakeupCallback
                0x000000000800bad0       0x14 ./Drivers/STM32G4xx_HAL_Driver/Src/stm32g4xx_hal_uart_ex.o
                0x000000000800bad0                HAL_UARTEx_WakeupCallback
 .text.HAL_UARTEx_RxFifoFullCallback
                0x000000000800bae4       0x14 ./Drivers/STM32G4xx_HAL_Driver/Src/stm32g4xx_hal_uart_ex.o
                0x000000000800bae4                HAL_UARTEx_RxFifoFullCallback
 .text.HAL_UARTEx_TxFifoEmptyCallback
                0x000000000800baf8       0x14 ./Drivers/STM32G4xx_HAL_Driver/Src/stm32g4xx_hal_uart_ex.o
                0x000000000800baf8                HAL_UARTEx_TxFifoEmptyCallback
 .text.HAL_UARTEx_DisableFifoMode
                0x000000000800bb0c       0x72 ./Drivers/STM32G4xx_HAL_Driver/Src/stm32g4xx_hal_uart_ex.o
                0x000000000800bb0c                HAL_UARTEx_DisableFifoMode
 .text.HAL_UARTEx_SetTxFifoThreshold
                0x000000000800bb7e       0x7c ./Drivers/STM32G4xx_HAL_Driver/Src/stm32g4xx_hal_uart_ex.o
                0x000000000800bb7e                HAL_UARTEx_SetTxFifoThreshold
 .text.HAL_UARTEx_SetRxFifoThreshold
                0x000000000800bbfa       0x7c ./Drivers/STM32G4xx_HAL_Driver/Src/stm32g4xx_hal_uart_ex.o
                0x000000000800bbfa                HAL_UARTEx_SetRxFifoThreshold
 *fill*         0x000000000800bc76        0x2 
 .text.UARTEx_SetNbDataToProcess
                0x000000000800bc78       0x9c ./Drivers/STM32G4xx_HAL_Driver/Src/stm32g4xx_hal_uart_ex.o
 .text.memset   0x000000000800bd14       0x10 D:/STM32CubeIDE_1.8.0/STM32CubeIDE/plugins/com.st.stm32cube.ide.mcu.externaltools.gnu-tools-for-stm32.11.3.rel1.win32_1.1.1.202309131626/tools/bin/../lib/gcc/arm-none-eabi/11.3.1/../../../../arm-none-eabi/lib/thumb/v7e-m+fp/hard\libc_nano.a(libc_a-memset.o)
                0x000000000800bd14                memset
 .text.__libc_init_array
                0x000000000800bd24       0x48 D:/STM32CubeIDE_1.8.0/STM32CubeIDE/plugins/com.st.stm32cube.ide.mcu.externaltools.gnu-tools-for-stm32.11.3.rel1.win32_1.1.1.202309131626/tools/bin/../lib/gcc/arm-none-eabi/11.3.1/../../../../arm-none-eabi/lib/thumb/v7e-m+fp/hard\libc_nano.a(libc_a-init.o)
                0x000000000800bd24                __libc_init_array
 *fill*         0x000000000800bd6c        0x4 
 .text.cos      0x000000000800bd70       0xa8 D:/STM32CubeIDE_1.8.0/STM32CubeIDE/plugins/com.st.stm32cube.ide.mcu.externaltools.gnu-tools-for-stm32.11.3.rel1.win32_1.1.1.202309131626/tools/bin/../lib/gcc/arm-none-eabi/11.3.1/../../../../arm-none-eabi/lib/thumb/v7e-m+fp/hard\libm.a(libm_a-s_cos.o)
                0x000000000800bd70                cos
 .text.sin      0x000000000800be18       0xb0 D:/STM32CubeIDE_1.8.0/STM32CubeIDE/plugins/com.st.stm32cube.ide.mcu.externaltools.gnu-tools-for-stm32.11.3.rel1.win32_1.1.1.202309131626/tools/bin/../lib/gcc/arm-none-eabi/11.3.1/../../../../arm-none-eabi/lib/thumb/v7e-m+fp/hard\libm.a(libm_a-s_sin.o)
                0x000000000800be18                sin
 .text.__kernel_cos
                0x000000000800bec8      0x18c D:/STM32CubeIDE_1.8.0/STM32CubeIDE/plugins/com.st.stm32cube.ide.mcu.externaltools.gnu-tools-for-stm32.11.3.rel1.win32_1.1.1.202309131626/tools/bin/../lib/gcc/arm-none-eabi/11.3.1/../../../../arm-none-eabi/lib/thumb/v7e-m+fp/hard\libm.a(libm_a-k_cos.o)
                0x000000000800bec8                __kernel_cos
 *fill*         0x000000000800c054        0x4 
 .text.__kernel_sin
                0x000000000800c058      0x17c D:/STM32CubeIDE_1.8.0/STM32CubeIDE/plugins/com.st.stm32cube.ide.mcu.externaltools.gnu-tools-for-stm32.11.3.rel1.win32_1.1.1.202309131626/tools/bin/../lib/gcc/arm-none-eabi/11.3.1/../../../../arm-none-eabi/lib/thumb/v7e-m+fp/hard\libm.a(libm_a-k_sin.o)
                0x000000000800c058                __kernel_sin
 *fill*         0x000000000800c1d4        0x4 
 .text.__ieee754_rem_pio2
                0x000000000800c1d8      0x40c D:/STM32CubeIDE_1.8.0/STM32CubeIDE/plugins/com.st.stm32cube.ide.mcu.externaltools.gnu-tools-for-stm32.11.3.rel1.win32_1.1.1.202309131626/tools/bin/../lib/gcc/arm-none-eabi/11.3.1/../../../../arm-none-eabi/lib/thumb/v7e-m+fp/hard\libm.a(libm_a-e_rem_pio2.o)
                0x000000000800c1d8                __ieee754_rem_pio2
 .text.fabs     0x000000000800c5e4       0x12 D:/STM32CubeIDE_1.8.0/STM32CubeIDE/plugins/com.st.stm32cube.ide.mcu.externaltools.gnu-tools-for-stm32.11.3.rel1.win32_1.1.1.202309131626/tools/bin/../lib/gcc/arm-none-eabi/11.3.1/../../../../arm-none-eabi/lib/thumb/v7e-m+fp/hard\libm.a(libm_a-s_fabs.o)
                0x000000000800c5e4                fabs
 *fill*         0x000000000800c5f6        0x2 
 .text.__kernel_rem_pio2
                0x000000000800c5f8      0x69c D:/STM32CubeIDE_1.8.0/STM32CubeIDE/plugins/com.st.stm32cube.ide.mcu.externaltools.gnu-tools-for-stm32.11.3.rel1.win32_1.1.1.202309131626/tools/bin/../lib/gcc/arm-none-eabi/11.3.1/../../../../arm-none-eabi/lib/thumb/v7e-m+fp/hard\libm.a(libm_a-k_rem_pio2.o)
                0x000000000800c5f8                __kernel_rem_pio2
 *fill*         0x000000000800cc94        0x4 
 .text.scalbn   0x000000000800cc98       0xfc D:/STM32CubeIDE_1.8.0/STM32CubeIDE/plugins/com.st.stm32cube.ide.mcu.externaltools.gnu-tools-for-stm32.11.3.rel1.win32_1.1.1.202309131626/tools/bin/../lib/gcc/arm-none-eabi/11.3.1/../../../../arm-none-eabi/lib/thumb/v7e-m+fp/hard\libm.a(libm_a-s_scalbn.o)
                0x000000000800cc98                scalbn
 *fill*         0x000000000800cd94        0x4 
 .text.floor    0x000000000800cd98      0x100 D:/STM32CubeIDE_1.8.0/STM32CubeIDE/plugins/com.st.stm32cube.ide.mcu.externaltools.gnu-tools-for-stm32.11.3.rel1.win32_1.1.1.202309131626/tools/bin/../lib/gcc/arm-none-eabi/11.3.1/../../../../arm-none-eabi/lib/thumb/v7e-m+fp/hard\libm.a(libm_a-s_floor.o)
                0x000000000800cd98                floor
 *(.glue_7)
 .glue_7        0x000000000800ce98        0x0 linker stubs
 *(.glue_7t)
 .glue_7t       0x000000000800ce98        0x0 linker stubs
 *(.eh_frame)
 .eh_frame      0x000000000800ce98        0x0 D:/STM32CubeIDE_1.8.0/STM32CubeIDE/plugins/com.st.stm32cube.ide.mcu.externaltools.gnu-tools-for-stm32.11.3.rel1.win32_1.1.1.202309131626/tools/bin/../lib/gcc/arm-none-eabi/11.3.1/thumb/v7e-m+fp/hard/crtbegin.o
 *(.init)
 .init          0x000000000800ce98        0x4 D:/STM32CubeIDE_1.8.0/STM32CubeIDE/plugins/com.st.stm32cube.ide.mcu.externaltools.gnu-tools-for-stm32.11.3.rel1.win32_1.1.1.202309131626/tools/bin/../lib/gcc/arm-none-eabi/11.3.1/thumb/v7e-m+fp/hard/crti.o
                0x000000000800ce98                _init
 .init          0x000000000800ce9c        0x8 D:/STM32CubeIDE_1.8.0/STM32CubeIDE/plugins/com.st.stm32cube.ide.mcu.externaltools.gnu-tools-for-stm32.11.3.rel1.win32_1.1.1.202309131626/tools/bin/../lib/gcc/arm-none-eabi/11.3.1/thumb/v7e-m+fp/hard/crtn.o
 *(.fini)
 .fini          0x000000000800cea4        0x4 D:/STM32CubeIDE_1.8.0/STM32CubeIDE/plugins/com.st.stm32cube.ide.mcu.externaltools.gnu-tools-for-stm32.11.3.rel1.win32_1.1.1.202309131626/tools/bin/../lib/gcc/arm-none-eabi/11.3.1/thumb/v7e-m+fp/hard/crti.o
                0x000000000800cea4                _fini
 .fini          0x000000000800cea8        0x8 D:/STM32CubeIDE_1.8.0/STM32CubeIDE/plugins/com.st.stm32cube.ide.mcu.externaltools.gnu-tools-for-stm32.11.3.rel1.win32_1.1.1.202309131626/tools/bin/../lib/gcc/arm-none-eabi/11.3.1/thumb/v7e-m+fp/hard/crtn.o
                0x000000000800ceb0                . = ALIGN (0x4)
                0x000000000800ceb0                _etext = .

.vfp11_veneer   0x000000000800ceb0        0x0
 .vfp11_veneer  0x000000000800ceb0        0x0 linker stubs

.v4_bx          0x000000000800ceb0        0x0
 .v4_bx         0x000000000800ceb0        0x0 linker stubs

.iplt           0x000000000800ceb0        0x0
 .iplt          0x000000000800ceb0        0x0 D:/STM32CubeIDE_1.8.0/STM32CubeIDE/plugins/com.st.stm32cube.ide.mcu.externaltools.gnu-tools-for-stm32.11.3.rel1.win32_1.1.1.202309131626/tools/bin/../lib/gcc/arm-none-eabi/11.3.1/thumb/v7e-m+fp/hard/crtbegin.o

.rodata         0x000000000800ceb0      0x218
                0x000000000800ceb0                . = ALIGN (0x4)
 *(.rodata)
 *(.rodata*)
 .rodata.AHBPrescTable
                0x000000000800ceb0       0x10 ./Core/Src/system_stm32g4xx.o
                0x000000000800ceb0                AHBPrescTable
 .rodata.APBPrescTable
                0x000000000800cec0        0x8 ./Core/Src/system_stm32g4xx.o
                0x000000000800cec0                APBPrescTable
 .rodata.UARTPrescTable
                0x000000000800cec8       0x18 ./Drivers/STM32G4xx_HAL_Driver/Src/stm32g4xx_hal_uart.o
                0x000000000800cec8                UARTPrescTable
 .rodata.numerator.1
                0x000000000800cee0        0x8 ./Drivers/STM32G4xx_HAL_Driver/Src/stm32g4xx_hal_uart_ex.o
 .rodata.denominator.0
                0x000000000800cee8        0x8 ./Drivers/STM32G4xx_HAL_Driver/Src/stm32g4xx_hal_uart_ex.o
 .rodata.npio2_hw
                0x000000000800cef0       0x80 D:/STM32CubeIDE_1.8.0/STM32CubeIDE/plugins/com.st.stm32cube.ide.mcu.externaltools.gnu-tools-for-stm32.11.3.rel1.win32_1.1.1.202309131626/tools/bin/../lib/gcc/arm-none-eabi/11.3.1/../../../../arm-none-eabi/lib/thumb/v7e-m+fp/hard\libm.a(libm_a-e_rem_pio2.o)
 .rodata.two_over_pi
                0x000000000800cf70      0x108 D:/STM32CubeIDE_1.8.0/STM32CubeIDE/plugins/com.st.stm32cube.ide.mcu.externaltools.gnu-tools-for-stm32.11.3.rel1.win32_1.1.1.202309131626/tools/bin/../lib/gcc/arm-none-eabi/11.3.1/../../../../arm-none-eabi/lib/thumb/v7e-m+fp/hard\libm.a(libm_a-e_rem_pio2.o)
 .rodata.PIo2   0x000000000800d078       0x40 D:/STM32CubeIDE_1.8.0/STM32CubeIDE/plugins/com.st.stm32cube.ide.mcu.externaltools.gnu-tools-for-stm32.11.3.rel1.win32_1.1.1.202309131626/tools/bin/../lib/gcc/arm-none-eabi/11.3.1/../../../../arm-none-eabi/lib/thumb/v7e-m+fp/hard\libm.a(libm_a-k_rem_pio2.o)
 .rodata.init_jk
                0x000000000800d0b8       0x10 D:/STM32CubeIDE_1.8.0/STM32CubeIDE/plugins/com.st.stm32cube.ide.mcu.externaltools.gnu-tools-for-stm32.11.3.rel1.win32_1.1.1.202309131626/tools/bin/../lib/gcc/arm-none-eabi/11.3.1/../../../../arm-none-eabi/lib/thumb/v7e-m+fp/hard\libm.a(libm_a-k_rem_pio2.o)
                0x000000000800d0c8                . = ALIGN (0x4)

.ARM.extab      0x000000000800d0c8        0x0
                0x000000000800d0c8                . = ALIGN (0x4)
 *(.ARM.extab* .gnu.linkonce.armextab.*)
                0x000000000800d0c8                . = ALIGN (0x4)

.ARM            0x000000000800d0c8        0x8
                0x000000000800d0c8                . = ALIGN (0x4)
                0x000000000800d0c8                __exidx_start = .
 *(.ARM.exidx*)
 .ARM.exidx     0x000000000800d0c8        0x8 D:/STM32CubeIDE_1.8.0/STM32CubeIDE/plugins/com.st.stm32cube.ide.mcu.externaltools.gnu-tools-for-stm32.11.3.rel1.win32_1.1.1.202309131626/tools/bin/../lib/gcc/arm-none-eabi/11.3.1/thumb/v7e-m+fp/hard\libgcc.a(_udivmoddi4.o)
                0x000000000800d0d0                __exidx_end = .
                0x000000000800d0d0                . = ALIGN (0x4)

.rel.dyn        0x000000000800d0d0        0x0
 .rel.iplt      0x000000000800d0d0        0x0 D:/STM32CubeIDE_1.8.0/STM32CubeIDE/plugins/com.st.stm32cube.ide.mcu.externaltools.gnu-tools-for-stm32.11.3.rel1.win32_1.1.1.202309131626/tools/bin/../lib/gcc/arm-none-eabi/11.3.1/thumb/v7e-m+fp/hard/crtbegin.o

.preinit_array  0x000000000800d0d0        0x0
                0x000000000800d0d0                . = ALIGN (0x4)
                0x000000000800d0d0                PROVIDE (__preinit_array_start = .)
 *(.preinit_array*)
                0x000000000800d0d0                PROVIDE (__preinit_array_end = .)
                0x000000000800d0d0                . = ALIGN (0x4)

.init_array     0x000000000800d0d0        0x4
                0x000000000800d0d0                . = ALIGN (0x4)
                0x000000000800d0d0                PROVIDE (__init_array_start = .)
 *(SORT_BY_NAME(.init_array.*))
 *(.init_array*)
 .init_array    0x000000000800d0d0        0x4 D:/STM32CubeIDE_1.8.0/STM32CubeIDE/plugins/com.st.stm32cube.ide.mcu.externaltools.gnu-tools-for-stm32.11.3.rel1.win32_1.1.1.202309131626/tools/bin/../lib/gcc/arm-none-eabi/11.3.1/thumb/v7e-m+fp/hard/crtbegin.o
                0x000000000800d0d4                PROVIDE (__init_array_end = .)
                0x000000000800d0d4                . = ALIGN (0x4)

.fini_array     0x000000000800d0d4        0x4
                0x000000000800d0d4                . = ALIGN (0x4)
                [!provide]                        PROVIDE (__fini_array_start = .)
 *(SORT_BY_NAME(.fini_array.*))
 *(.fini_array*)
 .fini_array    0x000000000800d0d4        0x4 D:/STM32CubeIDE_1.8.0/STM32CubeIDE/plugins/com.st.stm32cube.ide.mcu.externaltools.gnu-tools-for-stm32.11.3.rel1.win32_1.1.1.202309131626/tools/bin/../lib/gcc/arm-none-eabi/11.3.1/thumb/v7e-m+fp/hard/crtbegin.o
                [!provide]                        PROVIDE (__fini_array_end = .)
                0x000000000800d0d8                . = ALIGN (0x4)
                0x000000000800d0d8                _sidata = LOADADDR (.data)

.data           0x0000000020000000       0x48 load address 0x000000000800d0d8
                0x0000000020000000                . = ALIGN (0x4)
                0x0000000020000000                _sdata = .
 *(.data)
 *(.data*)
 .data.FOC_ON   0x0000000020000000        0x1 ./Core/Src/Zmienna_Motor.o
                0x0000000020000000                FOC_ON
 *fill*         0x0000000020000001        0x3 
 .data.Kp       0x0000000020000004        0x4 ./Core/Src/Zmienna_Motor.o
                0x0000000020000004                Kp
 .data.Ki       0x0000000020000008        0x4 ./Core/Src/Zmienna_Motor.o
                0x0000000020000008                Ki
 .data.MAGNITUDE
                0x000000002000000c        0x4 ./Core/Src/Zmienna_Motor.o
                0x000000002000000c                MAGNITUDE
 .data.PI_prad_d_KP
                0x0000000020000010        0x4 ./Core/Src/Zmienna_Motor.o
                0x0000000020000010                PI_prad_d_KP
 .data.PI_prad_d_KI
                0x0000000020000014        0x4 ./Core/Src/Zmienna_Motor.o
                0x0000000020000014                PI_prad_d_KI
 .data.PI_prad_q_KP
                0x0000000020000018        0x4 ./Core/Src/Zmienna_Motor.o
                0x0000000020000018                PI_prad_q_KP
 .data.PI_prad_q_KI
                0x000000002000001c        0x4 ./Core/Src/Zmienna_Motor.o
                0x000000002000001c                PI_prad_q_KI
 .data.rpm_speed_zad
                0x0000000020000020        0x2 ./Core/Src/Zmienna_Motor.o
                0x0000000020000020                rpm_speed_zad
 .data.REG_DIAAGC_ADR
                0x0000000020000022        0x2 ./Core/Src/main.o
                0x0000000020000022                REG_DIAAGC_ADR
 .data.REG_ANGLEUNC_ADR
                0x0000000020000024        0x2 ./Core/Src/main.o
                0x0000000020000024                REG_ANGLEUNC_ADR
 .data.REG_ANGLECOM_ADR
                0x0000000020000026        0x2 ./Core/Src/main.o
                0x0000000020000026                REG_ANGLECOM_ADR
 .data.SPI_bufor_tx
                0x0000000020000028        0x8 ./Core/Src/main.o
                0x0000000020000028                SPI_bufor_tx
 .data.tryb_speed_m
                0x0000000020000030        0x1 ./Core/Src/main.o
                0x0000000020000030                tryb_speed_m
 *fill*         0x0000000020000031        0x3 
 .data.bufor_tx
                0x0000000020000034        0x8 ./Core/Src/main.o
                0x0000000020000034                bufor_tx
 .data.SystemCoreClock
                0x000000002000003c        0x4 ./Core/Src/system_stm32g4xx.o
                0x000000002000003c                SystemCoreClock
 .data.uwTickPrio
                0x0000000020000040        0x4 ./Drivers/STM32G4xx_HAL_Driver/Src/stm32g4xx_hal.o
                0x0000000020000040                uwTickPrio
 .data.uwTickFreq
                0x0000000020000044        0x4 ./Drivers/STM32G4xx_HAL_Driver/Src/stm32g4xx_hal.o
                0x0000000020000044                uwTickFreq
 *(.RamFunc)
 *(.RamFunc*)
                0x0000000020000048                . = ALIGN (0x4)
                0x0000000020000048                _edata = .

.igot.plt       0x0000000020000048        0x0 load address 0x000000000800d120
 .igot.plt      0x0000000020000048        0x0 D:/STM32CubeIDE_1.8.0/STM32CubeIDE/plugins/com.st.stm32cube.ide.mcu.externaltools.gnu-tools-for-stm32.11.3.rel1.win32_1.1.1.202309131626/tools/bin/../lib/gcc/arm-none-eabi/11.3.1/thumb/v7e-m+fp/hard/crtbegin.o
                0x0000000020000048                . = ALIGN (0x4)

.bss            0x0000000020000048     0x1c24 load address 0x000000000800d120
                0x0000000020000048                _sbss = .
                0x0000000020000048                __bss_start__ = _sbss
 *(.bss)
 .bss           0x0000000020000048       0x1c D:/STM32CubeIDE_1.8.0/STM32CubeIDE/plugins/com.st.stm32cube.ide.mcu.externaltools.gnu-tools-for-stm32.11.3.rel1.win32_1.1.1.202309131626/tools/bin/../lib/gcc/arm-none-eabi/11.3.1/thumb/v7e-m+fp/hard/crtbegin.o
 *(.bss*)
 .bss.PI_regul_on
                0x0000000020000064        0x1 ./Core/Src/Zmienna_Motor.o
                0x0000000020000064                PI_regul_on
 *fill*         0x0000000020000065        0x3 
 .bss.PI_speed_error
                0x0000000020000068        0x4 ./Core/Src/Zmienna_Motor.o
                0x0000000020000068                PI_speed_error
 .bss.PI_speed_error_sum
                0x000000002000006c        0x4 ./Core/Src/Zmienna_Motor.o
                0x000000002000006c                PI_speed_error_sum
 .bss.PI_out    0x0000000020000070        0x4 ./Core/Src/Zmienna_Motor.o
                0x0000000020000070                PI_out
 .bss.PI_out_regul
                0x0000000020000074        0x4 ./Core/Src/Zmienna_Motor.o
                0x0000000020000074                PI_out_regul
 .bss.pozycja_walu
                0x0000000020000078        0x2 ./Core/Src/Zmienna_Motor.o
                0x0000000020000078                pozycja_walu
 .bss.PI_duty   0x000000002000007a        0x2 ./Core/Src/Zmienna_Motor.o
                0x000000002000007a                PI_duty
 .bss.count     0x000000002000007c        0x2 ./Core/Src/Zmienna_Motor.o
                0x000000002000007c                count
 .bss.pozycja_walu_deg
                0x000000002000007e        0x2 ./Core/Src/Zmienna_Motor.o
                0x000000002000007e                pozycja_walu_deg
 .bss.PI_prad_q_uchyb
                0x0000000020000080        0x4 ./Core/Src/Zmienna_Motor.o
                0x0000000020000080                PI_prad_q_uchyb
 .bss.PI_prad_d_uchyb
                0x0000000020000084        0x4 ./Core/Src/Zmienna_Motor.o
                0x0000000020000084                PI_prad_d_uchyb
 .bss.PI_prad_q_sumuchyb
                0x0000000020000088        0x4 ./Core/Src/Zmienna_Motor.o
                0x0000000020000088                PI_prad_q_sumuchyb
 .bss.PI_VD_out
                0x000000002000008c        0x4 ./Core/Src/Zmienna_Motor.o
                0x000000002000008c                PI_VD_out
 .bss.PI_VQ_out
                0x0000000020000090        0x4 ./Core/Src/Zmienna_Motor.o
                0x0000000020000090                PI_VQ_out
 .bss.prad_q_zad
                0x0000000020000094        0x4 ./Core/Src/Zmienna_Motor.o
                0x0000000020000094                prad_q_zad
 .bss.prad_d_zad
                0x0000000020000098        0x4 ./Core/Src/Zmienna_Motor.o
                0x0000000020000098                prad_d_zad
 .bss.KI_OUT    0x000000002000009c        0x4 ./Core/Src/Zmienna_Motor.o
                0x000000002000009c                KI_OUT
 .bss.KI_OUT_d  0x00000000200000a0        0x4 ./Core/Src/Zmienna_Motor.o
                0x00000000200000a0                KI_OUT_d
 .bss.PI_prad_d_sumuchyb
                0x00000000200000a4        0x4 ./Core/Src/Zmienna_Motor.o
                0x00000000200000a4                PI_prad_d_sumuchyb
 .bss.prad_q    0x00000000200000a8        0x2 ./Core/Src/Zmienna_Motor.o
                0x00000000200000a8                prad_q
 .bss.prad_d    0x00000000200000aa        0x2 ./Core/Src/Zmienna_Motor.o
                0x00000000200000aa                prad_d
 .bss.napiecie_Ualpha
                0x00000000200000ac        0x4 ./Core/Src/Zmienna_Motor.o
                0x00000000200000ac                napiecie_Ualpha
 .bss.napiecie_Ubeta
                0x00000000200000b0        0x4 ./Core/Src/Zmienna_Motor.o
                0x00000000200000b0                napiecie_Ubeta
 .bss.napiecie_U_U
                0x00000000200000b4        0x4 ./Core/Src/Zmienna_Motor.o
                0x00000000200000b4                napiecie_U_U
 .bss.napiecie_U_V
                0x00000000200000b8        0x4 ./Core/Src/Zmienna_Motor.o
                0x00000000200000b8                napiecie_U_V
 .bss.napiecie_U_W
                0x00000000200000bc        0x4 ./Core/Src/Zmienna_Motor.o
                0x00000000200000bc                napiecie_U_W
 .bss.PWM_U     0x00000000200000c0        0x2 ./Core/Src/Zmienna_Motor.o
                0x00000000200000c0                PWM_U
 .bss.PWM_V     0x00000000200000c2        0x2 ./Core/Src/Zmienna_Motor.o
                0x00000000200000c2                PWM_V
 .bss.PWM_W     0x00000000200000c4        0x2 ./Core/Src/Zmienna_Motor.o
                0x00000000200000c4                PWM_W
 .bss.RMS_volt  0x00000000200000c6        0x2 ./Core/Src/Zmienna_Motor.o
                0x00000000200000c6                RMS_volt
 .bss.obroty_pom
                0x00000000200000c8        0x2 ./Core/Src/Zmienna_Motor.o
                0x00000000200000c8                obroty_pom
 .bss.rpm_speed
                0x00000000200000ca        0x2 ./Core/Src/Zmienna_Motor.o
                0x00000000200000ca                rpm_speed
 .bss.U_SVPWM   0x00000000200000cc        0x2 ./Core/Src/Zmienna_Motor.o
                0x00000000200000cc                U_SVPWM
 .bss.V_SVPWM   0x00000000200000ce        0x2 ./Core/Src/Zmienna_Motor.o
                0x00000000200000ce                V_SVPWM
 .bss.W_SVPWM   0x00000000200000d0        0x2 ./Core/Src/Zmienna_Motor.o
                0x00000000200000d0                W_SVPWM
 *fill*         0x00000000200000d2        0x2 
 .bss.pozycja_zad
                0x00000000200000d4        0x4 ./Core/Src/Zmienna_Motor.o
                0x00000000200000d4                pozycja_zad
 .bss.POSTION   0x00000000200000d8       0x1c ./Core/Src/Zmienna_Motor.o
                0x00000000200000d8                POSTION
 .bss.last_error.1
                0x00000000200000f4        0x4 ./Core/Src/Zmienna_Motor.o
 .bss.tmp_out.0
                0x00000000200000f8        0x4 ./Core/Src/Zmienna_Motor.o
 .bss.hadc1     0x00000000200000fc       0x6c ./Core/Src/main.o
                0x00000000200000fc                hadc1
 .bss.hadc2     0x0000000020000168       0x6c ./Core/Src/main.o
                0x0000000020000168                hadc2
 .bss.hcordic   0x00000000200001d4       0x28 ./Core/Src/main.o
                0x00000000200001d4                hcordic
 .bss.hdac1     0x00000000200001fc       0x14 ./Core/Src/main.o
                0x00000000200001fc                hdac1
 .bss.hfdcan1   0x0000000020000210       0x64 ./Core/Src/main.o
                0x0000000020000210                hfdcan1
 .bss.hspi3     0x0000000020000274       0x64 ./Core/Src/main.o
                0x0000000020000274                hspi3
 .bss.htim1     0x00000000200002d8       0x4c ./Core/Src/main.o
                0x00000000200002d8                htim1
 .bss.htim2     0x0000000020000324       0x4c ./Core/Src/main.o
                0x0000000020000324                htim2
 .bss.htim6     0x0000000020000370       0x4c ./Core/Src/main.o
                0x0000000020000370                htim6
 .bss.htim17    0x00000000200003bc       0x4c ./Core/Src/main.o
                0x00000000200003bc                htim17
 .bss.huart1    0x0000000020000408       0x90 ./Core/Src/main.o
                0x0000000020000408                huart1
 .bss.REG_DIAAGC
                0x0000000020000498        0x2 ./Core/Src/main.o
                0x0000000020000498                REG_DIAAGC
 .bss.REG_ANGLEUNC
                0x000000002000049a        0x2 ./Core/Src/main.o
                0x000000002000049a                REG_ANGLEUNC
 .bss.REG_ANGLECOM
                0x000000002000049c        0x2 ./Core/Src/main.o
                0x000000002000049c                REG_ANGLECOM
 *fill*         0x000000002000049e        0x2 
 .bss.SPI_bufor_rx
                0x00000000200004a0        0x8 ./Core/Src/main.o
                0x00000000200004a0                SPI_bufor_rx
 .bss.prad      0x00000000200004a8        0x8 ./Core/Src/main.o
                0x00000000200004a8                prad
 .bss.ADC_CAL   0x00000000200004b0        0x8 ./Core/Src/main.o
                0x00000000200004b0                ADC_CAL
 .bss.CAL_status
                0x00000000200004b8        0x1 ./Core/Src/main.o
                0x00000000200004b8                CAL_status
 *fill*         0x00000000200004b9        0x3 
 .bss.a         0x00000000200004bc        0x4 ./Core/Src/main.o
                0x00000000200004bc                a
 .bss.pozycja_poprz
                0x00000000200004c0        0x2 ./Core/Src/main.o
                0x00000000200004c0                pozycja_poprz
 .bss.pozycja_x
                0x00000000200004c2        0x2 ./Core/Src/main.o
                0x00000000200004c2                pozycja_x
 .bss.prad_alpha
                0x00000000200004c4        0x2 ./Core/Src/main.o
                0x00000000200004c4                prad_alpha
 .bss.prad_beta
                0x00000000200004c6        0x2 ./Core/Src/main.o
                0x00000000200004c6                prad_beta
 .bss.PRAD_POM  0x00000000200004c8        0x8 ./Core/Src/main.o
                0x00000000200004c8                PRAD_POM
 .bss.f         0x00000000200004d0        0x2 ./Core/Src/main.o
                0x00000000200004d0                f
 .bss.wal_offset
                0x00000000200004d2        0x2 ./Core/Src/main.o
                0x00000000200004d2                wal_offset
 .bss.sinus_pozycja_wal
                0x00000000200004d4      0xbb8 ./Core/Src/main.o
 .bss.cosinus_pozycja_wal
                0x000000002000108c      0xbb8 ./Core/Src/main.o
 .bss.kierunek  0x0000000020001c44        0x2 ./Core/Src/main.o
                0x0000000020001c44                kierunek
 .bss.kierunek2
                0x0000000020001c46        0x2 ./Core/Src/main.o
                0x0000000020001c46                kierunek2
 .bss.calka_pozycja
                0x0000000020001c48        0x4 ./Core/Src/main.o
                0x0000000020001c48                calka_pozycja
 .bss.czas_10ms
                0x0000000020001c4c        0x2 ./Core/Src/main.o
                0x0000000020001c4c                czas_10ms
 .bss.czas_100ms
                0x0000000020001c4e        0x2 ./Core/Src/main.o
                0x0000000020001c4e                czas_100ms
 .bss.HAL_RCC_ADC12_CLK_ENABLED
                0x0000000020001c50        0x4 ./Core/Src/stm32g4xx_hal_msp.o
 .bss.delta_poz
                0x0000000020001c54        0x2 ./Core/Src/stm32g4xx_it.o
                0x0000000020001c54                delta_poz
 .bss.Pos_reg   0x0000000020001c56        0x2 ./Core/Src/stm32g4xx_it.o
                0x0000000020001c56                Pos_reg
 .bss.start_speed.7
                0x0000000020001c58        0x2 ./Core/Src/stm32g4xx_it.o
 .bss.count_10ms.6
                0x0000000020001c5a        0x2 ./Core/Src/stm32g4xx_it.o
 .bss.poz_x.5   0x0000000020001c5c        0x2 ./Core/Src/stm32g4xx_it.o
 .bss.poz_pop.4
                0x0000000020001c5e        0x2 ./Core/Src/stm32g4xx_it.o
 .bss.poz_pop_cal.3
                0x0000000020001c60        0x2 ./Core/Src/stm32g4xx_it.o
 .bss.licznik_10ms.2
                0x0000000020001c62        0x2 ./Core/Src/stm32g4xx_it.o
 .bss.licznik_100ms.1
                0x0000000020001c64        0x2 ./Core/Src/stm32g4xx_it.o
 *fill*         0x0000000020001c66        0x2 
 .bss.uwTick    0x0000000020001c68        0x4 ./Drivers/STM32G4xx_HAL_Driver/Src/stm32g4xx_hal.o
                0x0000000020001c68                uwTick
 *(COMMON)
                0x0000000020001c6c                . = ALIGN (0x4)
                0x0000000020001c6c                _ebss = .
                0x0000000020001c6c                __bss_end__ = _ebss

._user_heap_stack
                0x0000000020001c6c      0x604 load address 0x000000000800d120
                0x0000000020001c70                . = ALIGN (0x8)
 *fill*         0x0000000020001c6c        0x4 
                [!provide]                        PROVIDE (end = .)
                0x0000000020001c70                PROVIDE (_end = .)
                0x0000000020001e70                . = (. + _Min_Heap_Size)
 *fill*         0x0000000020001c70      0x200 
                0x0000000020002270                . = (. + _Min_Stack_Size)
 *fill*         0x0000000020001e70      0x400 
                0x0000000020002270                . = ALIGN (0x8)

/DISCARD/
 libc.a(*)
 libm.a(*)
 libgcc.a(*)

.ARM.attributes
                0x0000000000000000       0x30
 *(.ARM.attributes)
 .ARM.attributes
                0x0000000000000000       0x1e D:/STM32CubeIDE_1.8.0/STM32CubeIDE/plugins/com.st.stm32cube.ide.mcu.externaltools.gnu-tools-for-stm32.11.3.rel1.win32_1.1.1.202309131626/tools/bin/../lib/gcc/arm-none-eabi/11.3.1/thumb/v7e-m+fp/hard/crti.o
 .ARM.attributes
                0x000000000000001e       0x34 D:/STM32CubeIDE_1.8.0/STM32CubeIDE/plugins/com.st.stm32cube.ide.mcu.externaltools.gnu-tools-for-stm32.11.3.rel1.win32_1.1.1.202309131626/tools/bin/../lib/gcc/arm-none-eabi/11.3.1/thumb/v7e-m+fp/hard/crtbegin.o
 .ARM.attributes
                0x0000000000000052       0x34 ./Core/Src/Zmienna_Motor.o
 .ARM.attributes
                0x0000000000000086       0x34 ./Core/Src/main.o
 .ARM.attributes
                0x00000000000000ba       0x34 ./Core/Src/stm32g4xx_hal_msp.o
 .ARM.attributes
                0x00000000000000ee       0x34 ./Core/Src/stm32g4xx_it.o
 .ARM.attributes
                0x0000000000000122       0x34 ./Core/Src/system_stm32g4xx.o
 .ARM.attributes
                0x0000000000000156       0x21 ./Core/Startup/startup_stm32g431rbtx.o
 .ARM.attributes
                0x0000000000000177       0x34 ./Drivers/STM32G4xx_HAL_Driver/Src/stm32g4xx_hal.o
 .ARM.attributes
                0x00000000000001ab       0x34 ./Drivers/STM32G4xx_HAL_Driver/Src/stm32g4xx_hal_adc.o
 .ARM.attributes
                0x00000000000001df       0x34 ./Drivers/STM32G4xx_HAL_Driver/Src/stm32g4xx_hal_adc_ex.o
 .ARM.attributes
                0x0000000000000213       0x34 ./Drivers/STM32G4xx_HAL_Driver/Src/stm32g4xx_hal_cordic.o
 .ARM.attributes
                0x0000000000000247       0x34 ./Drivers/STM32G4xx_HAL_Driver/Src/stm32g4xx_hal_cortex.o
 .ARM.attributes
                0x000000000000027b       0x34 ./Drivers/STM32G4xx_HAL_Driver/Src/stm32g4xx_hal_dac.o
 .ARM.attributes
                0x00000000000002af       0x34 ./Drivers/STM32G4xx_HAL_Driver/Src/stm32g4xx_hal_dac_ex.o
 .ARM.attributes
                0x00000000000002e3       0x34 ./Drivers/STM32G4xx_HAL_Driver/Src/stm32g4xx_hal_dma.o
 .ARM.attributes
                0x0000000000000317       0x34 ./Drivers/STM32G4xx_HAL_Driver/Src/stm32g4xx_hal_fdcan.o
 .ARM.attributes
                0x000000000000034b       0x34 ./Drivers/STM32G4xx_HAL_Driver/Src/stm32g4xx_hal_gpio.o
 .ARM.attributes
                0x000000000000037f       0x34 ./Drivers/STM32G4xx_HAL_Driver/Src/stm32g4xx_hal_pwr_ex.o
 .ARM.attributes
                0x00000000000003b3       0x34 ./Drivers/STM32G4xx_HAL_Driver/Src/stm32g4xx_hal_rcc.o
 .ARM.attributes
                0x00000000000003e7       0x34 ./Drivers/STM32G4xx_HAL_Driver/Src/stm32g4xx_hal_rcc_ex.o
 .ARM.attributes
                0x000000000000041b       0x34 ./Drivers/STM32G4xx_HAL_Driver/Src/stm32g4xx_hal_spi.o
 .ARM.attributes
                0x000000000000044f       0x34 ./Drivers/STM32G4xx_HAL_Driver/Src/stm32g4xx_hal_tim.o
 .ARM.attributes
                0x0000000000000483       0x34 ./Drivers/STM32G4xx_HAL_Driver/Src/stm32g4xx_hal_tim_ex.o
 .ARM.attributes
                0x00000000000004b7       0x34 ./Drivers/STM32G4xx_HAL_Driver/Src/stm32g4xx_hal_uart.o
 .ARM.attributes
                0x00000000000004eb       0x34 ./Drivers/STM32G4xx_HAL_Driver/Src/stm32g4xx_hal_uart_ex.o
 .ARM.attributes
                0x000000000000051f       0x34 D:/STM32CubeIDE_1.8.0/STM32CubeIDE/plugins/com.st.stm32cube.ide.mcu.externaltools.gnu-tools-for-stm32.11.3.rel1.win32_1.1.1.202309131626/tools/bin/../lib/gcc/arm-none-eabi/11.3.1/../../../../arm-none-eabi/lib/thumb/v7e-m+fp/hard\libc_nano.a(libc_a-memset.o)
 .ARM.attributes
                0x0000000000000553       0x34 D:/STM32CubeIDE_1.8.0/STM32CubeIDE/plugins/com.st.stm32cube.ide.mcu.externaltools.gnu-tools-for-stm32.11.3.rel1.win32_1.1.1.202309131626/tools/bin/../lib/gcc/arm-none-eabi/11.3.1/../../../../arm-none-eabi/lib/thumb/v7e-m+fp/hard\libc_nano.a(libc_a-init.o)
 .ARM.attributes
                0x0000000000000587       0x34 D:/STM32CubeIDE_1.8.0/STM32CubeIDE/plugins/com.st.stm32cube.ide.mcu.externaltools.gnu-tools-for-stm32.11.3.rel1.win32_1.1.1.202309131626/tools/bin/../lib/gcc/arm-none-eabi/11.3.1/../../../../arm-none-eabi/lib/thumb/v7e-m+fp/hard\libm.a(libm_a-s_cos.o)
 .ARM.attributes
                0x00000000000005bb       0x34 D:/STM32CubeIDE_1.8.0/STM32CubeIDE/plugins/com.st.stm32cube.ide.mcu.externaltools.gnu-tools-for-stm32.11.3.rel1.win32_1.1.1.202309131626/tools/bin/../lib/gcc/arm-none-eabi/11.3.1/../../../../arm-none-eabi/lib/thumb/v7e-m+fp/hard\libm.a(libm_a-s_sin.o)
 .ARM.attributes
                0x00000000000005ef       0x34 D:/STM32CubeIDE_1.8.0/STM32CubeIDE/plugins/com.st.stm32cube.ide.mcu.externaltools.gnu-tools-for-stm32.11.3.rel1.win32_1.1.1.202309131626/tools/bin/../lib/gcc/arm-none-eabi/11.3.1/../../../../arm-none-eabi/lib/thumb/v7e-m+fp/hard\libm.a(libm_a-k_cos.o)
 .ARM.attributes
                0x0000000000000623       0x34 D:/STM32CubeIDE_1.8.0/STM32CubeIDE/plugins/com.st.stm32cube.ide.mcu.externaltools.gnu-tools-for-stm32.11.3.rel1.win32_1.1.1.202309131626/tools/bin/../lib/gcc/arm-none-eabi/11.3.1/../../../../arm-none-eabi/lib/thumb/v7e-m+fp/hard\libm.a(libm_a-k_sin.o)
 .ARM.attributes
                0x0000000000000657       0x34 D:/STM32CubeIDE_1.8.0/STM32CubeIDE/plugins/com.st.stm32cube.ide.mcu.externaltools.gnu-tools-for-stm32.11.3.rel1.win32_1.1.1.202309131626/tools/bin/../lib/gcc/arm-none-eabi/11.3.1/../../../../arm-none-eabi/lib/thumb/v7e-m+fp/hard\libm.a(libm_a-e_rem_pio2.o)
 .ARM.attributes
                0x000000000000068b       0x34 D:/STM32CubeIDE_1.8.0/STM32CubeIDE/plugins/com.st.stm32cube.ide.mcu.externaltools.gnu-tools-for-stm32.11.3.rel1.win32_1.1.1.202309131626/tools/bin/../lib/gcc/arm-none-eabi/11.3.1/../../../../arm-none-eabi/lib/thumb/v7e-m+fp/hard\libm.a(libm_a-s_fabs.o)
 .ARM.attributes
                0x00000000000006bf       0x34 D:/STM32CubeIDE_1.8.0/STM32CubeIDE/plugins/com.st.stm32cube.ide.mcu.externaltools.gnu-tools-for-stm32.11.3.rel1.win32_1.1.1.202309131626/tools/bin/../lib/gcc/arm-none-eabi/11.3.1/../../../../arm-none-eabi/lib/thumb/v7e-m+fp/hard\libm.a(libm_a-k_rem_pio2.o)
 .ARM.attributes
                0x00000000000006f3       0x34 D:/STM32CubeIDE_1.8.0/STM32CubeIDE/plugins/com.st.stm32cube.ide.mcu.externaltools.gnu-tools-for-stm32.11.3.rel1.win32_1.1.1.202309131626/tools/bin/../lib/gcc/arm-none-eabi/11.3.1/../../../../arm-none-eabi/lib/thumb/v7e-m+fp/hard\libm.a(libm_a-s_scalbn.o)
 .ARM.attributes
                0x0000000000000727       0x34 D:/STM32CubeIDE_1.8.0/STM32CubeIDE/plugins/com.st.stm32cube.ide.mcu.externaltools.gnu-tools-for-stm32.11.3.rel1.win32_1.1.1.202309131626/tools/bin/../lib/gcc/arm-none-eabi/11.3.1/../../../../arm-none-eabi/lib/thumb/v7e-m+fp/hard\libm.a(libm_a-s_floor.o)
 .ARM.attributes
                0x000000000000075b       0x1e D:/STM32CubeIDE_1.8.0/STM32CubeIDE/plugins/com.st.stm32cube.ide.mcu.externaltools.gnu-tools-for-stm32.11.3.rel1.win32_1.1.1.202309131626/tools/bin/../lib/gcc/arm-none-eabi/11.3.1/thumb/v7e-m+fp/hard\libgcc.a(_arm_addsubdf3.o)
 .ARM.attributes
                0x0000000000000779       0x1e D:/STM32CubeIDE_1.8.0/STM32CubeIDE/plugins/com.st.stm32cube.ide.mcu.externaltools.gnu-tools-for-stm32.11.3.rel1.win32_1.1.1.202309131626/tools/bin/../lib/gcc/arm-none-eabi/11.3.1/thumb/v7e-m+fp/hard\libgcc.a(_arm_muldivdf3.o)
 .ARM.attributes
                0x0000000000000797       0x1e D:/STM32CubeIDE_1.8.0/STM32CubeIDE/plugins/com.st.stm32cube.ide.mcu.externaltools.gnu-tools-for-stm32.11.3.rel1.win32_1.1.1.202309131626/tools/bin/../lib/gcc/arm-none-eabi/11.3.1/thumb/v7e-m+fp/hard\libgcc.a(_arm_cmpdf2.o)
 .ARM.attributes
                0x00000000000007b5       0x1e D:/STM32CubeIDE_1.8.0/STM32CubeIDE/plugins/com.st.stm32cube.ide.mcu.externaltools.gnu-tools-for-stm32.11.3.rel1.win32_1.1.1.202309131626/tools/bin/../lib/gcc/arm-none-eabi/11.3.1/thumb/v7e-m+fp/hard\libgcc.a(_arm_fixdfsi.o)
 .ARM.attributes
                0x00000000000007d3       0x1e D:/STM32CubeIDE_1.8.0/STM32CubeIDE/plugins/com.st.stm32cube.ide.mcu.externaltools.gnu-tools-for-stm32.11.3.rel1.win32_1.1.1.202309131626/tools/bin/../lib/gcc/arm-none-eabi/11.3.1/thumb/v7e-m+fp/hard\libgcc.a(_arm_fixunsdfsi.o)
 .ARM.attributes
                0x00000000000007f1       0x1e D:/STM32CubeIDE_1.8.0/STM32CubeIDE/plugins/com.st.stm32cube.ide.mcu.externaltools.gnu-tools-for-stm32.11.3.rel1.win32_1.1.1.202309131626/tools/bin/../lib/gcc/arm-none-eabi/11.3.1/thumb/v7e-m+fp/hard\libgcc.a(_arm_truncdfsf2.o)
 .ARM.attributes
                0x000000000000080f       0x1e D:/STM32CubeIDE_1.8.0/STM32CubeIDE/plugins/com.st.stm32cube.ide.mcu.externaltools.gnu-tools-for-stm32.11.3.rel1.win32_1.1.1.202309131626/tools/bin/../lib/gcc/arm-none-eabi/11.3.1/thumb/v7e-m+fp/hard\libgcc.a(_aeabi_uldivmod.o)
 .ARM.attributes
                0x000000000000082d       0x34 D:/STM32CubeIDE_1.8.0/STM32CubeIDE/plugins/com.st.stm32cube.ide.mcu.externaltools.gnu-tools-for-stm32.11.3.rel1.win32_1.1.1.202309131626/tools/bin/../lib/gcc/arm-none-eabi/11.3.1/thumb/v7e-m+fp/hard\libgcc.a(_udivmoddi4.o)
 .ARM.attributes
                0x0000000000000861       0x1e D:/STM32CubeIDE_1.8.0/STM32CubeIDE/plugins/com.st.stm32cube.ide.mcu.externaltools.gnu-tools-for-stm32.11.3.rel1.win32_1.1.1.202309131626/tools/bin/../lib/gcc/arm-none-eabi/11.3.1/thumb/v7e-m+fp/hard\libgcc.a(_dvmd_tls.o)
 .ARM.attributes
                0x000000000000087f       0x1e D:/STM32CubeIDE_1.8.0/STM32CubeIDE/plugins/com.st.stm32cube.ide.mcu.externaltools.gnu-tools-for-stm32.11.3.rel1.win32_1.1.1.202309131626/tools/bin/../lib/gcc/arm-none-eabi/11.3.1/thumb/v7e-m+fp/hard/crtn.o
OUTPUT(Doktorat_G431_0707.elf elf32-littlearm)
LOAD linker stubs
LOAD D:/STM32CubeIDE_1.8.0/STM32CubeIDE/plugins/com.st.stm32cube.ide.mcu.externaltools.gnu-tools-for-stm32.11.3.rel1.win32_1.1.1.202309131626/tools/bin/../lib/gcc/arm-none-eabi/11.3.1/../../../../arm-none-eabi/lib/thumb/v7e-m+fp/hard\libc.a
LOAD D:/STM32CubeIDE_1.8.0/STM32CubeIDE/plugins/com.st.stm32cube.ide.mcu.externaltools.gnu-tools-for-stm32.11.3.rel1.win32_1.1.1.202309131626/tools/bin/../lib/gcc/arm-none-eabi/11.3.1/../../../../arm-none-eabi/lib/thumb/v7e-m+fp/hard\libm.a
LOAD D:/STM32CubeIDE_1.8.0/STM32CubeIDE/plugins/com.st.stm32cube.ide.mcu.externaltools.gnu-tools-for-stm32.11.3.rel1.win32_1.1.1.202309131626/tools/bin/../lib/gcc/arm-none-eabi/11.3.1/thumb/v7e-m+fp/hard\libgcc.a

.comment        0x0000000000000000       0x43
 .comment       0x0000000000000000       0x43 D:/STM32CubeIDE_1.8.0/STM32CubeIDE/plugins/com.st.stm32cube.ide.mcu.externaltools.gnu-tools-for-stm32.11.3.rel1.win32_1.1.1.202309131626/tools/bin/../lib/gcc/arm-none-eabi/11.3.1/thumb/v7e-m+fp/hard/crtbegin.o
                                         0x44 (size before relaxing)
 .comment       0x0000000000000043       0x44 ./Core/Src/Zmienna_Motor.o
 .comment       0x0000000000000043       0x44 ./Core/Src/main.o
 .comment       0x0000000000000043       0x44 ./Core/Src/stm32g4xx_hal_msp.o
 .comment       0x0000000000000043       0x44 ./Core/Src/stm32g4xx_it.o
 .comment       0x0000000000000043       0x44 ./Core/Src/system_stm32g4xx.o
 .comment       0x0000000000000043       0x44 ./Drivers/STM32G4xx_HAL_Driver/Src/stm32g4xx_hal.o
 .comment       0x0000000000000043       0x44 ./Drivers/STM32G4xx_HAL_Driver/Src/stm32g4xx_hal_adc.o
 .comment       0x0000000000000043       0x44 ./Drivers/STM32G4xx_HAL_Driver/Src/stm32g4xx_hal_adc_ex.o
 .comment       0x0000000000000043       0x44 ./Drivers/STM32G4xx_HAL_Driver/Src/stm32g4xx_hal_cordic.o
 .comment       0x0000000000000043       0x44 ./Drivers/STM32G4xx_HAL_Driver/Src/stm32g4xx_hal_cortex.o
 .comment       0x0000000000000043       0x44 ./Drivers/STM32G4xx_HAL_Driver/Src/stm32g4xx_hal_dac.o
 .comment       0x0000000000000043       0x44 ./Drivers/STM32G4xx_HAL_Driver/Src/stm32g4xx_hal_dac_ex.o
 .comment       0x0000000000000043       0x44 ./Drivers/STM32G4xx_HAL_Driver/Src/stm32g4xx_hal_dma.o
 .comment       0x0000000000000043       0x44 ./Drivers/STM32G4xx_HAL_Driver/Src/stm32g4xx_hal_fdcan.o
 .comment       0x0000000000000043       0x44 ./Drivers/STM32G4xx_HAL_Driver/Src/stm32g4xx_hal_gpio.o
 .comment       0x0000000000000043       0x44 ./Drivers/STM32G4xx_HAL_Driver/Src/stm32g4xx_hal_pwr_ex.o
 .comment       0x0000000000000043       0x44 ./Drivers/STM32G4xx_HAL_Driver/Src/stm32g4xx_hal_rcc.o
 .comment       0x0000000000000043       0x44 ./Drivers/STM32G4xx_HAL_Driver/Src/stm32g4xx_hal_rcc_ex.o
 .comment       0x0000000000000043       0x44 ./Drivers/STM32G4xx_HAL_Driver/Src/stm32g4xx_hal_spi.o
 .comment       0x0000000000000043       0x44 ./Drivers/STM32G4xx_HAL_Driver/Src/stm32g4xx_hal_tim.o
 .comment       0x0000000000000043       0x44 ./Drivers/STM32G4xx_HAL_Driver/Src/stm32g4xx_hal_tim_ex.o
 .comment       0x0000000000000043       0x44 ./Drivers/STM32G4xx_HAL_Driver/Src/stm32g4xx_hal_uart.o
 .comment       0x0000000000000043       0x44 ./Drivers/STM32G4xx_HAL_Driver/Src/stm32g4xx_hal_uart_ex.o

.debug_info     0x0000000000000000    0x21559
 .debug_info    0x0000000000000000     0x108e ./Core/Src/Zmienna_Motor.o
 .debug_info    0x000000000000108e     0x34d7 ./Core/Src/main.o
 .debug_info    0x0000000000004565     0x279e ./Core/Src/stm32g4xx_hal_msp.o
 .debug_info    0x0000000000006d03     0x1712 ./Core/Src/stm32g4xx_it.o
 .debug_info    0x0000000000008415      0x59f ./Core/Src/system_stm32g4xx.o
 .debug_info    0x00000000000089b4       0x22 ./Core/Startup/startup_stm32g431rbtx.o
 .debug_info    0x00000000000089d6      0xae3 ./Drivers/STM32G4xx_HAL_Driver/Src/stm32g4xx_hal.o
 .debug_info    0x00000000000094b9     0x213e ./Drivers/STM32G4xx_HAL_Driver/Src/stm32g4xx_hal_adc.o
 .debug_info    0x000000000000b5f7     0x1e4b ./Drivers/STM32G4xx_HAL_Driver/Src/stm32g4xx_hal_adc_ex.o
 .debug_info    0x000000000000d442      0xb62 ./Drivers/STM32G4xx_HAL_Driver/Src/stm32g4xx_hal_cordic.o