../Core/Src/stm32g4xx_it.c:88:6:NMI_Handler	0	static
../Core/Src/stm32g4xx_it.c:103:6:HardFault_Handler	0	static
../Core/Src/stm32g4xx_it.c:118:6:MemManage_Handler	0	static
../Core/Src/stm32g4xx_it.c:133:6:BusFault_Handler	0	static
../Core/Src/stm32g4xx_it.c:148:6:UsageFault_Handler	0	static
../Core/Src/stm32g4xx_it.c:163:6:SVC_Handler	0	static
../Core/Src/stm32g4xx_it.c:176:6:DebugMon_Handler	0	static
../Core/Src/stm32g4xx_it.c:189:6:PendSV_Handler	0	static
../Core/Src/stm32g4xx_it.c:202:6:SysTick_Handler	32	static
../Core/Src/stm32g4xx_it.c:288:6:ADC1_2_IRQHandler	8	static
../Core/Src/stm32g4xx_it.c:303:6:TIM1_BRK_TIM15_IRQHandler	0	static
../Core/Src/stm32g4xx_it.c:317:6:TIM1_UP_TIM16_IRQHandler	0	static
../Core/Src/stm32g4xx_it.c:331:6:TIM1_TRG_COM_TIM17_IRQHandler	8	static
../Core/Src/stm32g4xx_it.c:346:6:TIM1_CC_IRQHandler	0	static
../Core/Src/stm32g4xx_it.c:360:6:TIM2_IRQHandler	0	static
../Core/Src/stm32g4xx_it.c:374:6:USART1_IRQHandler	0	static
../Core/Src/stm32g4xx_it.c:388:6:EXTI15_10_IRQHandler	0	static
../Core/Src/stm32g4xx_it.c:402:6:TIM6_DAC_IRQHandler	8	static
