../Core/Src/main.c:102:10:get_even_flag	24	static
../Core/Src/main.c:114:5:__io_putchar	16	static
../Core/Src/main.c:154:5:main	8	static
../Core/Src/main.c:268:6:SystemClock_Config	88	static
../Core/Src/main.c:315:13:MX_ADC1_Init	80	static
../Core/Src/main.c:415:13:MX_ADC2_Init	40	static
../Core/Src/main.c:474:13:MX_CORDIC_Init	8	static
../Core/Src/main.c:500:13:MX_DAC1_Init	56	static
../Core/Src/main.c:547:13:MX_FDCAN1_Init	8	static
../Core/Src/main.c:590:13:MX_SPI3_Init	8	static
../Core/Src/main.c:630:13:MX_TIM1_Init	120	static
../Core/Src/main.c:727:13:MX_TIM2_Init	56	static
../Core/Src/main.c:776:13:MX_TIM6_Init	24	static
../Core/Src/main.c:814:13:MX_TIM17_Init	8	static
../Core/Src/main.c:846:13:MX_USART1_UART_Init	8	static
../Core/Src/main.c:894:13:MX_GPIO_Init	48	static
../Core/Src/main.c:939:6:HAL_ADCEx_InjectedConvCpltCallback	40	static
../Core/Src/main.c:1034:6:Error_Handler	4	static,ignoring_inline_asm
