../Core/Src/main.c:101:10:get_even_flag	24	static
../Core/Src/main.c:113:5:__io_putchar	16	static
../Core/Src/main.c:153:5:main	8	static
../Core/Src/main.c:267:6:SystemClock_Config	88	static
../Core/Src/main.c:314:13:MX_ADC1_Init	80	static
../Core/Src/main.c:414:13:MX_ADC2_Init	40	static
../Core/Src/main.c:473:13:MX_CORDIC_Init	8	static
../Core/Src/main.c:499:13:MX_DAC1_Init	56	static
../Core/Src/main.c:546:13:MX_FDCAN1_Init	8	static
../Core/Src/main.c:589:13:MX_SPI3_Init	8	static
../Core/Src/main.c:629:13:MX_TIM1_Init	120	static
../Core/Src/main.c:726:13:MX_TIM2_Init	56	static
../Core/Src/main.c:775:13:MX_TIM6_Init	24	static
../Core/Src/main.c:813:13:MX_TIM17_Init	8	static
../Core/Src/main.c:845:13:MX_USART1_UART_Init	8	static
../Core/Src/main.c:893:13:MX_GPIO_Init	48	static
../Core/Src/main.c:938:6:HAL_ADCEx_InjectedConvCpltCallback	40	static
../Core/Src/main.c:1030:6:Error_Handler	4	static,ignoring_inline_asm
