../Core/Src/PI_reg.c:27:6:PI_REG	24	static
../Core/Src/PI_reg.c:44:6:PI_REG_SER	24	static
../Core/Src/PI_reg.c:72:6:state_speed_control_on	4	static
../Core/Src/PI_reg.c:77:6:state_currentspeed_control_on	4	static
../Core/Src/PI_reg.c:82:6:state_current_control_on	4	static
../Core/Src/PI_reg.c:88:6:state_openloop_control	4	static
../Core/Src/PI_reg.c:94:6:state_tuning_PI_speed	8	static
../Core/Src/PI_reg.c:113:6:state_speed_control_low	4	static
../Core/Src/PI_reg.c:119:6:state_speed_control_high	4	static
../Core/Src/PI_reg.c:127:6:pi_reg_clc	16	static
../Core/Src/PI_reg.c:136:6:motor_state_machine	8	static
