../Core/Src/PI_reg.c:28:6:PI_REG	24	static
../Core/Src/PI_reg.c:45:6:PI_REG_SER	24	static
../Core/Src/PI_reg.c:73:6:state_speed_control_on	4	static
../Core/Src/PI_reg.c:78:6:state_currentspeed_control_on	4	static
../Core/Src/PI_reg.c:83:6:state_current_control_on	4	static
../Core/Src/PI_reg.c:89:6:state_openloop_control	4	static
../Core/Src/PI_reg.c:95:6:state_tuning_PI_speed	8	static
../Core/Src/PI_reg.c:114:6:state_speed_control_low	4	static
../Core/Src/PI_reg.c:120:6:state_speed_control_high	4	static
../Core/Src/PI_reg.c:128:6:pi_reg_clc	16	static
../Core/Src/PI_reg.c:137:6:motor_state_machine	8	static
