../Core/Src/stm32g4xx_it.c:93:6:NMI_Handler	4	static
../Core/Src/stm32g4xx_it.c:108:6:HardFault_Handler	4	static
../Core/Src/stm32g4xx_it.c:123:6:MemManage_Handler	4	static
../Core/Src/stm32g4xx_it.c:138:6:BusFault_Handler	4	static
../Core/Src/stm32g4xx_it.c:153:6:UsageFault_Handler	4	static
../Core/Src/stm32g4xx_it.c:168:6:SVC_Handler	4	static
../Core/Src/stm32g4xx_it.c:181:6:DebugMon_Handler	4	static
../Core/Src/stm32g4xx_it.c:194:6:PendSV_Handler	4	static
../Core/Src/stm32g4xx_it.c:207:6:SysTick_Handler	8	static
../Core/Src/stm32g4xx_it.c:302:6:ADC1_2_IRQHandler	8	static
../Core/Src/stm32g4xx_it.c:317:6:TIM1_BRK_TIM15_IRQHandler	8	static
../Core/Src/stm32g4xx_it.c:331:6:TIM1_UP_TIM16_IRQHandler	8	static
../Core/Src/stm32g4xx_it.c:345:6:TIM1_TRG_COM_TIM17_IRQHandler	8	static
../Core/Src/stm32g4xx_it.c:360:6:TIM1_CC_IRQHandler	8	static
../Core/Src/stm32g4xx_it.c:374:6:TIM2_IRQHandler	8	static
../Core/Src/stm32g4xx_it.c:388:6:USART1_IRQHandler	8	static
../Core/Src/stm32g4xx_it.c:402:6:EXTI15_10_IRQHandler	8	static
../Core/Src/stm32g4xx_it.c:416:6:TIM6_DAC_IRQHandler	8	static
