../Core/Src/stm32g4xx_it.c:92:6:NMI_Handler	4	static
../Core/Src/stm32g4xx_it.c:107:6:HardFault_Handler	4	static
../Core/Src/stm32g4xx_it.c:122:6:MemManage_Handler	4	static
../Core/Src/stm32g4xx_it.c:137:6:BusFault_Handler	4	static
../Core/Src/stm32g4xx_it.c:152:6:UsageFault_Handler	4	static
../Core/Src/stm32g4xx_it.c:167:6:SVC_Handler	4	static
../Core/Src/stm32g4xx_it.c:180:6:DebugMon_Handler	4	static
../Core/Src/stm32g4xx_it.c:193:6:PendSV_Handler	4	static
../Core/Src/stm32g4xx_it.c:206:6:SysTick_Handler	8	static
../Core/Src/stm32g4xx_it.c:299:6:ADC1_2_IRQHandler	8	static
../Core/Src/stm32g4xx_it.c:314:6:TIM1_BRK_TIM15_IRQHandler	8	static
../Core/Src/stm32g4xx_it.c:328:6:TIM1_UP_TIM16_IRQHandler	8	static
../Core/Src/stm32g4xx_it.c:342:6:TIM1_TRG_COM_TIM17_IRQHandler	8	static
../Core/Src/stm32g4xx_it.c:357:6:TIM1_CC_IRQHandler	8	static
../Core/Src/stm32g4xx_it.c:371:6:TIM2_IRQHandler	8	static
../Core/Src/stm32g4xx_it.c:385:6:USART1_IRQHandler	8	static
../Core/Src/stm32g4xx_it.c:399:6:EXTI15_10_IRQHandler	8	static
../Core/Src/stm32g4xx_it.c:413:6:TIM6_DAC_IRQHandler	8	static
