Archive member included to satisfy reference by file (symbol)

d:/stm32cubeide_1.8.0/stm32cubeide/plugins/com.st.stm32cube.ide.mcu.externaltools.gnu-tools-for-stm32.10.3-2021.10.win32_1.0.0.202111181127/tools/bin/../lib/gcc/arm-none-eabi/10.3.1/../../../../arm-none-eabi/lib/thumb/v7e-m+fp/hard\libc_nano.a(lib_a-errno.o)
                              ./Core/Src/syscalls.o (__errno)
d:/stm32cubeide_1.8.0/stm32cubeide/plugins/com.st.stm32cube.ide.mcu.externaltools.gnu-tools-for-stm32.10.3-2021.10.win32_1.0.0.202111181127/tools/bin/../lib/gcc/arm-none-eabi/10.3.1/../../../../arm-none-eabi/lib/thumb/v7e-m+fp/hard\libc_nano.a(lib_a-exit.o)
                              d:/stm32cubeide_1.8.0/stm32cubeide/plugins/com.st.stm32cube.ide.mcu.externaltools.gnu-tools-for-stm32.10.3-2021.10.win32_1.0.0.202111181127/tools/bin/../lib/gcc/arm-none-eabi/10.3.1/../../../../arm-none-eabi/lib/thumb/v7e-m+fp/hard/crt0.o (exit)
d:/stm32cubeide_1.8.0/stm32cubeide/plugins/com.st.stm32cube.ide.mcu.externaltools.gnu-tools-for-stm32.10.3-2021.10.win32_1.0.0.202111181127/tools/bin/../lib/gcc/arm-none-eabi/10.3.1/../../../../arm-none-eabi/lib/thumb/v7e-m+fp/hard\libc_nano.a(lib_a-impure.o)
                              d:/stm32cubeide_1.8.0/stm32cubeide/plugins/com.st.stm32cube.ide.mcu.externaltools.gnu-tools-for-stm32.10.3-2021.10.win32_1.0.0.202111181127/tools/bin/../lib/gcc/arm-none-eabi/10.3.1/../../../../arm-none-eabi/lib/thumb/v7e-m+fp/hard\libc_nano.a(lib_a-exit.o) (_global_impure_ptr)
d:/stm32cubeide_1.8.0/stm32cubeide/plugins/com.st.stm32cube.ide.mcu.externaltools.gnu-tools-for-stm32.10.3-2021.10.win32_1.0.0.202111181127/tools/bin/../lib/gcc/arm-none-eabi/10.3.1/../../../../arm-none-eabi/lib/thumb/v7e-m+fp/hard\libc_nano.a(lib_a-init.o)
                              d:/stm32cubeide_1.8.0/stm32cubeide/plugins/com.st.stm32cube.ide.mcu.externaltools.gnu-tools-for-stm32.10.3-2021.10.win32_1.0.0.202111181127/tools/bin/../lib/gcc/arm-none-eabi/10.3.1/../../../../arm-none-eabi/lib/thumb/v7e-m+fp/hard/crt0.o (__libc_init_array)
d:/stm32cubeide_1.8.0/stm32cubeide/plugins/com.st.stm32cube.ide.mcu.externaltools.gnu-tools-for-stm32.10.3-2021.10.win32_1.0.0.202111181127/tools/bin/../lib/gcc/arm-none-eabi/10.3.1/../../../../arm-none-eabi/lib/thumb/v7e-m+fp/hard\libc_nano.a(lib_a-memset.o)
                              d:/stm32cubeide_1.8.0/stm32cubeide/plugins/com.st.stm32cube.ide.mcu.externaltools.gnu-tools-for-stm32.10.3-2021.10.win32_1.0.0.202111181127/tools/bin/../lib/gcc/arm-none-eabi/10.3.1/../../../../arm-none-eabi/lib/thumb/v7e-m+fp/hard/crt0.o (memset)
d:/stm32cubeide_1.8.0/stm32cubeide/plugins/com.st.stm32cube.ide.mcu.externaltools.gnu-tools-for-stm32.10.3-2021.10.win32_1.0.0.202111181127/tools/bin/../lib/gcc/arm-none-eabi/10.3.1/../../../../arm-none-eabi/lib/thumb/v7e-m+fp/hard\libm.a(lib_a-s_cos.o)
                              ./Core/Src/main.o (cos)
d:/stm32cubeide_1.8.0/stm32cubeide/plugins/com.st.stm32cube.ide.mcu.externaltools.gnu-tools-for-stm32.10.3-2021.10.win32_1.0.0.202111181127/tools/bin/../lib/gcc/arm-none-eabi/10.3.1/../../../../arm-none-eabi/lib/thumb/v7e-m+fp/hard\libm.a(lib_a-s_sin.o)
                              ./Core/Src/main.o (sin)
d:/stm32cubeide_1.8.0/stm32cubeide/plugins/com.st.stm32cube.ide.mcu.externaltools.gnu-tools-for-stm32.10.3-2021.10.win32_1.0.0.202111181127/tools/bin/../lib/gcc/arm-none-eabi/10.3.1/../../../../arm-none-eabi/lib/thumb/v7e-m+fp/hard\libm.a(lib_a-e_rem_pio2.o)
                              d:/stm32cubeide_1.8.0/stm32cubeide/plugins/com.st.stm32cube.ide.mcu.externaltools.gnu-tools-for-stm32.10.3-2021.10.win32_1.0.0.202111181127/tools/bin/../lib/gcc/arm-none-eabi/10.3.1/../../../../arm-none-eabi/lib/thumb/v7e-m+fp/hard\libm.a(lib_a-s_cos.o) (__ieee754_rem_pio2)
d:/stm32cubeide_1.8.0/stm32cubeide/plugins/com.st.stm32cube.ide.mcu.externaltools.gnu-tools-for-stm32.10.3-2021.10.win32_1.0.0.202111181127/tools/bin/../lib/gcc/arm-none-eabi/10.3.1/../../../../arm-none-eabi/lib/thumb/v7e-m+fp/hard\libm.a(lib_a-k_cos.o)
                              d:/stm32cubeide_1.8.0/stm32cubeide/plugins/com.st.stm32cube.ide.mcu.externaltools.gnu-tools-for-stm32.10.3-2021.10.win32_1.0.0.202111181127/tools/bin/../lib/gcc/arm-none-eabi/10.3.1/../../../../arm-none-eabi/lib/thumb/v7e-m+fp/hard\libm.a(lib_a-s_cos.o) (__kernel_cos)
d:/stm32cubeide_1.8.0/stm32cubeide/plugins/com.st.stm32cube.ide.mcu.externaltools.gnu-tools-for-stm32.10.3-2021.10.win32_1.0.0.202111181127/tools/bin/../lib/gcc/arm-none-eabi/10.3.1/../../../../arm-none-eabi/lib/thumb/v7e-m+fp/hard\libm.a(lib_a-k_rem_pio2.o)
                              d:/stm32cubeide_1.8.0/stm32cubeide/plugins/com.st.stm32cube.ide.mcu.externaltools.gnu-tools-for-stm32.10.3-2021.10.win32_1.0.0.202111181127/tools/bin/../lib/gcc/arm-none-eabi/10.3.1/../../../../arm-none-eabi/lib/thumb/v7e-m+fp/hard\libm.a(lib_a-e_rem_pio2.o) (__kernel_rem_pio2)
[...]
Memory Configuration

Name             Origin             Length             Attributes
RAM              0x0000000020000000 0x0000000000008000 xrw
FLASH            0x0000000008000000 0x0000000000020000 xr
*default*        0x0000000000000000 0xffffffffffffffff

Linker script and memory map

LOAD d:/stm32cubeide_1.8.0/stm32cubeide/plugins/com.st.stm32cube.ide.mcu.externaltools.gnu-tools-for-stm32.10.3-2021.10.win32_1.0.0.202111181127/tools/bin/../lib/gcc/arm-none-eabi/10.3.1/thumb/v7e-m+fp/hard/crti.o
LOAD d:/stm32cubeide_1.8.0/stm32cubeide/plugins/com.st.stm32cube.ide.mcu.externaltools.gnu-tools-for-stm32.10.3-2021.10.win32_1.0.0.202111181127/tools/bin/../lib/gcc/arm-none-eabi/10.3.1/thumb/v7e-m+fp/hard/crtbegin.o
LOAD d:/stm32cubeide_1.8.0/stm32cubeide/plugins/com.st.stm32cube.ide.mcu.externaltools.gnu-tools-for-stm32.10.3-2021.10.win32_1.0.0.202111181127/tools/bin/../lib/gcc/arm-none-eabi/10.3.1/../../../../arm-none-eabi/lib/thumb/v7e-m+fp/hard/crt0.o
LOAD ./Core/Src/Zmienna_Motor.o
LOAD ./Core/Src/main.o
LOAD ./Core/Src/stm32g4xx_hal_msp.o
LOAD ./Core/Src/stm32g4xx_it.o
LOAD ./Core/Src/syscalls.o
LOAD ./Core/Src/sysmem.o
LOAD ./Core/Src/system_stm32g4xx.o
LOAD ./Core/Startup/startup_stm32g431rbtx.o
LOAD ./Drivers/STM32G4xx_HAL_Driver/Src/stm32g4xx_hal.o
LOAD ./Drivers/STM32G4xx_HAL_Driver/Src/stm32g4xx_hal_adc.o
LOAD ./Drivers/STM32G4xx_HAL_Driver/Src/stm32g4xx_hal_adc_ex.o
LOAD ./Drivers/STM32G4xx_HAL_Driver/Src/stm32g4xx_hal_cordic.o
LOAD ./Drivers/STM32G4xx_HAL_Driver/Src/stm32g4xx_hal_cortex.o
LOAD ./Drivers/STM32G4xx_HAL_Driver/Src/stm32g4xx_hal_dac.o
LOAD ./Drivers/STM32G4xx_HAL_Driver/Src/stm32g4xx_hal_dac_ex.o
LOAD ./Drivers/STM32G4xx_HAL_Driver/Src/stm32g4xx_hal_dma.o
LOAD ./Drivers/STM32G4xx_HAL_Driver/Src/stm32g4xx_hal_dma_ex.o
LOAD ./Drivers/STM32G4xx_HAL_Driver/Src/stm32g4xx_hal_exti.o
LOAD ./Drivers/STM32G4xx_HAL_Driver/Src/stm32g4xx_hal_fdcan.o
LOAD ./Drivers/STM32G4xx_HAL_Driver/Src/stm32g4xx_hal_flash.o
LOAD ./Drivers/STM32G4xx_HAL_Driver/Src/stm32g4xx_hal_flash_ex.o
LOAD ./Drivers/STM32G4xx_HAL_Driver/Src/stm32g4xx_hal_flash_ramfunc.o
LOAD ./Drivers/STM32G4xx_HAL_Driver/Src/stm32g4xx_hal_gpio.o
LOAD ./Drivers/STM32G4xx_HAL_Driver/Src/stm32g4xx_hal_pwr.o
LOAD ./Drivers/STM32G4xx_HAL_Driver/Src/stm32g4xx_hal_pwr_ex.o
LOAD ./Drivers/STM32G4xx_HAL_Driver/Src/stm32g4xx_hal_rcc.o
LOAD ./Drivers/STM32G4xx_HAL_Driver/Src/stm32g4xx_hal_rcc_ex.o
LOAD ./Drivers/STM32G4xx_HAL_Driver/Src/stm32g4xx_hal_spi.o
LOAD ./Drivers/STM32G4xx_HAL_Driver/Src/stm32g4xx_hal_spi_ex.o
LOAD ./Drivers/STM32G4xx_HAL_Driver/Src/stm32g4xx_hal_tim.o
LOAD ./Drivers/STM32G4xx_HAL_Driver/Src/stm32g4xx_hal_tim_ex.o
LOAD ./Drivers/STM32G4xx_HAL_Driver/Src/stm32g4xx_hal_uart.o
LOAD ./Drivers/STM32G4xx_HAL_Driver/Src/stm32g4xx_hal_uart_ex.o
LOAD ./Drivers/STM32G4xx_HAL_Driver/Src/stm32g4xx_ll_adc.o
START GROUP
LOAD d:/stm32cubeide_1.8.0/stm32cubeide/plugins/com.st.stm32cube.ide.mcu.externaltools.gnu-tools-for-stm32.10.3-2021.10.win32_1.0.0.202111181127/tools/bin/../lib/gcc/arm-none-eabi/10.3.1/../../../../arm-none-eabi/lib/thumb/v7e-m+fp/hard\libc_nano.a
LOAD d:/stm32cubeide_1.8.0/stm32cubeide/plugins/com.st.stm32cube.ide.mcu.externaltools.gnu-tools-for-stm32.10.3-2021.10.win32_1.0.0.202111181127/tools/bin/../lib/gcc/arm-none-eabi/10.3.1/../../../../arm-none-eabi/lib/thumb/v7e-m+fp/hard\libm.a
END GROUP
START GROUP
LOAD d:/stm32cubeide_1.8.0/stm32cubeide/plugins/com.st.stm32cube.ide.mcu.externaltools.gnu-tools-for-stm32.10.3-2021.10.win32_1.0.0.202111181127/tools/bin/../lib/gcc/arm-none-eabi/10.3.1/thumb/v7e-m+fp/hard\libgcc.a
LOAD d:/stm32cubeide_1.8.0/stm32cubeide/plugins/com.st.stm32cube.ide.mcu.externaltools.gnu-tools-for-stm32.10.3-2021.10.win32_1.0.0.202111181127/tools/bin/../lib/gcc/arm-none-eabi/10.3.1/../../../../arm-none-eabi/lib/thumb/v7e-m+fp/hard\libc_nano.a
END GROUP
START GROUP
LOAD d:/stm32cubeide_1.8.0/stm32cubeide/plugins/com.st.stm32cube.ide.mcu.externaltools.gnu-tools-for-stm32.10.3-2021.10.win32_1.0.0.202111181127/tools/bin/../lib/gcc/arm-none-eabi/10.3.1/thumb/v7e-m+fp/hard\libgcc.a
LOAD d:/stm32cubeide_1.8.0/stm32cubeide/plugins/com.st.stm32cube.ide.mcu.externaltools.gnu-tools-for-stm32.10.3-2021.10.win32_1.0.0.202111181127/tools/bin/../lib/gcc/arm-none-eabi/10.3.1/../../../../arm-none-eabi/lib/thumb/v7e-m+fp/hard\libc_nano.a
LOAD d:/stm32cubeide_1.8.0/stm32cubeide/plugins/com.st.stm32cube.ide.mcu.externaltools.gnu-tools-for-stm32.10.3-2021.10.win32_1.0.0.202111181127/tools/bin/../lib/gcc/arm-none-eabi/10.3.1/../../../../arm-none-eabi/lib/thumb/v7e-m+fp/hard\libnosys.a
END GROUP
START GROUP
LOAD d:/stm32cubeide_1.8.0/stm32cubeide/plugins/com.st.stm32cube.ide.mcu.externaltools.gnu-tools-for-stm32.10.3-2021.10.win32_1.0.0.202111181127/tools/bin/../lib/gcc/arm-none-eabi/10.3.1/thumb/v7e-m+fp/hard\libgcc.a
LOAD d:/stm32cubeide_1.8.0/stm32cubeide/plugins/com.st.stm32cube.ide.mcu.externaltools.gnu-tools-for-stm32.10.3-2021.10.win32_1.0.0.202111181127/tools/bin/../lib/gcc/arm-none-eabi/10.3.1/../../../../arm-none-eabi/lib/thumb/v7e-m+fp/hard\libc_nano.a
LOAD d:/stm32cubeide_1.8.0/stm32cubeide/plugins/com.st.stm32cube.ide.mcu.externaltools.gnu-tools-for-stm32.10.3-2021.10.win32_1.0.0.202111181127/tools/bin/../lib/gcc/arm-none-eabi/10.3.1/../../../../arm-none-eabi/lib/thumb/v7e-m+fp/hard\libnosys.a
END GROUP
LOAD d:/stm32cubeide_1.8.0/stm32cubeide/plugins/com.st.stm32cube.ide.mcu.externaltools.gnu-tools-for-stm32.10.3-2021.10.win32_1.0.0.202111181127/tools/bin/../lib/gcc/arm-none-eabi/10.3.1/thumb/v7e-m+fp/hard/crtend.o
LOAD d:/stm32cubeide_1.8.0/stm32cubeide/plugins/com.st.stm32cube.ide.mcu.externaltools.gnu-tools-for-stm32.10.3-2021.10.win32_1.0.0.202111181127/tools/bin/../lib/gcc/arm-none-eabi/10.3.1/thumb/v7e-m+fp/hard/crtn.o
                0x0000000020008000                _estack = (ORIGIN (RAM) + LENGTH (RAM))
                0x0000000000000200                _Min_Heap_Size = 0x200
                0x0000000000000400                _Min_Stack_Size = 0x400

.isr_vector     0x0000000008000000      0x1d8
                0x0000000008000000                . = ALIGN (0x4)
 *(.isr_vector)
 .isr_vector    0x0000000008000000      0x1d8 ./Core/Startup/startup_stm32g431rbtx.o
                0x0000000008000000                g_pfnVectors
                0x00000000080001d8                . = ALIGN (0x4)

.text           0x00000000080001d8     0x7adc
                0x00000000080001d8                . = ALIGN (0x4)
 *(.text)
 .text          0x00000000080001d8       0x40 d:/stm32cubeide_1.8.0/stm32cubeide/plugins/com.st.stm32cube.ide.mcu.externaltools.gnu-tools-for-stm32.10.3-2021.10.win32_1.0.0.202111181127/tools/bin/../lib/gcc/arm-none-eabi/10.3.1/thumb/v7e-m+fp/hard/crtbegin.o
 .text          0x0000000008000218      0x378 d:/stm32cubeide_1.8.0/stm32cubeide/plugins/com.st.stm32cube.ide.mcu.externaltools.gnu-tools-for-stm32.10.3-2021.10.win32_1.0.0.202111181127/tools/bin/../lib/gcc/arm-none-eabi/10.3.1/thumb/v7e-m+fp/hard\libgcc.a(_arm_addsubdf3.o)
                0x0000000008000218                __aeabi_drsub
                0x0000000008000220                __aeabi_dsub
                0x0000000008000220                __subdf3
                0x0000000008000224                __aeabi_dadd
                0x0000000008000224                __adddf3
                0x000000000800049c                __floatunsidf
                0x000000000800049c                __aeabi_ui2d
                0x00000000080004bc                __floatsidf
                0x00000000080004bc                __aeabi_i2d
                0x00000000080004e0                __aeabi_f2d
                0x00000000080004e0                __extendsfdf2
                0x0000000008000524                __floatundidf
                0x0000000008000524                __aeabi_ul2d
                0x0000000008000534                __floatdidf
                0x0000000008000534                __aeabi_l2d
 .text          0x0000000008000590      0x424 d:/stm32cubeide_1.8.0/stm32cubeide/plugins/com.st.stm32cube.ide.mcu.externaltools.gnu-tools-for-stm32.10.3-2021.10.win32_1.0.0.202111181127/tools/bin/../lib/gcc/arm-none-eabi/10.3.1/thumb/v7e-m+fp/hard\libgcc.a(_arm_muldivdf3.o)
                0x0000000008000590                __aeabi_dmul
                0x0000000008000590                __muldf3
                0x00000000080007e4                __divdf3
                0x00000000080007e4                __aeabi_ddiv
 .text          0x00000000080009b4      0x110 d:/stm32cubeide_1.8.0/stm32cubeide/plugins/com.st.stm32cube.ide.mcu.externaltools.gnu-tools-for-stm32.10.3-2021.10.win32_1.0.0.202111181127/tools/bin/../lib/gcc/arm-none-eabi/10.3.1/thumb/v7e-m+fp/hard\libgcc.a(_arm_cmpdf2.o)
                0x00000000080009b4                __gtdf2
                0x00000000080009b4                __gedf2
                0x00000000080009bc                __ltdf2
                0x00000000080009bc                __ledf2
                0x00000000080009c4                __nedf2
                0x00000000080009c4                __eqdf2
                0x00000000080009c4                __cmpdf2
                0x0000000008000a40                __aeabi_cdrcmple
                0x0000000008000a50                __aeabi_cdcmpeq
                0x0000000008000a50                __aeabi_cdcmple
                0x0000000008000a60                __aeabi_dcmpeq
                0x0000000008000a74                __aeabi_dcmplt
                0x0000000008000a88                __aeabi_dcmple
                0x0000000008000a9c                __aeabi_dcmpge
                0x0000000008000ab0                __aeabi_dcmpgt
 .text          0x0000000008000ac4       0x50 d:/stm32cubeide_1.8.0/stm32cubeide/plugins/com.st.stm32cube.ide.mcu.externaltools.gnu-tools-for-stm32.10.3-2021.10.win32_1.0.0.202111181127/tools/bin/../lib/gcc/arm-none-eabi/10.3.1/thumb/v7e-m+fp/hard\libgcc.a(_arm_fixdfsi.o)
                0x0000000008000ac4                __aeabi_d2iz
                0x0000000008000ac4                __fixdfsi
 .text          0x0000000008000b14       0x40 d:/stm32cubeide_1.8.0/stm32cubeide/plugins/com.st.stm32cube.ide.mcu.externaltools.gnu-tools-for-stm32.10.3-2021.10.win32_1.0.0.202111181127/tools/bin/../lib/gcc/arm-none-eabi/10.3.1/thumb/v7e-m+fp/hard\libgcc.a(_arm_fixunsdfsi.o)
                0x0000000008000b14                __aeabi_d2uiz
                0x0000000008000b14                __fixunsdfsi
 .text          0x0000000008000b54       0xa0 d:/stm32cubeide_1.8.0/stm32cubeide/plugins/com.st.stm32cube.ide.mcu.externaltools.gnu-tools-for-stm32.10.3-2021.10.win32_1.0.0.202111181127/tools/bin/../lib/gcc/arm-none-eabi/10.3.1/thumb/v7e-m+fp/hard\libgcc.a(_arm_truncdfsf2.o)
                0x0000000008000b54                __truncdfsf2
                0x0000000008000b54                __aeabi_d2f
 .text          0x0000000008000bf4       0x30 d:/stm32cubeide_1.8.0/stm32cubeide/plugins/com.st.stm32cube.ide.mcu.externaltools.gnu-tools-for-stm32.10.3-2021.10.win32_1.0.0.202111181127/tools/bin/../lib/gcc/arm-none-eabi/10.3.1/thumb/v7e-m+fp/hard\libgcc.a(_aeabi_uldivmod.o)
                0x0000000008000bf4                __aeabi_uldivmod
 .text          0x0000000008000c24      0x2d0 d:/stm32cubeide_1.8.0/stm32cubeide/plugins/com.st.stm32cube.ide.mcu.externaltools.gnu-tools-for-stm32.10.3-2021.10.win32_1.0.0.202111181127/tools/bin/../lib/gcc/arm-none-eabi/10.3.1/thumb/v7e-m+fp/hard\libgcc.a(_udivmoddi4.o)
                0x0000000008000c24                __udivmoddi4
 .text          0x0000000008000ef4        0x4 d:/stm32cubeide_1.8.0/stm32cubeide/plugins/com.st.stm32cube.ide.mcu.externaltools.gnu-tools-for-stm32.10.3-2021.10.win32_1.0.0.202111181127/tools/bin/../lib/gcc/arm-none-eabi/10.3.1/thumb/v7e-m+fp/hard\libgcc.a(_dvmd_tls.o)
                0x0000000008000ef4                __aeabi_idiv0
                0x0000000008000ef4                __aeabi_ldiv0
 *(.text*)
 .text.PI_Regulator
                0x0000000008000ef8       0xfc ./Core/Src/Zmienna_Motor.o
                0x0000000008000ef8                PI_Regulator
 .text.SPWM_modulacja
                0x0000000008000ff4       0x8c ./Core/Src/Zmienna_Motor.o
                0x0000000008000ff4                SPWM_modulacja
 .text.Iqd_current_reg
                0x0000000008001080      0x16c ./Core/Src/Zmienna_Motor.o
                0x0000000008001080                Iqd_current_reg
 .text.Pozycja  0x00000000080011ec       0x48 ./Core/Src/Zmienna_Motor.o
                0x00000000080011ec                Pozycja
 *fill*         0x0000000008001234        0x4 
 .text.SVPWM_modulacja
                0x0000000008001238      0x254 ./Core/Src/Zmienna_Motor.o
                0x0000000008001238                SVPWM_modulacja
 .text.PID_REG  0x000000000800148c       0x98 ./Core/Src/Zmienna_Motor.o
                0x000000000800148c                PID_REG
 .text.get_even_flag
                0x0000000008001524       0x24 ./Core/Src/main.o
                0x0000000008001524                get_even_flag
 .text.SystemClock_Config
                0x0000000008001548       0x6a ./Core/Src/main.o
                0x0000000008001548                SystemClock_Config
 *fill*         0x00000000080015b2        0x6 
 .text.startup.main
                0x00000000080015b8      0x7d4 ./Core/Src/main.o
                0x00000000080015b8                main
 *fill*         0x0000000008001d8c        0x4 
 .text.HAL_ADCEx_InjectedConvCpltCallback
                0x0000000008001d90      0x430 ./Core/Src/main.o
                0x0000000008001d90                HAL_ADCEx_InjectedConvCpltCallback
 .text.Error_Handler
                0x00000000080021c0        0x4 ./Core/Src/main.o
                0x00000000080021c0                Error_Handler
 .text.HAL_MspInit
                0x00000000080021c4       0x34 ./Core/Src/stm32g4xx_hal_msp.o
                0x00000000080021c4                HAL_MspInit
 .text.HAL_ADC_MspInit
                0x00000000080021f8      0x12c ./Core/Src/stm32g4xx_hal_msp.o
                0x00000000080021f8                HAL_ADC_MspInit
 .text.HAL_CORDIC_MspInit
                0x0000000008002324       0x2c ./Core/Src/stm32g4xx_hal_msp.o
                0x0000000008002324                HAL_CORDIC_MspInit
 .text.HAL_DAC_MspInit
                0x0000000008002350       0x70 ./Core/Src/stm32g4xx_hal_msp.o
                0x0000000008002350                HAL_DAC_MspInit
 .text.HAL_FDCAN_MspInit
                0x00000000080023c0       0x8c ./Core/Src/stm32g4xx_hal_msp.o
                0x00000000080023c0                HAL_FDCAN_MspInit
 .text.HAL_SPI_MspInit
                0x000000000800244c       0x64 ./Core/Src/stm32g4xx_hal_msp.o
                0x000000000800244c                HAL_SPI_MspInit
 .text.HAL_TIM_Base_MspInit
                0x00000000080024b0       0xcc ./Core/Src/stm32g4xx_hal_msp.o
                0x00000000080024b0                HAL_TIM_Base_MspInit
 .text.HAL_TIM_Encoder_MspInit
                0x000000000800257c       0x98 ./Core/Src/stm32g4xx_hal_msp.o
                0x000000000800257c                HAL_TIM_Encoder_MspInit
 .text.HAL_TIM_MspPostInit
                0x0000000008002614       0x7c ./Core/Src/stm32g4xx_hal_msp.o
                0x0000000008002614                HAL_TIM_MspPostInit
 .text.HAL_UART_MspInit
                0x0000000008002690       0x94 ./Core/Src/stm32g4xx_hal_msp.o
                0x0000000008002690                HAL_UART_MspInit
 .text.NMI_Handler
                0x0000000008002724        0x2 ./Core/Src/stm32g4xx_it.o
                0x0000000008002724                NMI_Handler
 .text.HardFault_Handler
                0x0000000008002726        0x2 ./Core/Src/stm32g4xx_it.o
                0x0000000008002726                HardFault_Handler
 .text.MemManage_Handler
                0x0000000008002728        0x2 ./Core/Src/stm32g4xx_it.o
                0x0000000008002728                MemManage_Handler
 .text.BusFault_Handler
                0x000000000800272a        0x2 ./Core/Src/stm32g4xx_it.o
                0x000000000800272a                BusFault_Handler
 .text.UsageFault_Handler
                0x000000000800272c        0x2 ./Core/Src/stm32g4xx_it.o
                0x000000000800272c                UsageFault_Handler
 .text.SVC_Handler
                0x000000000800272e        0x2 ./Core/Src/stm32g4xx_it.o
                0x000000000800272e                SVC_Handler
 .text.DebugMon_Handler
                0x0000000008002730        0x2 ./Core/Src/stm32g4xx_it.o
                0x0000000008002730                DebugMon_Handler
 .text.PendSV_Handler
                0x0000000008002732        0x2 ./Core/Src/stm32g4xx_it.o
                0x0000000008002732                PendSV_Handler
 *fill*         0x0000000008002734        0x4 
 .text.SysTick_Handler
                0x0000000008002738      0x244 ./Core/Src/stm32g4xx_it.o
                0x0000000008002738                SysTick_Handler
 .text.ADC1_2_IRQHandler
                0x000000000800297c       0x1c ./Core/Src/stm32g4xx_it.o
                0x000000000800297c                ADC1_2_IRQHandler
 .text.TIM1_BRK_TIM15_IRQHandler
                0x0000000008002998        0xc ./Core/Src/stm32g4xx_it.o
                0x0000000008002998                TIM1_BRK_TIM15_IRQHandler
 .text.TIM1_UP_TIM16_IRQHandler
                0x00000000080029a4        0x4 ./Core/Src/stm32g4xx_it.o
                0x00000000080029a4                TIM1_UP_TIM16_IRQHandler
 .text.TIM1_TRG_COM_TIM17_IRQHandler
                0x00000000080029a8       0x1c ./Core/Src/stm32g4xx_it.o
                0x00000000080029a8                TIM1_TRG_COM_TIM17_IRQHandler
 .text.TIM1_CC_IRQHandler
                0x00000000080029c4        0x4 ./Core/Src/stm32g4xx_it.o
                0x00000000080029c4                TIM1_CC_IRQHandler
 .text.TIM2_IRQHandler
                0x00000000080029c8        0xc ./Core/Src/stm32g4xx_it.o
                0x00000000080029c8                TIM2_IRQHandler
 .text.USART1_IRQHandler
                0x00000000080029d4        0xc ./Core/Src/stm32g4xx_it.o
                0x00000000080029d4                USART1_IRQHandler
 .text.EXTI15_10_IRQHandler
                0x00000000080029e0        0x8 ./Core/Src/stm32g4xx_it.o
                0x00000000080029e0                EXTI15_10_IRQHandler
 .text.TIM6_DAC_IRQHandler
                0x00000000080029e8       0x1c ./Core/Src/stm32g4xx_it.o
                0x00000000080029e8                TIM6_DAC_IRQHandler
 .text.SystemInit
                0x0000000008002a04       0x14 ./Core/Src/system_stm32g4xx.o
                0x0000000008002a04                SystemInit
 .text.Reset_Handler
                0x0000000008002a18       0x50 ./Core/Startup/startup_stm32g431rbtx.o
                0x0000000008002a18                Reset_Handler
 .text.Default_Handler
                0x0000000008002a68        0x2 ./Core/Startup/startup_stm32g431rbtx.o
                0x0000000008002a68                RTC_Alarm_IRQHandler
                0x0000000008002a68                EXTI2_IRQHandler
                0x0000000008002a68                TIM8_TRG_COM_IRQHandler
                0x0000000008002a68                TIM8_CC_IRQHandler
                0x0000000008002a68                USB_HP_IRQHandler
                0x0000000008002a68                CORDIC_IRQHandler
                0x0000000008002a68                EXTI3_IRQHandler
                0x0000000008002a68                I2C3_ER_IRQHandler
                0x0000000008002a68                EXTI0_IRQHandler
                0x0000000008002a68                I2C2_EV_IRQHandler
                0x0000000008002a68                FPU_IRQHandler
                0x0000000008002a68                FDCAN1_IT1_IRQHandler
                0x0000000008002a68                SPI1_IRQHandler
                0x0000000008002a68                TIM8_UP_IRQHandler
                0x0000000008002a68                DMA2_Channel2_IRQHandler
                0x0000000008002a68                DMA1_Channel4_IRQHandler
                0x0000000008002a68                USART3_IRQHandler
                0x0000000008002a68                TIM4_IRQHandler
                0x0000000008002a68                DMA2_Channel1_IRQHandler
                0x0000000008002a68                I2C1_EV_IRQHandler
                0x0000000008002a68                DMA1_Channel6_IRQHandler
                0x0000000008002a68                UART4_IRQHandler
                0x0000000008002a68                DMA2_Channel4_IRQHandler
                0x0000000008002a68                TIM3_IRQHandler
                0x0000000008002a68                RCC_IRQHandler
                0x0000000008002a68                DMA1_Channel1_IRQHandler
                0x0000000008002a68                Default_Handler
                0x0000000008002a68                RTC_TAMP_LSECSS_IRQHandler
                0x0000000008002a68                FMAC_IRQHandler
                0x0000000008002a68                TIM7_IRQHandler
                0x0000000008002a68                UCPD1_IRQHandler
                0x0000000008002a68                I2C3_EV_IRQHandler
                0x0000000008002a68                EXTI9_5_IRQHandler
                0x0000000008002a68                RTC_WKUP_IRQHandler
                0x0000000008002a68                PVD_PVM_IRQHandler
                0x0000000008002a68                SPI2_IRQHandler
                0x0000000008002a68                DMA2_Channel5_IRQHandler
                0x0000000008002a68                CRS_IRQHandler
                0x0000000008002a68                DMA1_Channel5_IRQHandler
                0x0000000008002a68                USB_LP_IRQHandler
                0x0000000008002a68                EXTI4_IRQHandler
                0x0000000008002a68                RNG_IRQHandler
                0x0000000008002a68                DMA1_Channel3_IRQHandler
                0x0000000008002a68                WWDG_IRQHandler
                0x0000000008002a68                LPUART1_IRQHandler
                0x0000000008002a68                DMA2_Channel6_IRQHandler
                0x0000000008002a68                FDCAN1_IT0_IRQHandler
                0x0000000008002a68                COMP1_2_3_IRQHandler
                0x0000000008002a68                EXTI1_IRQHandler
                0x0000000008002a68                USART2_IRQHandler
                0x0000000008002a68                I2C2_ER_IRQHandler
                0x0000000008002a68                DMA1_Channel2_IRQHandler
                0x0000000008002a68                TIM8_BRK_IRQHandler
                0x0000000008002a68                FLASH_IRQHandler
                0x0000000008002a68                SPI3_IRQHandler
                0x0000000008002a68                I2C1_ER_IRQHandler
                0x0000000008002a68                LPTIM1_IRQHandler
                0x0000000008002a68                DMAMUX_OVR_IRQHandler
                0x0000000008002a68                USBWakeUp_IRQHandler
                0x0000000008002a68                SAI1_IRQHandler
                0x0000000008002a68                DMA2_Channel3_IRQHandler
                0x0000000008002a68                COMP4_IRQHandler
 *fill*         0x0000000008002a6a        0x2 
 .text.HAL_InitTick
                0x0000000008002a6c       0x4c ./Drivers/STM32G4xx_HAL_Driver/Src/stm32g4xx_hal.o
                0x0000000008002a6c                HAL_InitTick
 .text.HAL_Init
                0x0000000008002ab8       0x1e ./Drivers/STM32G4xx_HAL_Driver/Src/stm32g4xx_hal.o
                0x0000000008002ab8                HAL_Init
 *fill*         0x0000000008002ad6        0x2 
 .text.HAL_IncTick
                0x0000000008002ad8       0x18 ./Drivers/STM32G4xx_HAL_Driver/Src/stm32g4xx_hal.o
                0x0000000008002ad8                HAL_IncTick
 .text.HAL_GetTick
                0x0000000008002af0        0xc ./Drivers/STM32G4xx_HAL_Driver/Src/stm32g4xx_hal.o
                0x0000000008002af0                HAL_GetTick
 .text.HAL_Delay
                0x0000000008002afc       0x28 ./Drivers/STM32G4xx_HAL_Driver/Src/stm32g4xx_hal.o
                0x0000000008002afc                HAL_Delay
 .text.LL_ADC_SetChannelSamplingTime
                0x0000000008002b24       0x22 ./Drivers/STM32G4xx_HAL_Driver/Src/stm32g4xx_hal_adc.o
 .text.LL_ADC_REG_IsConversionOngoing
                0x0000000008002b46        0x8 ./Drivers/STM32G4xx_HAL_Driver/Src/stm32g4xx_hal_adc.o
 *fill*         0x0000000008002b4e        0x2 
 .text.HAL_ADC_Init
                0x0000000008002b50      0x1e8 ./Drivers/STM32G4xx_HAL_Driver/Src/stm32g4xx_hal_adc.o
                0x0000000008002b50                HAL_ADC_Init
 .text.HAL_ADC_ConvCpltCallback
                0x0000000008002d38        0x2 ./Drivers/STM32G4xx_HAL_Driver/Src/stm32g4xx_hal_adc.o
                0x0000000008002d38                HAL_ADC_ConvCpltCallback
 .text.HAL_ADC_LevelOutOfWindowCallback
                0x0000000008002d3a        0x2 ./Drivers/STM32G4xx_HAL_Driver/Src/stm32g4xx_hal_adc.o
                0x0000000008002d3a                HAL_ADC_LevelOutOfWindowCallback
 .text.HAL_ADC_ErrorCallback
                0x0000000008002d3c        0x2 ./Drivers/STM32G4xx_HAL_Driver/Src/stm32g4xx_hal_adc.o
                0x0000000008002d3c                HAL_ADC_ErrorCallback
 *fill*         0x0000000008002d3e        0x2 
 .text.HAL_ADC_IRQHandler
                0x0000000008002d40      0x240 ./Drivers/STM32G4xx_HAL_Driver/Src/stm32g4xx_hal_adc.o
                0x0000000008002d40                HAL_ADC_IRQHandler
 .text.HAL_ADC_ConfigChannel
                0x0000000008002f80      0x394 ./Drivers/STM32G4xx_HAL_Driver/Src/stm32g4xx_hal_adc.o
                0x0000000008002f80                HAL_ADC_ConfigChannel
 .text.LL_ADC_SetChannelSamplingTime
                0x0000000008003314       0x22 ./Drivers/STM32G4xx_HAL_Driver/Src/stm32g4xx_hal_adc_ex.o
 .text.LL_ADC_REG_IsConversionOngoing
                0x0000000008003336        0x8 ./Drivers/STM32G4xx_HAL_Driver/Src/stm32g4xx_hal_adc_ex.o
 .text.LL_ADC_INJ_IsConversionOngoing
                0x000000000800333e        0x8 ./Drivers/STM32G4xx_HAL_Driver/Src/stm32g4xx_hal_adc_ex.o
 .text.HAL_ADCEx_InjectedGetValue
                0x0000000008003346       0x32 ./Drivers/STM32G4xx_HAL_Driver/Src/stm32g4xx_hal_adc_ex.o
                0x0000000008003346                HAL_ADCEx_InjectedGetValue
 .text.HAL_ADCEx_InjectedQueueOverflowCallback
                0x0000000008003378        0x2 ./Drivers/STM32G4xx_HAL_Driver/Src/stm32g4xx_hal_adc_ex.o
                0x0000000008003378                HAL_ADCEx_InjectedQueueOverflowCallback
 .text.HAL_ADCEx_LevelOutOfWindow2Callback
                0x000000000800337a        0x2 ./Drivers/STM32G4xx_HAL_Driver/Src/stm32g4xx_hal_adc_ex.o
                0x000000000800337a                HAL_ADCEx_LevelOutOfWindow2Callback
 .text.HAL_ADCEx_LevelOutOfWindow3Callback
                0x000000000800337c        0x2 ./Drivers/STM32G4xx_HAL_Driver/Src/stm32g4xx_hal_adc_ex.o
                0x000000000800337c                HAL_ADCEx_LevelOutOfWindow3Callback
 .text.HAL_ADCEx_EndOfSamplingCallback
                0x000000000800337e        0x2 ./Drivers/STM32G4xx_HAL_Driver/Src/stm32g4xx_hal_adc_ex.o
                0x000000000800337e                HAL_ADCEx_EndOfSamplingCallback
 .text.HAL_ADCEx_InjectedConfigChannel
                0x0000000008003380      0x48c ./Drivers/STM32G4xx_HAL_Driver/Src/stm32g4xx_hal_adc_ex.o
                0x0000000008003380                HAL_ADCEx_InjectedConfigChannel
 .text.HAL_ADCEx_MultiModeConfigChannel
                0x000000000800380c       0xc0 ./Drivers/STM32G4xx_HAL_Driver/Src/stm32g4xx_hal_adc_ex.o
                0x000000000800380c                HAL_ADCEx_MultiModeConfigChannel
 .text.HAL_CORDIC_Init
                0x00000000080038cc       0x32 ./Drivers/STM32G4xx_HAL_Driver/Src/stm32g4xx_hal_cordic.o
                0x00000000080038cc                HAL_CORDIC_Init
 *fill*         0x00000000080038fe        0x2 
 .text.HAL_NVIC_SetPriorityGrouping
                0x0000000008003900       0x24 ./Drivers/STM32G4xx_HAL_Driver/Src/stm32g4xx_hal_cortex.o
                0x0000000008003900                HAL_NVIC_SetPriorityGrouping
 .text.HAL_NVIC_SetPriority
                0x0000000008003924       0x64 ./Drivers/STM32G4xx_HAL_Driver/Src/stm32g4xx_hal_cortex.o
                0x0000000008003924                HAL_NVIC_SetPriority
 .text.HAL_NVIC_EnableIRQ
                0x0000000008003988       0x1c ./Drivers/STM32G4xx_HAL_Driver/Src/stm32g4xx_hal_cortex.o
                0x0000000008003988                HAL_NVIC_EnableIRQ
 .text.HAL_SYSTICK_Config
                0x00000000080039a4       0x28 ./Drivers/STM32G4xx_HAL_Driver/Src/stm32g4xx_hal_cortex.o
                0x00000000080039a4                HAL_SYSTICK_Config
 .text.HAL_DAC_Init
                0x00000000080039cc       0x26 ./Drivers/STM32G4xx_HAL_Driver/Src/stm32g4xx_hal_dac.o
                0x00000000080039cc                HAL_DAC_Init
 .text.HAL_DAC_DMAUnderrunCallbackCh1
                0x00000000080039f2        0x2 ./Drivers/STM32G4xx_HAL_Driver/Src/stm32g4xx_hal_dac.o
                0x00000000080039f2                HAL_DAC_DMAUnderrunCallbackCh1
 .text.HAL_DAC_IRQHandler
                0x00000000080039f4       0x64 ./Drivers/STM32G4xx_HAL_Driver/Src/stm32g4xx_hal_dac.o
                0x00000000080039f4                HAL_DAC_IRQHandler
 .text.HAL_DAC_ConfigChannel
                0x0000000008003a58      0x1d0 ./Drivers/STM32G4xx_HAL_Driver/Src/stm32g4xx_hal_dac.o
                0x0000000008003a58                HAL_DAC_ConfigChannel
 .text.HAL_DACEx_DMAUnderrunCallbackCh2
                0x0000000008003c28        0x2 ./Drivers/STM32G4xx_HAL_Driver/Src/stm32g4xx_hal_dac_ex.o
                0x0000000008003c28                HAL_DACEx_DMAUnderrunCallbackCh2
 .text.HAL_DMA_Abort
                0x0000000008003c2a       0x66 ./Drivers/STM32G4xx_HAL_Driver/Src/stm32g4xx_hal_dma.o
                0x0000000008003c2a                HAL_DMA_Abort
 .text.HAL_DMA_Abort_IT
                0x0000000008003c90       0x78 ./Drivers/STM32G4xx_HAL_Driver/Src/stm32g4xx_hal_dma.o
                0x0000000008003c90                HAL_DMA_Abort_IT
 .text.HAL_FDCAN_Init
                0x0000000008003d08      0x1c4 ./Drivers/STM32G4xx_HAL_Driver/Src/stm32g4xx_hal_fdcan.o
                0x0000000008003d08                HAL_FDCAN_Init
 .text.HAL_GPIO_Init
                0x0000000008003ecc      0x198 ./Drivers/STM32G4xx_HAL_Driver/Src/stm32g4xx_hal_gpio.o
                0x0000000008003ecc                HAL_GPIO_Init
 .text.HAL_GPIO_WritePin
                0x0000000008004064        0xa ./Drivers/STM32G4xx_HAL_Driver/Src/stm32g4xx_hal_gpio.o
                0x0000000008004064                HAL_GPIO_WritePin
 .text.HAL_GPIO_EXTI_Callback
                0x000000000800406e        0x2 ./Drivers/STM32G4xx_HAL_Driver/Src/stm32g4xx_hal_gpio.o
                0x000000000800406e                HAL_GPIO_EXTI_Callback
 .text.HAL_GPIO_EXTI_IRQHandler
                0x0000000008004070       0x18 ./Drivers/STM32G4xx_HAL_Driver/Src/stm32g4xx_hal_gpio.o
                0x0000000008004070                HAL_GPIO_EXTI_IRQHandler
 .text.HAL_PWREx_ControlVoltageScaling
                0x0000000008004088       0xb4 ./Drivers/STM32G4xx_HAL_Driver/Src/stm32g4xx_hal_pwr_ex.o
                0x0000000008004088                HAL_PWREx_ControlVoltageScaling
 .text.HAL_PWREx_DisableUCPDDeadBattery
                0x000000000800413c       0x10 ./Drivers/STM32G4xx_HAL_Driver/Src/stm32g4xx_hal_pwr_ex.o
                0x000000000800413c                HAL_PWREx_DisableUCPDDeadBattery
 .text.HAL_RCC_OscConfig
                0x000000000800414c      0x420 ./Drivers/STM32G4xx_HAL_Driver/Src/stm32g4xx_hal_rcc.o
                0x000000000800414c                HAL_RCC_OscConfig
 .text.HAL_RCC_GetSysClockFreq
                0x000000000800456c       0x6c ./Drivers/STM32G4xx_HAL_Driver/Src/stm32g4xx_hal_rcc.o
                0x000000000800456c                HAL_RCC_GetSysClockFreq
 .text.HAL_RCC_ClockConfig
                0x00000000080045d8      0x1e8 ./Drivers/STM32G4xx_HAL_Driver/Src/stm32g4xx_hal_rcc.o
                0x00000000080045d8                HAL_RCC_ClockConfig
 .text.HAL_RCC_GetHCLKFreq
                0x00000000080047c0        0xc ./Drivers/STM32G4xx_HAL_Driver/Src/stm32g4xx_hal_rcc.o
                0x00000000080047c0                HAL_RCC_GetHCLKFreq
 .text.HAL_RCC_GetPCLK1Freq
                0x00000000080047cc       0x24 ./Drivers/STM32G4xx_HAL_Driver/Src/stm32g4xx_hal_rcc.o
                0x00000000080047cc                HAL_RCC_GetPCLK1Freq
 .text.HAL_RCC_GetPCLK2Freq
                0x00000000080047f0       0x24 ./Drivers/STM32G4xx_HAL_Driver/Src/stm32g4xx_hal_rcc.o
                0x00000000080047f0                HAL_RCC_GetPCLK2Freq
 .text.HAL_RCCEx_PeriphCLKConfig
                0x0000000008004814      0x27c ./Drivers/STM32G4xx_HAL_Driver/Src/stm32g4xx_hal_rcc_ex.o
                0x0000000008004814                HAL_RCCEx_PeriphCLKConfig
 .text.SPI_WaitFifoStateUntilTimeout.constprop.0
                0x0000000008004a90       0xcc ./Drivers/STM32G4xx_HAL_Driver/Src/stm32g4xx_hal_spi.o
 .text.SPI_WaitFlagStateUntilTimeout.constprop.0
                0x0000000008004b5c       0xa4 ./Drivers/STM32G4xx_HAL_Driver/Src/stm32g4xx_hal_spi.o
 .text.SPI_EndRxTransaction
                0x0000000008004c00       0x72 ./Drivers/STM32G4xx_HAL_Driver/Src/stm32g4xx_hal_spi.o
 .text.SPI_EndRxTxTransaction
                0x0000000008004c72       0x4a ./Drivers/STM32G4xx_HAL_Driver/Src/stm32g4xx_hal_spi.o
 .text.HAL_SPI_Init
                0x0000000008004cbc       0xdc ./Drivers/STM32G4xx_HAL_Driver/Src/stm32g4xx_hal_spi.o
                0x0000000008004cbc                HAL_SPI_Init
 .text.HAL_SPI_Transmit
                0x0000000008004d98      0x192 ./Drivers/STM32G4xx_HAL_Driver/Src/stm32g4xx_hal_spi.o
                0x0000000008004d98                HAL_SPI_Transmit
 .text.HAL_SPI_TransmitReceive
                0x0000000008004f2a      0x258 ./Drivers/STM32G4xx_HAL_Driver/Src/stm32g4xx_hal_spi.o
                0x0000000008004f2a                HAL_SPI_TransmitReceive
 .text.HAL_SPI_Receive
                0x0000000008005182      0x170 ./Drivers/STM32G4xx_HAL_Driver/Src/stm32g4xx_hal_spi.o
                0x0000000008005182                HAL_SPI_Receive
 *fill*         0x00000000080052f2        0x2 
 .text.TIM_OC1_SetConfig
                0x00000000080052f4       0x98 ./Drivers/STM32G4xx_HAL_Driver/Src/stm32g4xx_hal_tim.o
 .text.TIM_OC3_SetConfig
                0x000000000800538c       0x88 ./Drivers/STM32G4xx_HAL_Driver/Src/stm32g4xx_hal_tim.o
 .text.TIM_OC4_SetConfig
                0x0000000008005414       0x8c ./Drivers/STM32G4xx_HAL_Driver/Src/stm32g4xx_hal_tim.o
 .text.TIM_OC5_SetConfig
                0x00000000080054a0       0x68 ./Drivers/STM32G4xx_HAL_Driver/Src/stm32g4xx_hal_tim.o
 .text.TIM_OC6_SetConfig
                0x0000000008005508       0x68 ./Drivers/STM32G4xx_HAL_Driver/Src/stm32g4xx_hal_tim.o
 .text.HAL_TIM_PWM_MspInit
                0x0000000008005570        0x2 ./Drivers/STM32G4xx_HAL_Driver/Src/stm32g4xx_hal_tim.o
                0x0000000008005570                HAL_TIM_PWM_MspInit
 .text.HAL_TIM_Encoder_Start_IT
                0x0000000008005572       0xde ./Drivers/STM32G4xx_HAL_Driver/Src/stm32g4xx_hal_tim.o
                0x0000000008005572                HAL_TIM_Encoder_Start_IT
 .text.HAL_TIM_PeriodElapsedCallback
                0x0000000008005650        0x2 ./Drivers/STM32G4xx_HAL_Driver/Src/stm32g4xx_hal_tim.o
                0x0000000008005650                HAL_TIM_PeriodElapsedCallback
 .text.HAL_TIM_OC_DelayElapsedCallback
                0x0000000008005652        0x2 ./Drivers/STM32G4xx_HAL_Driver/Src/stm32g4xx_hal_tim.o
                0x0000000008005652                HAL_TIM_OC_DelayElapsedCallback
 .text.HAL_TIM_IC_CaptureCallback
                0x0000000008005654        0x2 ./Drivers/STM32G4xx_HAL_Driver/Src/stm32g4xx_hal_tim.o
                0x0000000008005654                HAL_TIM_IC_CaptureCallback
 .text.HAL_TIM_PWM_PulseFinishedCallback
                0x0000000008005656        0x2 ./Drivers/STM32G4xx_HAL_Driver/Src/stm32g4xx_hal_tim.o
                0x0000000008005656                HAL_TIM_PWM_PulseFinishedCallback
 .text.HAL_TIM_TriggerCallback
                0x0000000008005658        0x2 ./Drivers/STM32G4xx_HAL_Driver/Src/stm32g4xx_hal_tim.o
                0x0000000008005658                HAL_TIM_TriggerCallback
 .text.HAL_TIM_IRQHandler
                0x000000000800565a      0x1ce ./Drivers/STM32G4xx_HAL_Driver/Src/stm32g4xx_hal_tim.o
                0x000000000800565a                HAL_TIM_IRQHandler
 .text.TIM_Base_SetConfig
                0x0000000008005828       0xbc ./Drivers/STM32G4xx_HAL_Driver/Src/stm32g4xx_hal_tim.o
                0x0000000008005828                TIM_Base_SetConfig
 .text.HAL_TIM_Base_Init
                0x00000000080058e4       0x60 ./Drivers/STM32G4xx_HAL_Driver/Src/stm32g4xx_hal_tim.o
                0x00000000080058e4                HAL_TIM_Base_Init
 .text.HAL_TIM_PWM_Init
                0x0000000008005944       0x60 ./Drivers/STM32G4xx_HAL_Driver/Src/stm32g4xx_hal_tim.o
                0x0000000008005944                HAL_TIM_PWM_Init
 .text.HAL_TIM_Encoder_Init
                0x00000000080059a4       0xaa ./Drivers/STM32G4xx_HAL_Driver/Src/stm32g4xx_hal_tim.o
                0x00000000080059a4                HAL_TIM_Encoder_Init
 *fill*         0x0000000008005a4e        0x2 
 .text.TIM_OC2_SetConfig
                0x0000000008005a50       0x8c ./Drivers/STM32G4xx_HAL_Driver/Src/stm32g4xx_hal_tim.o
                0x0000000008005a50                TIM_OC2_SetConfig
 .text.HAL_TIM_PWM_ConfigChannel
                0x0000000008005adc      0x104 ./Drivers/STM32G4xx_HAL_Driver/Src/stm32g4xx_hal_tim.o
                0x0000000008005adc                HAL_TIM_PWM_ConfigChannel
 .text.TIM_ETR_SetConfig
                0x0000000008005be0       0x14 ./Drivers/STM32G4xx_HAL_Driver/Src/stm32g4xx_hal_tim.o
                0x0000000008005be0                TIM_ETR_SetConfig
 .text.HAL_TIM_ConfigClockSource
                0x0000000008005bf4      0x180 ./Drivers/STM32G4xx_HAL_Driver/Src/stm32g4xx_hal_tim.o
                0x0000000008005bf4                HAL_TIM_ConfigClockSource
 .text.TIM_CCxChannelCmd
                0x0000000008005d74       0x1c ./Drivers/STM32G4xx_HAL_Driver/Src/stm32g4xx_hal_tim.o
                0x0000000008005d74                TIM_CCxChannelCmd
 .text.HAL_TIM_OC_Start_IT
                0x0000000008005d90      0x130 ./Drivers/STM32G4xx_HAL_Driver/Src/stm32g4xx_hal_tim.o
                0x0000000008005d90                HAL_TIM_OC_Start_IT
 .text.HAL_TIM_PWM_Start_IT
                0x0000000008005ec0        0x4 ./Drivers/STM32G4xx_HAL_Driver/Src/stm32g4xx_hal_tim.o
                0x0000000008005ec0                HAL_TIM_PWM_Start_IT
 .text.TIM_CCxNChannelCmd
                0x0000000008005ec4       0x1c ./Drivers/STM32G4xx_HAL_Driver/Src/stm32g4xx_hal_tim_ex.o
 .text.HAL_TIMEx_OCN_Start_IT
                0x0000000008005ee0       0xec ./Drivers/STM32G4xx_HAL_Driver/Src/stm32g4xx_hal_tim_ex.o
                0x0000000008005ee0                HAL_TIMEx_OCN_Start_IT
 .text.HAL_TIMEx_PWMN_Start_IT
                0x0000000008005fcc        0x4 ./Drivers/STM32G4xx_HAL_Driver/Src/stm32g4xx_hal_tim_ex.o
                0x0000000008005fcc                HAL_TIMEx_PWMN_Start_IT
 .text.HAL_TIMEx_MasterConfigSynchronization
                0x0000000008005fd0       0x88 ./Drivers/STM32G4xx_HAL_Driver/Src/stm32g4xx_hal_tim_ex.o
                0x0000000008005fd0                HAL_TIMEx_MasterConfigSynchronization
 .text.HAL_TIMEx_ConfigBreakDeadTime
                0x0000000008006058       0xb0 ./Drivers/STM32G4xx_HAL_Driver/Src/stm32g4xx_hal_tim_ex.o
                0x0000000008006058                HAL_TIMEx_ConfigBreakDeadTime
 .text.HAL_TIMEx_CommutCallback
                0x0000000008006108        0x2 ./Drivers/STM32G4xx_HAL_Driver/Src/stm32g4xx_hal_tim_ex.o
                0x0000000008006108                HAL_TIMEx_CommutCallback
 .text.HAL_TIMEx_BreakCallback
                0x000000000800610a        0x2 ./Drivers/STM32G4xx_HAL_Driver/Src/stm32g4xx_hal_tim_ex.o
                0x000000000800610a                HAL_TIMEx_BreakCallback
 .text.HAL_TIMEx_Break2Callback
                0x000000000800610c        0x2 ./Drivers/STM32G4xx_HAL_Driver/Src/stm32g4xx_hal_tim_ex.o
                0x000000000800610c                HAL_TIMEx_Break2Callback
 .text.HAL_TIMEx_EncoderIndexCallback
                0x000000000800610e        0x2 ./Drivers/STM32G4xx_HAL_Driver/Src/stm32g4xx_hal_tim_ex.o
                0x000000000800610e                HAL_TIMEx_EncoderIndexCallback
 .text.HAL_TIMEx_DirectionChangeCallback
                0x0000000008006110        0x2 ./Drivers/STM32G4xx_HAL_Driver/Src/stm32g4xx_hal_tim_ex.o
                0x0000000008006110                HAL_TIMEx_DirectionChangeCallback
 .text.HAL_TIMEx_IndexErrorCallback
                0x0000000008006112        0x2 ./Drivers/STM32G4xx_HAL_Driver/Src/stm32g4xx_hal_tim_ex.o
                0x0000000008006112                HAL_TIMEx_IndexErrorCallback
 .text.HAL_TIMEx_TransitionErrorCallback
                0x0000000008006114        0x2 ./Drivers/STM32G4xx_HAL_Driver/Src/stm32g4xx_hal_tim_ex.o
                0x0000000008006114                HAL_TIMEx_TransitionErrorCallback
 *fill*         0x0000000008006116        0x2 
 .text.UART_EndRxTransfer
                0x0000000008006118       0x58 ./Drivers/STM32G4xx_HAL_Driver/Src/stm32g4xx_hal_uart.o
 .text.HAL_UART_TxCpltCallback
                0x0000000008006170        0x2 ./Drivers/STM32G4xx_HAL_Driver/Src/stm32g4xx_hal_uart.o
                0x0000000008006170                HAL_UART_TxCpltCallback
 .text.HAL_UART_ErrorCallback
                0x0000000008006172        0x2 ./Drivers/STM32G4xx_HAL_Driver/Src/stm32g4xx_hal_uart.o
                0x0000000008006172                HAL_UART_ErrorCallback
 .text.UART_DMAAbortOnError
                0x0000000008006174       0x14 ./Drivers/STM32G4xx_HAL_Driver/Src/stm32g4xx_hal_uart.o
 .text.HAL_UARTEx_RxEventCallback
                0x0000000008006188        0x2 ./Drivers/STM32G4xx_HAL_Driver/Src/stm32g4xx_hal_uart.o
                0x0000000008006188                HAL_UARTEx_RxEventCallback
 *fill*         0x000000000800618a        0x2 
 .text.HAL_UART_IRQHandler
                0x000000000800618c      0x2e8 ./Drivers/STM32G4xx_HAL_Driver/Src/stm32g4xx_hal_uart.o
                0x000000000800618c                HAL_UART_IRQHandler
 .text.UART_SetConfig
                0x0000000008006474      0x294 ./Drivers/STM32G4xx_HAL_Driver/Src/stm32g4xx_hal_uart.o
                0x0000000008006474                UART_SetConfig
 .text.UART_AdvFeatureConfig
                0x0000000008006708       0xa8 ./Drivers/STM32G4xx_HAL_Driver/Src/stm32g4xx_hal_uart.o
                0x0000000008006708                UART_AdvFeatureConfig
 .text.UART_WaitOnFlagUntilTimeout
                0x00000000080067b0       0xc4 ./Drivers/STM32G4xx_HAL_Driver/Src/stm32g4xx_hal_uart.o
                0x00000000080067b0                UART_WaitOnFlagUntilTimeout
 .text.HAL_UART_Transmit
                0x0000000008006874       0xba ./Drivers/STM32G4xx_HAL_Driver/Src/stm32g4xx_hal_uart.o
                0x0000000008006874                HAL_UART_Transmit
 .text.UART_CheckIdleState
                0x000000000800692e       0x6a ./Drivers/STM32G4xx_HAL_Driver/Src/stm32g4xx_hal_uart.o
                0x000000000800692e                UART_CheckIdleState
 .text.HAL_UART_Init
                0x0000000008006998       0x60 ./Drivers/STM32G4xx_HAL_Driver/Src/stm32g4xx_hal_uart.o
                0x0000000008006998                HAL_UART_Init
 .text.UARTEx_SetNbDataToProcess
                0x00000000080069f8       0x44 ./Drivers/STM32G4xx_HAL_Driver/Src/stm32g4xx_hal_uart_ex.o
 .text.HAL_UARTEx_WakeupCallback
                0x0000000008006a3c        0x2 ./Drivers/STM32G4xx_HAL_Driver/Src/stm32g4xx_hal_uart_ex.o
                0x0000000008006a3c                HAL_UARTEx_WakeupCallback
 .text.HAL_UARTEx_RxFifoFullCallback
                0x0000000008006a3e        0x2 ./Drivers/STM32G4xx_HAL_Driver/Src/stm32g4xx_hal_uart_ex.o
                0x0000000008006a3e                HAL_UARTEx_RxFifoFullCallback
 .text.HAL_UARTEx_TxFifoEmptyCallback
                0x0000000008006a40        0x2 ./Drivers/STM32G4xx_HAL_Driver/Src/stm32g4xx_hal_uart_ex.o
                0x0000000008006a40                HAL_UARTEx_TxFifoEmptyCallback
 .text.HAL_UARTEx_DisableFifoMode
                0x0000000008006a42       0x36 ./Drivers/STM32G4xx_HAL_Driver/Src/stm32g4xx_hal_uart_ex.o
                0x0000000008006a42                HAL_UARTEx_DisableFifoMode
 .text.HAL_UARTEx_SetTxFifoThreshold
                0x0000000008006a78       0x48 ./Drivers/STM32G4xx_HAL_Driver/Src/stm32g4xx_hal_uart_ex.o
                0x0000000008006a78                HAL_UARTEx_SetTxFifoThreshold
 .text.HAL_UARTEx_SetRxFifoThreshold
                0x0000000008006ac0       0x48 ./Drivers/STM32G4xx_HAL_Driver/Src/stm32g4xx_hal_uart_ex.o
                0x0000000008006ac0                HAL_UARTEx_SetRxFifoThreshold
 .text.__libc_init_array
                0x0000000008006b08       0x48 d:/stm32cubeide_1.8.0/stm32cubeide/plugins/com.st.stm32cube.ide.mcu.externaltools.gnu-tools-for-stm32.10.3-2021.10.win32_1.0.0.202111181127/tools/bin/../lib/gcc/arm-none-eabi/10.3.1/../../../../arm-none-eabi/lib/thumb/v7e-m+fp/hard\libc_nano.a(lib_a-init.o)
                0x0000000008006b08                __libc_init_array
 .text.memset   0x0000000008006b50       0x10 d:/stm32cubeide_1.8.0/stm32cubeide/plugins/com.st.stm32cube.ide.mcu.externaltools.gnu-tools-for-stm32.10.3-2021.10.win32_1.0.0.202111181127/tools/bin/../lib/gcc/arm-none-eabi/10.3.1/../../../../arm-none-eabi/lib/thumb/v7e-m+fp/hard\libc_nano.a(lib_a-memset.o)
                0x0000000008006b50                memset
 .text.cos      0x0000000008006b60       0xa8 d:/stm32cubeide_1.8.0/stm32cubeide/plugins/com.st.stm32cube.ide.mcu.externaltools.gnu-tools-for-stm32.10.3-2021.10.win32_1.0.0.202111181127/tools/bin/../lib/gcc/arm-none-eabi/10.3.1/../../../../arm-none-eabi/lib/thumb/v7e-m+fp/hard\libm.a(lib_a-s_cos.o)
                0x0000000008006b60                cos
 .text.sin      0x0000000008006c08       0xb0 d:/stm32cubeide_1.8.0/stm32cubeide/plugins/com.st.stm32cube.ide.mcu.externaltools.gnu-tools-for-stm32.10.3-2021.10.win32_1.0.0.202111181127/tools/bin/../lib/gcc/arm-none-eabi/10.3.1/../../../../arm-none-eabi/lib/thumb/v7e-m+fp/hard\libm.a(lib_a-s_sin.o)
                0x0000000008006c08                sin
 .text.__ieee754_rem_pio2
                0x0000000008006cb8      0x418 d:/stm32cubeide_1.8.0/stm32cubeide/plugins/com.st.stm32cube.ide.mcu.externaltools.gnu-tools-for-stm32.10.3-2021.10.win32_1.0.0.202111181127/tools/bin/../lib/gcc/arm-none-eabi/10.3.1/../../../../arm-none-eabi/lib/thumb/v7e-m+fp/hard\libm.a(lib_a-e_rem_pio2.o)
                0x0000000008006cb8                __ieee754_rem_pio2
 .text.__kernel_cos
                0x00000000080070d0      0x18c d:/stm32cubeide_1.8.0/stm32cubeide/plugins/com.st.stm32cube.ide.mcu.externaltools.gnu-tools-for-stm32.10.3-2021.10.win32_1.0.0.202111181127/tools/bin/../lib/gcc/arm-none-eabi/10.3.1/../../../../arm-none-eabi/lib/thumb/v7e-m+fp/hard\libm.a(lib_a-k_cos.o)
                0x00000000080070d0                __kernel_cos
 *fill*         0x000000000800725c        0x4 
 .text.__kernel_rem_pio2
                0x0000000008007260      0x69c d:/stm32cubeide_1.8.0/stm32cubeide/plugins/com.st.stm32cube.ide.mcu.externaltools.gnu-tools-for-stm32.10.3-2021.10.win32_1.0.0.202111181127/tools/bin/../lib/gcc/arm-none-eabi/10.3.1/../../../../arm-none-eabi/lib/thumb/v7e-m+fp/hard\libm.a(lib_a-k_rem_pio2.o)
                0x0000000008007260                __kernel_rem_pio2
 *fill*         0x00000000080078fc        0x4 
 .text.__kernel_sin
                0x0000000008007900      0x17c d:/stm32cubeide_1.8.0/stm32cubeide/plugins/com.st.stm32cube.ide.mcu.externaltools.gnu-tools-for-stm32.10.3-2021.10.win32_1.0.0.202111181127/tools/bin/../lib/gcc/arm-none-eabi/10.3.1/../../../../arm-none-eabi/lib/thumb/v7e-m+fp/hard\libm.a(lib_a-k_sin.o)
                0x0000000008007900                __kernel_sin
 .text.fabs     0x0000000008007a7c       0x12 d:/stm32cubeide_1.8.0/stm32cubeide/plugins/com.st.stm32cube.ide.mcu.externaltools.gnu-tools-for-stm32.10.3-2021.10.win32_1.0.0.202111181127/tools/bin/../lib/gcc/arm-none-eabi/10.3.1/../../../../arm-none-eabi/lib/thumb/v7e-m+fp/hard\libm.a(lib_a-s_fabs.o)
                0x0000000008007a7c                fabs
 *fill*         0x0000000008007a8e        0x2 
 .text.floor    0x0000000008007a90      0x100 d:/stm32cubeide_1.8.0/stm32cubeide/plugins/com.st.stm32cube.ide.mcu.externaltools.gnu-tools-for-stm32.10.3-2021.10.win32_1.0.0.202111181127/tools/bin/../lib/gcc/arm-none-eabi/10.3.1/../../../../arm-none-eabi/lib/thumb/v7e-m+fp/hard\libm.a(lib_a-s_floor.o)
                0x0000000008007a90                floor
 .text.scalbn   0x0000000008007b90      0x10c d:/stm32cubeide_1.8.0/stm32cubeide/plugins/com.st.stm32cube.ide.mcu.externaltools.gnu-tools-for-stm32.10.3-2021.10.win32_1.0.0.202111181127/tools/bin/../lib/gcc/arm-none-eabi/10.3.1/../../../../arm-none-eabi/lib/thumb/v7e-m+fp/hard\libm.a(lib_a-s_scalbn.o)
                0x0000000008007b90                scalbn
 *(.glue_7)
 .glue_7        0x0000000008007c9c        0x0 linker stubs
 *(.glue_7t)
 .glue_7t       0x0000000008007c9c        0x0 linker stubs
 *(.eh_frame)
 .eh_frame      0x0000000008007c9c        0x0 d:/stm32cubeide_1.8.0/stm32cubeide/plugins/com.st.stm32cube.ide.mcu.externaltools.gnu-tools-for-stm32.10.3-2021.10.win32_1.0.0.202111181127/tools/bin/../lib/gcc/arm-none-eabi/10.3.1/thumb/v7e-m+fp/hard/crtbegin.o
 *(.init)
 .init          0x0000000008007c9c        0x4 d:/stm32cubeide_1.8.0/stm32cubeide/plugins/com.st.stm32cube.ide.mcu.externaltools.gnu-tools-for-stm32.10.3-2021.10.win32_1.0.0.202111181127/tools/bin/../lib/gcc/arm-none-eabi/10.3.1/thumb/v7e-m+fp/hard/crti.o
                0x0000000008007c9c                _init
 .init          0x0000000008007ca0        0x8 d:/stm32cubeide_1.8.0/stm32cubeide/plugins/com.st.stm32cube.ide.mcu.externaltools.gnu-tools-for-stm32.10.3-2021.10.win32_1.0.0.202111181127/tools/bin/../lib/gcc/arm-none-eabi/10.3.1/thumb/v7e-m+fp/hard/crtn.o
 *(.fini)
 .fini          0x0000000008007ca8        0x4 d:/stm32cubeide_1.8.0/stm32cubeide/plugins/com.st.stm32cube.ide.mcu.externaltools.gnu-tools-for-stm32.10.3-2021.10.win32_1.0.0.202111181127/tools/bin/../lib/gcc/arm-none-eabi/10.3.1/thumb/v7e-m+fp/hard/crti.o
                0x0000000008007ca8                _fini
 .fini          0x0000000008007cac        0x8 d:/stm32cubeide_1.8.0/stm32cubeide/plugins/com.st.stm32cube.ide.mcu.externaltools.gnu-tools-for-stm32.10.3-2021.10.win32_1.0.0.202111181127/tools/bin/../lib/gcc/arm-none-eabi/10.3.1/thumb/v7e-m+fp/hard/crtn.o
                0x0000000008007cb4                . = ALIGN (0x4)
                0x0000000008007cb4                _etext = .

.vfp11_veneer   0x0000000008007cb4        0x0
 .vfp11_veneer  0x0000000008007cb4        0x0 linker stubs

.v4_bx          0x0000000008007cb4        0x0
 .v4_bx         0x0000000008007cb4        0x0 linker stubs

.iplt           0x0000000008007cb4        0x0
 .iplt          0x0000000008007cb4        0x0 d:/stm32cubeide_1.8.0/stm32cubeide/plugins/com.st.stm32cube.ide.mcu.externaltools.gnu-tools-for-stm32.10.3-2021.10.win32_1.0.0.202111181127/tools/bin/../lib/gcc/arm-none-eabi/10.3.1/thumb/v7e-m+fp/hard/crtbegin.o

.rodata         0x0000000008007cb8      0x228
                0x0000000008007cb8                . = ALIGN (0x4)
 *(.rodata)
 *(.rodata*)
 .rodata.AHBPrescTable
                0x0000000008007cb8       0x10 ./Core/Src/system_stm32g4xx.o
                0x0000000008007cb8                AHBPrescTable
 .rodata.APBPrescTable
                0x0000000008007cc8        0x8 ./Core/Src/system_stm32g4xx.o
                0x0000000008007cc8                APBPrescTable
 .rodata.CSWTCH.60
                0x0000000008007cd0        0x3 ./Drivers/STM32G4xx_HAL_Driver/Src/stm32g4xx_hal_uart.o
 .rodata.CSWTCH.61
                0x0000000008007cd3        0xd ./Drivers/STM32G4xx_HAL_Driver/Src/stm32g4xx_hal_uart.o
 .rodata.UARTPrescTable
                0x0000000008007ce0       0x18 ./Drivers/STM32G4xx_HAL_Driver/Src/stm32g4xx_hal_uart.o
                0x0000000008007ce0                UARTPrescTable
 .rodata.denominator.0
                0x0000000008007cf8        0x8 ./Drivers/STM32G4xx_HAL_Driver/Src/stm32g4xx_hal_uart_ex.o
 .rodata.numerator.1
                0x0000000008007d00        0x8 ./Drivers/STM32G4xx_HAL_Driver/Src/stm32g4xx_hal_uart_ex.o
 .rodata.npio2_hw
                0x0000000008007d08       0x80 d:/stm32cubeide_1.8.0/stm32cubeide/plugins/com.st.stm32cube.ide.mcu.externaltools.gnu-tools-for-stm32.10.3-2021.10.win32_1.0.0.202111181127/tools/bin/../lib/gcc/arm-none-eabi/10.3.1/../../../../arm-none-eabi/lib/thumb/v7e-m+fp/hard\libm.a(lib_a-e_rem_pio2.o)
 .rodata.two_over_pi
                0x0000000008007d88      0x108 d:/stm32cubeide_1.8.0/stm32cubeide/plugins/com.st.stm32cube.ide.mcu.externaltools.gnu-tools-for-stm32.10.3-2021.10.win32_1.0.0.202111181127/tools/bin/../lib/gcc/arm-none-eabi/10.3.1/../../../../arm-none-eabi/lib/thumb/v7e-m+fp/hard\libm.a(lib_a-e_rem_pio2.o)
 .rodata.PIo2   0x0000000008007e90       0x40 d:/stm32cubeide_1.8.0/stm32cubeide/plugins/com.st.stm32cube.ide.mcu.externaltools.gnu-tools-for-stm32.10.3-2021.10.win32_1.0.0.202111181127/tools/bin/../lib/gcc/arm-none-eabi/10.3.1/../../../../arm-none-eabi/lib/thumb/v7e-m+fp/hard\libm.a(lib_a-k_rem_pio2.o)
 .rodata.init_jk
                0x0000000008007ed0       0x10 d:/stm32cubeide_1.8.0/stm32cubeide/plugins/com.st.stm32cube.ide.mcu.externaltools.gnu-tools-for-stm32.10.3-2021.10.win32_1.0.0.202111181127/tools/bin/../lib/gcc/arm-none-eabi/10.3.1/../../../../arm-none-eabi/lib/thumb/v7e-m+fp/hard\libm.a(lib_a-k_rem_pio2.o)
                0x0000000008007ee0                . = ALIGN (0x4)

.ARM.extab      0x0000000008007ee0        0x0
                0x0000000008007ee0                . = ALIGN (0x4)
 *(.ARM.extab* .gnu.linkonce.armextab.*)
                0x0000000008007ee0                . = ALIGN (0x4)

.ARM            0x0000000008007ee0        0x8
                0x0000000008007ee0                . = ALIGN (0x4)
                0x0000000008007ee0                __exidx_start = .
 *(.ARM.exidx*)
 .ARM.exidx     0x0000000008007ee0        0x8 d:/stm32cubeide_1.8.0/stm32cubeide/plugins/com.st.stm32cube.ide.mcu.externaltools.gnu-tools-for-stm32.10.3-2021.10.win32_1.0.0.202111181127/tools/bin/../lib/gcc/arm-none-eabi/10.3.1/thumb/v7e-m+fp/hard\libgcc.a(_udivmoddi4.o)
                0x0000000008007ee8                __exidx_end = .
                0x0000000008007ee8                . = ALIGN (0x4)

.rel.dyn        0x0000000008007ee8        0x0
 .rel.iplt      0x0000000008007ee8        0x0 d:/stm32cubeide_1.8.0/stm32cubeide/plugins/com.st.stm32cube.ide.mcu.externaltools.gnu-tools-for-stm32.10.3-2021.10.win32_1.0.0.202111181127/tools/bin/../lib/gcc/arm-none-eabi/10.3.1/thumb/v7e-m+fp/hard/crtbegin.o

.preinit_array  0x0000000008007ee8        0x0
                0x0000000008007ee8                . = ALIGN (0x4)
                0x0000000008007ee8                PROVIDE (__preinit_array_start = .)
 *(.preinit_array*)
                0x0000000008007ee8                PROVIDE (__preinit_array_end = .)
                0x0000000008007ee8                . = ALIGN (0x4)

.init_array     0x0000000008007ee8        0x4
                0x0000000008007ee8                . = ALIGN (0x4)
                0x0000000008007ee8                PROVIDE (__init_array_start = .)
 *(SORT_BY_NAME(.init_array.*))
 *(.init_array*)
 .init_array    0x0000000008007ee8        0x4 d:/stm32cubeide_1.8.0/stm32cubeide/plugins/com.st.stm32cube.ide.mcu.externaltools.gnu-tools-for-stm32.10.3-2021.10.win32_1.0.0.202111181127/tools/bin/../lib/gcc/arm-none-eabi/10.3.1/thumb/v7e-m+fp/hard/crtbegin.o
                0x0000000008007eec                PROVIDE (__init_array_end = .)
                0x0000000008007eec                . = ALIGN (0x4)

.fini_array     0x0000000008007eec        0x4
                0x0000000008007eec                . = ALIGN (0x4)
                [!provide]                        PROVIDE (__fini_array_start = .)
 *(SORT_BY_NAME(.fini_array.*))
 *(.fini_array*)
 .fini_array    0x0000000008007eec        0x4 d:/stm32cubeide_1.8.0/stm32cubeide/plugins/com.st.stm32cube.ide.mcu.externaltools.gnu-tools-for-stm32.10.3-2021.10.win32_1.0.0.202111181127/tools/bin/../lib/gcc/arm-none-eabi/10.3.1/thumb/v7e-m+fp/hard/crtbegin.o
                [!provide]                        PROVIDE (__fini_array_end = .)
                0x0000000008007ef0                . = ALIGN (0x4)
                0x0000000008007ef0                _sidata = LOADADDR (.data)

.data           0x0000000020000000       0x48 load address 0x0000000008007ef0
                0x0000000020000000                . = ALIGN (0x4)
                0x0000000020000000                _sdata = .
 *(.data)
 *(.data*)
 .data.FOC_ON   0x0000000020000000        0x1 ./Core/Src/Zmienna_Motor.o
                0x0000000020000000                FOC_ON
 *fill*         0x0000000020000001        0x3 
 .data.Ki       0x0000000020000004        0x4 ./Core/Src/Zmienna_Motor.o
                0x0000000020000004                Ki
 .data.Kp       0x0000000020000008        0x4 ./Core/Src/Zmienna_Motor.o
                0x0000000020000008                Kp
 .data.MAGNITUDE
                0x000000002000000c        0x4 ./Core/Src/Zmienna_Motor.o
                0x000000002000000c                MAGNITUDE
 .data.PI_prad_d_KI
                0x0000000020000010        0x4 ./Core/Src/Zmienna_Motor.o
                0x0000000020000010                PI_prad_d_KI
 .data.PI_prad_d_KP
                0x0000000020000014        0x4 ./Core/Src/Zmienna_Motor.o
                0x0000000020000014                PI_prad_d_KP
 .data.PI_prad_q_KI
                0x0000000020000018        0x4 ./Core/Src/Zmienna_Motor.o
                0x0000000020000018                PI_prad_q_KI
 .data.PI_prad_q_KP
                0x000000002000001c        0x4 ./Core/Src/Zmienna_Motor.o
                0x000000002000001c                PI_prad_q_KP
 .data.rpm_speed_zad
                0x0000000020000020        0x2 ./Core/Src/Zmienna_Motor.o
                0x0000000020000020                rpm_speed_zad
 .data.REG_ANGLECOM_ADR
                0x0000000020000022        0x2 ./Core/Src/main.o
                0x0000000020000022                REG_ANGLECOM_ADR
 .data.REG_ANGLEUNC_ADR
                0x0000000020000024        0x2 ./Core/Src/main.o
                0x0000000020000024                REG_ANGLEUNC_ADR
 .data.REG_DIAAGC_ADR
                0x0000000020000026        0x2 ./Core/Src/main.o
                0x0000000020000026                REG_DIAAGC_ADR
 .data.SPI_bufor_tx
                0x0000000020000028        0x8 ./Core/Src/main.o
                0x0000000020000028                SPI_bufor_tx
 .data.bufor_tx
                0x0000000020000030        0x8 ./Core/Src/main.o
                0x0000000020000030                bufor_tx
 .data.tryb_speed_m
                0x0000000020000038        0x1 ./Core/Src/main.o
                0x0000000020000038                tryb_speed_m
 *fill*         0x0000000020000039        0x3 
 .data.SystemCoreClock
                0x000000002000003c        0x4 ./Core/Src/system_stm32g4xx.o
                0x000000002000003c                SystemCoreClock
 .data.uwTickFreq
                0x0000000020000040        0x4 ./Drivers/STM32G4xx_HAL_Driver/Src/stm32g4xx_hal.o
                0x0000000020000040                uwTickFreq
 .data.uwTickPrio
                0x0000000020000044        0x4 ./Drivers/STM32G4xx_HAL_Driver/Src/stm32g4xx_hal.o
                0x0000000020000044                uwTickPrio
 *(.RamFunc)
 *(.RamFunc*)
                0x0000000020000048                . = ALIGN (0x4)
                0x0000000020000048                _edata = .

.igot.plt       0x0000000020000048        0x0 load address 0x0000000008007f38
 .igot.plt      0x0000000020000048        0x0 d:/stm32cubeide_1.8.0/stm32cubeide/plugins/com.st.stm32cube.ide.mcu.externaltools.gnu-tools-for-stm32.10.3-2021.10.win32_1.0.0.202111181127/tools/bin/../lib/gcc/arm-none-eabi/10.3.1/thumb/v7e-m+fp/hard/crtbegin.o
                0x0000000020000048                . = ALIGN (0x4)

.bss            0x0000000020000048     0x1c34 load address 0x0000000008007f38
                0x0000000020000048                _sbss = .
                0x0000000020000048                __bss_start__ = _sbss
 *(.bss)
 .bss           0x0000000020000048       0x1c d:/stm32cubeide_1.8.0/stm32cubeide/plugins/com.st.stm32cube.ide.mcu.externaltools.gnu-tools-for-stm32.10.3-2021.10.win32_1.0.0.202111181127/tools/bin/../lib/gcc/arm-none-eabi/10.3.1/thumb/v7e-m+fp/hard/crtbegin.o
 *(.bss*)
 .bss.Electric_Angle_off
                0x0000000020000064        0x2 ./Core/Src/Zmienna_Motor.o
                0x0000000020000064                Electric_Angle_off
 *fill*         0x0000000020000066        0x2 
 .bss.KI_OUT    0x0000000020000068        0x4 ./Core/Src/Zmienna_Motor.o
                0x0000000020000068                KI_OUT
 .bss.KI_OUT_d  0x000000002000006c        0x4 ./Core/Src/Zmienna_Motor.o
                0x000000002000006c                KI_OUT_d
 .bss.PI_VD_out
                0x0000000020000070        0x4 ./Core/Src/Zmienna_Motor.o
                0x0000000020000070                PI_VD_out
 .bss.PI_VQ_out
                0x0000000020000074        0x4 ./Core/Src/Zmienna_Motor.o
                0x0000000020000074                PI_VQ_out
 .bss.PI_duty   0x0000000020000078        0x2 ./Core/Src/Zmienna_Motor.o
                0x0000000020000078                PI_duty
 *fill*         0x000000002000007a        0x2 
 .bss.PI_out    0x000000002000007c        0x4 ./Core/Src/Zmienna_Motor.o
                0x000000002000007c                PI_out
 .bss.PI_out_regul
                0x0000000020000080        0x4 ./Core/Src/Zmienna_Motor.o
                0x0000000020000080                PI_out_regul
 .bss.PI_prad_d_sumuchyb
                0x0000000020000084        0x4 ./Core/Src/Zmienna_Motor.o
                0x0000000020000084                PI_prad_d_sumuchyb
 .bss.PI_prad_d_uchyb
                0x0000000020000088        0x4 ./Core/Src/Zmienna_Motor.o
                0x0000000020000088                PI_prad_d_uchyb
 .bss.PI_prad_q_sumuchyb
                0x000000002000008c        0x4 ./Core/Src/Zmienna_Motor.o
                0x000000002000008c                PI_prad_q_sumuchyb
 .bss.PI_prad_q_uchyb
                0x0000000020000090        0x4 ./Core/Src/Zmienna_Motor.o
                0x0000000020000090                PI_prad_q_uchyb
 .bss.PI_regul_on
                0x0000000020000094        0x1 ./Core/Src/Zmienna_Motor.o
                0x0000000020000094                PI_regul_on
 *fill*         0x0000000020000095        0x3 
 .bss.PI_speed_error
                0x0000000020000098        0x4 ./Core/Src/Zmienna_Motor.o
                0x0000000020000098                PI_speed_error
 .bss.PI_speed_error_sum
                0x000000002000009c        0x4 ./Core/Src/Zmienna_Motor.o
                0x000000002000009c                PI_speed_error_sum
 .bss.POSTION   0x00000000200000a0       0x1c ./Core/Src/Zmienna_Motor.o
                0x00000000200000a0                POSTION
 .bss.PWM_U     0x00000000200000bc        0x2 ./Core/Src/Zmienna_Motor.o
                0x00000000200000bc                PWM_U
 .bss.PWM_U_TIM
                0x00000000200000be        0x2 ./Core/Src/Zmienna_Motor.o
                0x00000000200000be                PWM_U_TIM
 .bss.PWM_V     0x00000000200000c0        0x2 ./Core/Src/Zmienna_Motor.o
                0x00000000200000c0                PWM_V
 .bss.PWM_V_TIM
                0x00000000200000c2        0x2 ./Core/Src/Zmienna_Motor.o
                0x00000000200000c2                PWM_V_TIM
 .bss.PWM_W     0x00000000200000c4        0x2 ./Core/Src/Zmienna_Motor.o
                0x00000000200000c4                PWM_W
 .bss.PWM_W_TIM
                0x00000000200000c6        0x2 ./Core/Src/Zmienna_Motor.o
                0x00000000200000c6                PWM_W_TIM
 .bss.RMS_volt  0x00000000200000c8        0x2 ./Core/Src/Zmienna_Motor.o
                0x00000000200000c8                RMS_volt
 .bss.SINUS_U   0x00000000200000ca        0x2 ./Core/Src/Zmienna_Motor.o
                0x00000000200000ca                SINUS_U
 .bss.SINUS_V   0x00000000200000cc        0x2 ./Core/Src/Zmienna_Motor.o
                0x00000000200000cc                SINUS_V
 .bss.SINUS_W   0x00000000200000ce        0x2 ./Core/Src/Zmienna_Motor.o
                0x00000000200000ce                SINUS_W
 .bss.U_SVPWM   0x00000000200000d0        0x2 ./Core/Src/Zmienna_Motor.o
                0x00000000200000d0                U_SVPWM
 .bss.V_SVPWM   0x00000000200000d2        0x2 ./Core/Src/Zmienna_Motor.o
                0x00000000200000d2                V_SVPWM
 .bss.W_SVPWM   0x00000000200000d4        0x2 ./Core/Src/Zmienna_Motor.o
                0x00000000200000d4                W_SVPWM
 .bss.count     0x00000000200000d6        0x2 ./Core/Src/Zmienna_Motor.o
                0x00000000200000d6                count
 .bss.last_error.1
                0x00000000200000d8        0x4 ./Core/Src/Zmienna_Motor.o
 .bss.napiecie_U_U
                0x00000000200000dc        0x4 ./Core/Src/Zmienna_Motor.o
                0x00000000200000dc                napiecie_U_U
 .bss.napiecie_U_V
                0x00000000200000e0        0x4 ./Core/Src/Zmienna_Motor.o
                0x00000000200000e0                napiecie_U_V
 .bss.napiecie_U_W
                0x00000000200000e4        0x4 ./Core/Src/Zmienna_Motor.o
                0x00000000200000e4                napiecie_U_W
 .bss.napiecie_Ualpha
                0x00000000200000e8        0x4 ./Core/Src/Zmienna_Motor.o
                0x00000000200000e8                napiecie_Ualpha
 .bss.napiecie_Ubeta
                0x00000000200000ec        0x4 ./Core/Src/Zmienna_Motor.o
                0x00000000200000ec                napiecie_Ubeta
 .bss.obroty_pom
                0x00000000200000f0        0x2 ./Core/Src/Zmienna_Motor.o
                0x00000000200000f0                obroty_pom
 .bss.pozycja_walu
                0x00000000200000f2        0x2 ./Core/Src/Zmienna_Motor.o
                0x00000000200000f2                pozycja_walu
 .bss.pozycja_walu_deg
                0x00000000200000f4        0x2 ./Core/Src/Zmienna_Motor.o
                0x00000000200000f4                pozycja_walu_deg
 *fill*         0x00000000200000f6        0x2 
 .bss.pozycja_zad
                0x00000000200000f8        0x4 ./Core/Src/Zmienna_Motor.o
                0x00000000200000f8                pozycja_zad
 .bss.prad_d    0x00000000200000fc        0x2 ./Core/Src/Zmienna_Motor.o
                0x00000000200000fc                prad_d
 *fill*         0x00000000200000fe        0x2 
 .bss.prad_d_zad
                0x0000000020000100        0x4 ./Core/Src/Zmienna_Motor.o
                0x0000000020000100                prad_d_zad
 .bss.prad_q    0x0000000020000104        0x2 ./Core/Src/Zmienna_Motor.o
                0x0000000020000104                prad_q
 *fill*         0x0000000020000106        0x2 
 .bss.prad_q_zad
                0x0000000020000108        0x4 ./Core/Src/Zmienna_Motor.o
                0x0000000020000108                prad_q_zad
 .bss.rpm_speed
                0x000000002000010c        0x2 ./Core/Src/Zmienna_Motor.o
                0x000000002000010c                rpm_speed
 .bss.ADC_CAL   0x000000002000010e        0x8 ./Core/Src/main.o
                0x000000002000010e                ADC_CAL
 .bss.CAL_status
                0x0000000020000116        0x1 ./Core/Src/main.o
                0x0000000020000116                CAL_status
 *fill*         0x0000000020000117        0x1 
 .bss.PRAD_POM  0x0000000020000118        0x8 ./Core/Src/main.o
                0x0000000020000118                PRAD_POM
 .bss.REG_ANGLECOM
                0x0000000020000120        0x2 ./Core/Src/main.o
                0x0000000020000120                REG_ANGLECOM
 .bss.REG_ANGLEUNC
                0x0000000020000122        0x2 ./Core/Src/main.o
                0x0000000020000122                REG_ANGLEUNC
 .bss.REG_DIAAGC
                0x0000000020000124        0x2 ./Core/Src/main.o
                0x0000000020000124                REG_DIAAGC
 .bss.SPI_bufor_rx
                0x0000000020000126        0x8 ./Core/Src/main.o
                0x0000000020000126                SPI_bufor_rx
 *fill*         0x000000002000012e        0x2 
 .bss.a         0x0000000020000130        0x4 ./Core/Src/main.o
                0x0000000020000130                a
 .bss.calka_pozycja
                0x0000000020000134        0x4 ./Core/Src/main.o
                0x0000000020000134                calka_pozycja
 .bss.cosinus_pozycja_wal
                0x0000000020000138      0xbb8 ./Core/Src/main.o
 .bss.czas_100ms
                0x0000000020000cf0        0x2 ./Core/Src/main.o
                0x0000000020000cf0                czas_100ms
 .bss.czas_10ms
                0x0000000020000cf2        0x2 ./Core/Src/main.o
                0x0000000020000cf2                czas_10ms
 .bss.f         0x0000000020000cf4        0x2 ./Core/Src/main.o
                0x0000000020000cf4                f
 *fill*         0x0000000020000cf6        0x2 
 .bss.hadc1     0x0000000020000cf8       0x6c ./Core/Src/main.o
                0x0000000020000cf8                hadc1
 .bss.hadc2     0x0000000020000d64       0x6c ./Core/Src/main.o
                0x0000000020000d64                hadc2
 .bss.hcordic   0x0000000020000dd0       0x28 ./Core/Src/main.o
                0x0000000020000dd0                hcordic
 .bss.hdac1     0x0000000020000df8       0x14 ./Core/Src/main.o
                0x0000000020000df8                hdac1
 .bss.hfdcan1   0x0000000020000e0c       0x64 ./Core/Src/main.o
                0x0000000020000e0c                hfdcan1
 .bss.hspi3     0x0000000020000e70       0x64 ./Core/Src/main.o
                0x0000000020000e70                hspi3
 .bss.htim1     0x0000000020000ed4       0x4c ./Core/Src/main.o
                0x0000000020000ed4                htim1
 .bss.htim17    0x0000000020000f20       0x4c ./Core/Src/main.o
                0x0000000020000f20                htim17
 .bss.htim2     0x0000000020000f6c       0x4c ./Core/Src/main.o
                0x0000000020000f6c                htim2
 .bss.htim6     0x0000000020000fb8       0x4c ./Core/Src/main.o
                0x0000000020000fb8                htim6
 .bss.huart1    0x0000000020001004       0x90 ./Core/Src/main.o
                0x0000000020001004                huart1
 .bss.kierunek  0x0000000020001094        0x2 ./Core/Src/main.o
                0x0000000020001094                kierunek
 .bss.kierunek2
                0x0000000020001096        0x2 ./Core/Src/main.o
                0x0000000020001096                kierunek2
 .bss.pozycja_poprz
                0x0000000020001098        0x2 ./Core/Src/main.o
                0x0000000020001098                pozycja_poprz
 .bss.pozycja_x
                0x000000002000109a        0x2 ./Core/Src/main.o
                0x000000002000109a                pozycja_x
 .bss.prad      0x000000002000109c        0x8 ./Core/Src/main.o
                0x000000002000109c                prad
 .bss.prad_alpha
                0x00000000200010a4        0x2 ./Core/Src/main.o
                0x00000000200010a4                prad_alpha
 .bss.prad_beta
                0x00000000200010a6        0x2 ./Core/Src/main.o
                0x00000000200010a6                prad_beta
 .bss.sinus_pozycja_wal
                0x00000000200010a8      0xbb8 ./Core/Src/main.o
 .bss.wal_offset
                0x0000000020001c60        0x2 ./Core/Src/main.o
                0x0000000020001c60                wal_offset
 *fill*         0x0000000020001c62        0x2 
 .bss.HAL_RCC_ADC12_CLK_ENABLED
                0x0000000020001c64        0x4 ./Core/Src/stm32g4xx_hal_msp.o
 .bss.Pos_reg   0x0000000020001c68        0x2 ./Core/Src/stm32g4xx_it.o
                0x0000000020001c68                Pos_reg
 .bss.count_10ms.5
                0x0000000020001c6a        0x2 ./Core/Src/stm32g4xx_it.o
 .bss.delta_poz
                0x0000000020001c6c        0x2 ./Core/Src/stm32g4xx_it.o
                0x0000000020001c6c                delta_poz
 .bss.licznik_100ms.0
                0x0000000020001c6e        0x2 ./Core/Src/stm32g4xx_it.o
 .bss.licznik_10ms.1
                0x0000000020001c70        0x2 ./Core/Src/stm32g4xx_it.o
 .bss.poz_pop.3
                0x0000000020001c72        0x2 ./Core/Src/stm32g4xx_it.o
 .bss.poz_x.4   0x0000000020001c74        0x2 ./Core/Src/stm32g4xx_it.o
 .bss.start_speed.6
                0x0000000020001c76        0x2 ./Core/Src/stm32g4xx_it.o
 .bss.uwTick    0x0000000020001c78        0x4 ./Drivers/STM32G4xx_HAL_Driver/Src/stm32g4xx_hal.o
                0x0000000020001c78                uwTick
 *(COMMON)
                0x0000000020001c7c                . = ALIGN (0x4)
                0x0000000020001c7c                _ebss = .
                0x0000000020001c7c                __bss_end__ = _ebss

._user_heap_stack
                0x0000000020001c7c      0x604 load address 0x0000000008007f38
                0x0000000020001c80                . = ALIGN (0x8)
 *fill*         0x0000000020001c7c        0x4 
                [!provide]                        PROVIDE (end = .)
                0x0000000020001c80                PROVIDE (_end = .)
                0x0000000020001e80                . = (. + _Min_Heap_Size)
 *fill*         0x0000000020001c80      0x200 
                0x0000000020002280                . = (. + _Min_Stack_Size)
 *fill*         0x0000000020001e80      0x400 
                0x0000000020002280                . = ALIGN (0x8)

/DISCARD/
 libc.a(*)
 libm.a(*)
 libgcc.a(*)

.ARM.attributes
                0x0000000000000000       0x30
 *(.ARM.attributes)
 .ARM.attributes
                0x0000000000000000       0x1e d:/stm32cubeide_1.8.0/stm32cubeide/plugins/com.st.stm32cube.ide.mcu.externaltools.gnu-tools-for-stm32.10.3-2021.10.win32_1.0.0.202111181127/tools/bin/../lib/gcc/arm-none-eabi/10.3.1/thumb/v7e-m+fp/hard/crti.o
 .ARM.attributes
                0x000000000000001e       0x34 d:/stm32cubeide_1.8.0/stm32cubeide/plugins/com.st.stm32cube.ide.mcu.externaltools.gnu-tools-for-stm32.10.3-2021.10.win32_1.0.0.202111181127/tools/bin/../lib/gcc/arm-none-eabi/10.3.1/thumb/v7e-m+fp/hard/crtbegin.o
 .ARM.attributes
                0x0000000000000052       0x34 ./Core/Src/Zmienna_Motor.o
 .ARM.attributes
                0x0000000000000086       0x34 ./Core/Src/main.o
 .ARM.attributes
                0x00000000000000ba       0x34 ./Core/Src/stm32g4xx_hal_msp.o
 .ARM.attributes
                0x00000000000000ee       0x34 ./Core/Src/stm32g4xx_it.o
 .ARM.attributes
                0x0000000000000122       0x34 ./Core/Src/system_stm32g4xx.o
 .ARM.attributes
                0x0000000000000156       0x21 ./Core/Startup/startup_stm32g431rbtx.o
 .ARM.attributes
                0x0000000000000177       0x34 ./Drivers/STM32G4xx_HAL_Driver/Src/stm32g4xx_hal.o
 .ARM.attributes
                0x00000000000001ab       0x34 ./Drivers/STM32G4xx_HAL_Driver/Src/stm32g4xx_hal_adc.o
 .ARM.attributes
                0x00000000000001df       0x34 ./Drivers/STM32G4xx_HAL_Driver/Src/stm32g4xx_hal_adc_ex.o
 .ARM.attributes
                0x0000000000000213       0x34 ./Drivers/STM32G4xx_HAL_Driver/Src/stm32g4xx_hal_cordic.o
 .ARM.attributes
                0x0000000000000247       0x34 ./Drivers/STM32G4xx_HAL_Driver/Src/stm32g4xx_hal_cortex.o
 .ARM.attributes
                0x000000000000027b       0x34 ./Drivers/STM32G4xx_HAL_Driver/Src/stm32g4xx_hal_dac.o
 .ARM.attributes
                0x00000000000002af       0x34 ./Drivers/STM32G4xx_HAL_Driver/Src/stm32g4xx_hal_dac_ex.o
 .ARM.attributes
                0x00000000000002e3       0x34 ./Drivers/STM32G4xx_HAL_Driver/Src/stm32g4xx_hal_dma.o
 .ARM.attributes
                0x0000000000000317       0x34 ./Drivers/STM32G4xx_HAL_Driver/Src/stm32g4xx_hal_fdcan.o
 .ARM.attributes
                0x000000000000034b       0x34 ./Drivers/STM32G4xx_HAL_Driver/Src/stm32g4xx_hal_gpio.o
 .ARM.attributes
                0x000000000000037f       0x34 ./Drivers/STM32G4xx_HAL_Driver/Src/stm32g4xx_hal_pwr_ex.o
 .ARM.attributes
                0x00000000000003b3       0x34 ./Drivers/STM32G4xx_HAL_Driver/Src/stm32g4xx_hal_rcc.o
 .ARM.attributes
                0x00000000000003e7       0x34 ./Drivers/STM32G4xx_HAL_Driver/Src/stm32g4xx_hal_rcc_ex.o
 .ARM.attributes
                0x000000000000041b       0x34 ./Drivers/STM32G4xx_HAL_Driver/Src/stm32g4xx_hal_spi.o
 .ARM.attributes
                0x000000000000044f       0x34 ./Drivers/STM32G4xx_HAL_Driver/Src/stm32g4xx_hal_tim.o
 .ARM.attributes
                0x0000000000000483       0x34 ./Drivers/STM32G4xx_HAL_Driver/Src/stm32g4xx_hal_tim_ex.o
 .ARM.attributes
                0x00000000000004b7       0x34 ./Drivers/STM32G4xx_HAL_Driver/Src/stm32g4xx_hal_uart.o
 .ARM.attributes
                0x00000000000004eb       0x34 ./Drivers/STM32G4xx_HAL_Driver/Src/stm32g4xx_hal_uart_ex.o
 .ARM.attributes
                0x000000000000051f       0x34 d:/stm32cubeide_1.8.0/stm32cubeide/plugins/com.st.stm32cube.ide.mcu.externaltools.gnu-tools-for-stm32.10.3-2021.10.win32_1.0.0.202111181127/tools/bin/../lib/gcc/arm-none-eabi/10.3.1/../../../../arm-none-eabi/lib/thumb/v7e-m+fp/hard\libc_nano.a(lib_a-init.o)
 .ARM.attributes
                0x0000000000000553       0x34 d:/stm32cubeide_1.8.0/stm32cubeide/plugins/com.st.stm32cube.ide.mcu.externaltools.gnu-tools-for-stm32.10.3-2021.10.win32_1.0.0.202111181127/tools/bin/../lib/gcc/arm-none-eabi/10.3.1/../../../../arm-none-eabi/lib/thumb/v7e-m+fp/hard\libc_nano.a(lib_a-memset.o)
 .ARM.attributes
                0x0000000000000587       0x34 d:/stm32cubeide_1.8.0/stm32cubeide/plugins/com.st.stm32cube.ide.mcu.externaltools.gnu-tools-for-stm32.10.3-2021.10.win32_1.0.0.202111181127/tools/bin/../lib/gcc/arm-none-eabi/10.3.1/../../../../arm-none-eabi/lib/thumb/v7e-m+fp/hard\libm.a(lib_a-s_cos.o)
 .ARM.attributes
                0x00000000000005bb       0x34 d:/stm32cubeide_1.8.0/stm32cubeide/plugins/com.st.stm32cube.ide.mcu.externaltools.gnu-tools-for-stm32.10.3-2021.10.win32_1.0.0.202111181127/tools/bin/../lib/gcc/arm-none-eabi/10.3.1/../../../../arm-none-eabi/lib/thumb/v7e-m+fp/hard\libm.a(lib_a-s_sin.o)
 .ARM.attributes
                0x00000000000005ef       0x34 d:/stm32cubeide_1.8.0/stm32cubeide/plugins/com.st.stm32cube.ide.mcu.externaltools.gnu-tools-for-stm32.10.3-2021.10.win32_1.0.0.202111181127/tools/bin/../lib/gcc/arm-none-eabi/10.3.1/../../../../arm-none-eabi/lib/thumb/v7e-m+fp/hard\libm.a(lib_a-e_rem_pio2.o)
 .ARM.attributes
                0x0000000000000623       0x34 d:/stm32cubeide_1.8.0/stm32cubeide/plugins/com.st.stm32cube.ide.mcu.externaltools.gnu-tools-for-stm32.10.3-2021.10.win32_1.0.0.202111181127/tools/bin/../lib/gcc/arm-none-eabi/10.3.1/../../../../arm-none-eabi/lib/thumb/v7e-m+fp/hard\libm.a(lib_a-k_cos.o)
 .ARM.attributes
                0x0000000000000657       0x34 d:/stm32cubeide_1.8.0/stm32cubeide/plugins/com.st.stm32cube.ide.mcu.externaltools.gnu-tools-for-stm32.10.3-2021.10.win32_1.0.0.202111181127/tools/bin/../lib/gcc/arm-none-eabi/10.3.1/../../../../arm-none-eabi/lib/thumb/v7e-m+fp/hard\libm.a(lib_a-k_rem_pio2.o)
 .ARM.attributes
                0x000000000000068b       0x34 d:/stm32cubeide_1.8.0/stm32cubeide/plugins/com.st.stm32cube.ide.mcu.externaltools.gnu-tools-for-stm32.10.3-2021.10.win32_1.0.0.202111181127/tools/bin/../lib/gcc/arm-none-eabi/10.3.1/../../../../arm-none-eabi/lib/thumb/v7e-m+fp/hard\libm.a(lib_a-k_sin.o)
 .ARM.attributes
                0x00000000000006bf       0x34 d:/stm32cubeide_1.8.0/stm32cubeide/plugins/com.st.stm32cube.ide.mcu.externaltools.gnu-tools-for-stm32.10.3-2021.10.win32_1.0.0.202111181127/tools/bin/../lib/gcc/arm-none-eabi/10.3.1/../../../../arm-none-eabi/lib/thumb/v7e-m+fp/hard\libm.a(lib_a-s_fabs.o)
 .ARM.attributes
                0x00000000000006f3       0x34 d:/stm32cubeide_1.8.0/stm32cubeide/plugins/com.st.stm32cube.ide.mcu.externaltools.gnu-tools-for-stm32.10.3-2021.10.win32_1.0.0.202111181127/tools/bin/../lib/gcc/arm-none-eabi/10.3.1/../../../../arm-none-eabi/lib/thumb/v7e-m+fp/hard\libm.a(lib_a-s_floor.o)
 .ARM.attributes
                0x0000000000000727       0x34 d:/stm32cubeide_1.8.0/stm32cubeide/plugins/com.st.stm32cube.ide.mcu.externaltools.gnu-tools-for-stm32.10.3-2021.10.win32_1.0.0.202111181127/tools/bin/../lib/gcc/arm-none-eabi/10.3.1/../../../../arm-none-eabi/lib/thumb/v7e-m+fp/hard\libm.a(lib_a-s_scalbn.o)
 .ARM.attributes
                0x000000000000075b       0x1e d:/stm32cubeide_1.8.0/stm32cubeide/plugins/com.st.stm32cube.ide.mcu.externaltools.gnu-tools-for-stm32.10.3-2021.10.win32_1.0.0.202111181127/tools/bin/../lib/gcc/arm-none-eabi/10.3.1/thumb/v7e-m+fp/hard\libgcc.a(_arm_addsubdf3.o)
 .ARM.attributes
                0x0000000000000779       0x1e d:/stm32cubeide_1.8.0/stm32cubeide/plugins/com.st.stm32cube.ide.mcu.externaltools.gnu-tools-for-stm32.10.3-2021.10.win32_1.0.0.202111181127/tools/bin/../lib/gcc/arm-none-eabi/10.3.1/thumb/v7e-m+fp/hard\libgcc.a(_arm_muldivdf3.o)
 .ARM.attributes
                0x0000000000000797       0x1e d:/stm32cubeide_1.8.0/stm32cubeide/plugins/com.st.stm32cube.ide.mcu.externaltools.gnu-tools-for-stm32.10.3-2021.10.win32_1.0.0.202111181127/tools/bin/../lib/gcc/arm-none-eabi/10.3.1/thumb/v7e-m+fp/hard\libgcc.a(_arm_cmpdf2.o)
 .ARM.attributes
                0x00000000000007b5       0x1e d:/stm32cubeide_1.8.0/stm32cubeide/plugins/com.st.stm32cube.ide.mcu.externaltools.gnu-tools-for-stm32.10.3-2021.10.win32_1.0.0.202111181127/tools/bin/../lib/gcc/arm-none-eabi/10.3.1/thumb/v7e-m+fp/hard\libgcc.a(_arm_fixdfsi.o)
 .ARM.attributes
                0x00000000000007d3       0x1e d:/stm32cubeide_1.8.0/stm32cubeide/plugins/com.st.stm32cube.ide.mcu.externaltools.gnu-tools-for-stm32.10.3-2021.10.win32_1.0.0.202111181127/tools/bin/../lib/gcc/arm-none-eabi/10.3.1/thumb/v7e-m+fp/hard\libgcc.a(_arm_fixunsdfsi.o)
 .ARM.attributes
                0x00000000000007f1       0x1e d:/stm32cubeide_1.8.0/stm32cubeide/plugins/com.st.stm32cube.ide.mcu.externaltools.gnu-tools-for-stm32.10.3-2021.10.win32_1.0.0.202111181127/tools/bin/../lib/gcc/arm-none-eabi/10.3.1/thumb/v7e-m+fp/hard\libgcc.a(_arm_truncdfsf2.o)
 .ARM.attributes
                0x000000000000080f       0x1e d:/stm32cubeide_1.8.0/stm32cubeide/plugins/com.st.stm32cube.ide.mcu.externaltools.gnu-tools-for-stm32.10.3-2021.10.win32_1.0.0.202111181127/tools/bin/../lib/gcc/arm-none-eabi/10.3.1/thumb/v7e-m+fp/hard\libgcc.a(_aeabi_uldivmod.o)
 .ARM.attributes
                0x000000000000082d       0x34 d:/stm32cubeide_1.8.0/stm32cubeide/plugins/com.st.stm32cube.ide.mcu.externaltools.gnu-tools-for-stm32.10.3-2021.10.win32_1.0.0.202111181127/tools/bin/../lib/gcc/arm-none-eabi/10.3.1/thumb/v7e-m+fp/hard\libgcc.a(_udivmoddi4.o)
 .ARM.attributes
                0x0000000000000861       0x1e d:/stm32cubeide_1.8.0/stm32cubeide/plugins/com.st.stm32cube.ide.mcu.externaltools.gnu-tools-for-stm32.10.3-2021.10.win32_1.0.0.202111181127/tools/bin/../lib/gcc/arm-none-eabi/10.3.1/thumb/v7e-m+fp/hard\libgcc.a(_dvmd_tls.o)
 .ARM.attributes
                0x000000000000087f       0x1e d:/stm32cubeide_1.8.0/stm32cubeide/plugins/com.st.stm32cube.ide.mcu.externaltools.gnu-tools-for-stm32.10.3-2021.10.win32_1.0.0.202111181127/tools/bin/../lib/gcc/arm-none-eabi/10.3.1/thumb/v7e-m+fp/hard/crtn.o
OUTPUT(Doktorat_G431_0707.elf elf32-littlearm)
LOAD linker stubs
LOAD d:/stm32cubeide_1.8.0/stm32cubeide/plugins/com.st.stm32cube.ide.mcu.externaltools.gnu-tools-for-stm32.10.3-2021.10.win32_1.0.0.202111181127/tools/bin/../lib/gcc/arm-none-eabi/10.3.1/../../../../arm-none-eabi/lib/thumb/v7e-m+fp/hard\libc.a
LOAD d:/stm32cubeide_1.8.0/stm32cubeide/plugins/com.st.stm32cube.ide.mcu.externaltools.gnu-tools-for-stm32.10.3-2021.10.win32_1.0.0.202111181127/tools/bin/../lib/gcc/arm-none-eabi/10.3.1/../../../../arm-none-eabi/lib/thumb/v7e-m+fp/hard\libm.a
LOAD d:/stm32cubeide_1.8.0/stm32cubeide/plugins/com.st.stm32cube.ide.mcu.externaltools.gnu-tools-for-stm32.10.3-2021.10.win32_1.0.0.202111181127/tools/bin/../lib/gcc/arm-none-eabi/10.3.1/thumb/v7e-m+fp/hard\libgcc.a

.comment        0x0000000000000000       0x50
 .comment       0x0000000000000000       0x50 ./Core/Src/Zmienna_Motor.o
                                         0x51 (size before relaxing)
 .comment       0x0000000000000050       0x51 ./Core/Src/main.o
 .comment       0x0000000000000050       0x51 ./Core/Src/stm32g4xx_hal_msp.o
 .comment       0x0000000000000050       0x51 ./Core/Src/stm32g4xx_it.o
 .comment       0x0000000000000050       0x51 ./Core/Src/system_stm32g4xx.o
 .comment       0x0000000000000050       0x51 ./Drivers/STM32G4xx_HAL_Driver/Src/stm32g4xx_hal.o
 .comment       0x0000000000000050       0x51 ./Drivers/STM32G4xx_HAL_Driver/Src/stm32g4xx_hal_adc.o
 .comment       0x0000000000000050       0x51 ./Drivers/STM32G4xx_HAL_Driver/Src/stm32g4xx_hal_adc_ex.o
 .comment       0x0000000000000050       0x51 ./Drivers/STM32G4xx_HAL_Driver/Src/stm32g4xx_hal_cordic.o
 .comment       0x0000000000000050       0x51 ./Drivers/STM32G4xx_HAL_Driver/Src/stm32g4xx_hal_cortex.o
 .comment       0x0000000000000050       0x51 ./Drivers/STM32G4xx_HAL_Driver/Src/stm32g4xx_hal_dac.o
 .comment       0x0000000000000050       0x51 ./Drivers/STM32G4xx_HAL_Driver/Src/stm32g4xx_hal_dac_ex.o
 .comment       0x0000000000000050       0x51 ./Drivers/STM32G4xx_HAL_Driver/Src/stm32g4xx_hal_dma.o
 .comment       0x0000000000000050       0x51 ./Drivers/STM32G4xx_HAL_Driver/Src/stm32g4xx_hal_fdcan.o
 .comment       0x0000000000000050       0x51 ./Drivers/STM32G4xx_HAL_Driver/Src/stm32g4xx_hal_gpio.o
 .comment       0x0000000000000050       0x51 ./Drivers/STM32G4xx_HAL_Driver/Src/stm32g4xx_hal_pwr_ex.o
 .comment       0x0000000000000050       0x51 ./Drivers/STM32G4xx_HAL_Driver/Src/stm32g4xx_hal_rcc.o
 .comment       0x0000000000000050       0x51 ./Drivers/STM32G4xx_HAL_Driver/Src/stm32g4xx_hal_rcc_ex.o
 .comment       0x0000000000000050       0x51 ./Drivers/STM32G4xx_HAL_Driver/Src/stm32g4xx_hal_spi.o
 .comment       0x0000000000000050       0x51 ./Drivers/STM32G4xx_HAL_Driver/Src/stm32g4xx_hal_tim.o
 .comment       0x0000000000000050       0x51 ./Drivers/STM32G4xx_HAL_Driver/Src/stm32g4xx_hal_tim_ex.o
 .comment       0x0000000000000050       0x51 ./Drivers/STM32G4xx_HAL_Driver/Src/stm32g4xx_hal_uart.o
 .comment       0x0000000000000050       0x51 ./Drivers/STM32G4xx_HAL_Driver/Src/stm32g4xx_hal_uart_ex.o

.debug_frame    0x0000000000000000      0x500
 .debug_frame   0x0000000000000000       0x2c d:/stm32cubeide_1.8.0/stm32cubeide/plugins/com.st.stm32cube.ide.mcu.externaltools.gnu-tools-for-stm32.10.3-2021.10.win32_1.0.0.202111181127/tools/bin/../lib/gcc/arm-none-eabi/10.3.1/../../../../arm-none-eabi/lib/thumb/v7e-m+fp/hard\libc_nano.a(lib_a-init.o)
 .debug_frame   0x000000000000002c       0x20 d:/stm32cubeide_1.8.0/stm32cubeide/plugins/com.st.stm32cube.ide.mcu.externaltools.gnu-tools-for-stm32.10.3-2021.10.win32_1.0.0.202111181127/tools/bin/../lib/gcc/arm-none-eabi/10.3.1/../../../../arm-none-eabi/lib/thumb/v7e-m+fp/hard\libc_nano.a(lib_a-memset.o)
 .debug_frame   0x000000000000004c       0x38 d:/stm32cubeide_1.8.0/stm32cubeide/plugins/com.st.stm32cube.ide.mcu.externaltools.gnu-tools-for-stm32.10.3-2021.10.win32_1.0.0.202111181127/tools/bin/../lib/gcc/arm-none-eabi/10.3.1/../../../../arm-none-eabi/lib/thumb/v7e-m+fp/hard\libm.a(lib_a-s_cos.o)
 .debug_frame   0x0000000000000084       0x38 d:/stm32cubeide_1.8.0/stm32cubeide/plugins/com.st.stm32cube.ide.mcu.externaltools.gnu-tools-for-stm32.10.3-2021.10.win32_1.0.0.202111181127/tools/bin/../lib/gcc/arm-none-eabi/10.3.1/../../../../arm-none-eabi/lib/thumb/v7e-m+fp/hard\libm.a(lib_a-s_sin.o)
 .debug_frame   0x00000000000000bc       0x50 d:/stm32cubeide_1.8.0/stm32cubeide/plugins/com.st.stm32cube.ide.mcu.externaltools.gnu-tools-for-stm32.10.3-2021.10.win32_1.0.0.202111181127/tools/bin/../lib/gcc/arm-none-eabi/10.3.1/../../../../arm-none-eabi/lib/thumb/v7e-m+fp/hard\libm.a(lib_a-e_rem_pio2.o)
 .debug_frame   0x000000000000010c       0x3c d:/stm32cubeide_1.8.0/stm32cubeide/plugins/com.st.stm32cube.ide.mcu.externaltools.gnu-tools-for-stm32.10.3-2021.10.win32_1.0.0.202111181127/tools/bin/../lib/gcc/arm-none-eabi/10.3.1/../../../../arm-none-eabi/lib/thumb/v7e-m+fp/hard\libm.a(lib_a-k_cos.o)
 .debug_frame   0x0000000000000148       0x54 d:/stm32cubeide_1.8.0/stm32cubeide/plugins/com.st.stm32cube.ide.mcu.externaltools.gnu-tools-for-stm32.10.3-2021.10.win32_1.0.0.202111181127/tools/bin/../lib/gcc/arm-none-eabi/10.3.1/../../../../arm-none-eabi/lib/thumb/v7e-m+fp/hard\libm.a(lib_a-k_rem_pio2.o)
 .debug_frame   0x000000000000019c       0x5c d:/stm32cubeide_1.8.0/stm32cubeide/plugins/com.st.stm32cube.ide.mcu.externaltools.gnu-tools-for-stm32.10.3-2021.10.win32_1.0.0.202111181127/tools/bin/../lib/gcc/arm-none-eabi/10.3.1/../../../../arm-none-eabi/lib/thumb/v7e-m+fp/hard\libm.a(lib_a-k_sin.o)
 .debug_frame   0x00000000000001f8       0x20 d:/stm32cubeide_1.8.0/stm32cubeide/plugins/com.st.stm32cube.ide.mcu.externaltools.gnu-tools-for-stm32.10.3-2021.10.win32_1.0.0.202111181127/tools/bin/../lib/gcc/arm-none-eabi/10.3.1/../../../../arm-none-eabi/lib/thumb/v7e-m+fp/hard\libm.a(lib_a-s_fabs.o)
 .debug_frame   0x0000000000000218       0x30 d:/stm32cubeide_1.8.0/stm32cubeide/plugins/com.st.stm32cube.ide.mcu.externaltools.gnu-tools-for-stm32.10.3-2021.10.win32_1.0.0.202111181127/tools/bin/../lib/gcc/arm-none-eabi/10.3.1/../../../../arm-none-eabi/lib/thumb/v7e-m+fp/hard\libm.a(lib_a-s_floor.o)
 .debug_frame   0x0000000000000248       0x2c d:/stm32cubeide_1.8.0/stm32cubeide/plugins/com.st.stm32cube.ide.mcu.externaltools.gnu-tools-for-stm32.10.3-2021.10.win32_1.0.0.202111181127/tools/bin/../lib/gcc/arm-none-eabi/10.3.1/../../../../arm-none-eabi/lib/thumb/v7e-m+fp/hard\libm.a(lib_a-s_scalbn.o)
 .debug_frame   0x0000000000000274       0xac d:/stm32cubeide_1.8.0/stm32cubeide/plugins/com.st.stm32cube.ide.mcu.externaltools.gnu-tools-for-stm32.10.3-2021.10.win32_1.0.0.202111181127/tools/bin/../lib/gcc/arm-none-eabi/10.3.1/thumb/v7e-m+fp/hard\libgcc.a(_arm_addsubdf3.o)
 .debug_frame   0x0000000000000320       0x50 d:/stm32cubeide_1.8.0/stm32cubeide/plugins/com.st.stm32cube.ide.mcu.externaltools.gnu-tools-for-stm32.10.3-2021.10.win32_1.0.0.202111181127/tools/bin/../lib/gcc/arm-none-eabi/10.3.1/thumb/v7e-m+fp/hard\libgcc.a(_arm_muldivdf3.o)
 .debug_frame   0x0000000000000370       0xc4 d:/stm32cubeide_1.8.0/stm32cubeide/plugins/com.st.stm32cube.ide.mcu.externaltools.gnu-tools-for-stm32.10.3-2021.10.win32_1.0.0.202111181127/tools/bin/../lib/gcc/arm-none-eabi/10.3.1/thumb/v7e-m+fp/hard\libgcc.a(_arm_cmpdf2.o)
 .debug_frame   0x0000000000000434       0x24 d:/stm32cubeide_1.8.0/stm32cubeide/plugins/com.st.stm32cube.ide.mcu.externaltools.gnu-tools-for-stm32.10.3-2021.10.win32_1.0.0.202111181127/tools/bin/../lib/gcc/arm-none-eabi/10.3.1/thumb/v7e-m+fp/hard\libgcc.a(_arm_fixdfsi.o)
 .debug_frame   0x0000000000000458       0x24 d:/stm32cubeide_1.8.0/stm32cubeide/plugins/com.st.stm32cube.ide.mcu.externaltools.gnu-tools-for-stm32.10.3-2021.10.win32_1.0.0.202111181127/tools/bin/../lib/gcc/arm-none-eabi/10.3.1/thumb/v7e-m+fp/hard\libgcc.a(_arm_fixunsdfsi.o)
 .debug_frame   0x000000000000047c       0x24 d:/stm32cubeide_1.8.0/stm32cubeide/plugins/com.st.stm32cube.ide.mcu.externaltools.gnu-tools-for-stm32.10.3-2021.10.win32_1.0.0.202111181127/tools/bin/../lib/gcc/arm-none-eabi/10.3.1/thumb/v7e-m+fp/hard\libgcc.a(_arm_truncdfsf2.o)
 .debug_frame   0x00000000000004a0       0x2c d:/stm32cubeide_1.8.0/stm32cubeide/plugins/com.st.stm32cube.ide.mcu.externaltools.gnu-tools-for-stm32.10.3-2021.10.win32_1.0.0.202111181127/tools/bin/../lib/gcc/arm-none-eabi/10.3.1/thumb/v7e-m+fp/hard\libgcc.a(_aeabi_uldivmod.o)
 .debug_frame   0x00000000000004cc       0x34 d:/stm32cubeide_1.8.0/stm32cubeide/plugins/com.st.stm32cube.ide.mcu.externaltools.gnu-tools-for-stm32.10.3-2021.10.win32_1.0.0.202111181127/tools/bin/../lib/gcc/arm-none-eabi/10.3.1/thumb/v7e-m+fp/hard\libgcc.a(_udivmoddi4.o)
